Archive member included to satisfy reference by file (symbol)

c:/st/stm32cubeide_1.12.1/stm32cubeide/plugins/com.st.stm32cube.ide.mcu.externaltools.gnu-tools-for-stm32.10.3-2021.10.win32_1.0.200.202301161003/tools/bin/../lib/gcc/arm-none-eabi/10.3.1/../../../../arm-none-eabi/lib/thumb/v7e-m+fp/hard\libc_nano.a(lib_a-errno.o)
                              ./Core/Src/syscalls.o (__errno)
c:/st/stm32cubeide_1.12.1/stm32cubeide/plugins/com.st.stm32cube.ide.mcu.externaltools.gnu-tools-for-stm32.10.3-2021.10.win32_1.0.200.202301161003/tools/bin/../lib/gcc/arm-none-eabi/10.3.1/../../../../arm-none-eabi/lib/thumb/v7e-m+fp/hard\libc_nano.a(lib_a-exit.o)
                              c:/st/stm32cubeide_1.12.1/stm32cubeide/plugins/com.st.stm32cube.ide.mcu.externaltools.gnu-tools-for-stm32.10.3-2021.10.win32_1.0.200.202301161003/tools/bin/../lib/gcc/arm-none-eabi/10.3.1/../../../../arm-none-eabi/lib/thumb/v7e-m+fp/hard/crt0.o (exit)
c:/st/stm32cubeide_1.12.1/stm32cubeide/plugins/com.st.stm32cube.ide.mcu.externaltools.gnu-tools-for-stm32.10.3-2021.10.win32_1.0.200.202301161003/tools/bin/../lib/gcc/arm-none-eabi/10.3.1/../../../../arm-none-eabi/lib/thumb/v7e-m+fp/hard\libc_nano.a(lib_a-impure.o)
                              c:/st/stm32cubeide_1.12.1/stm32cubeide/plugins/com.st.stm32cube.ide.mcu.externaltools.gnu-tools-for-stm32.10.3-2021.10.win32_1.0.200.202301161003/tools/bin/../lib/gcc/arm-none-eabi/10.3.1/../../../../arm-none-eabi/lib/thumb/v7e-m+fp/hard\libc_nano.a(lib_a-exit.o) (_global_impure_ptr)
c:/st/stm32cubeide_1.12.1/stm32cubeide/plugins/com.st.stm32cube.ide.mcu.externaltools.gnu-tools-for-stm32.10.3-2021.10.win32_1.0.200.202301161003/tools/bin/../lib/gcc/arm-none-eabi/10.3.1/../../../../arm-none-eabi/lib/thumb/v7e-m+fp/hard\libc_nano.a(lib_a-init.o)
                              c:/st/stm32cubeide_1.12.1/stm32cubeide/plugins/com.st.stm32cube.ide.mcu.externaltools.gnu-tools-for-stm32.10.3-2021.10.win32_1.0.200.202301161003/tools/bin/../lib/gcc/arm-none-eabi/10.3.1/../../../../arm-none-eabi/lib/thumb/v7e-m+fp/hard/crt0.o (__libc_init_array)
c:/st/stm32cubeide_1.12.1/stm32cubeide/plugins/com.st.stm32cube.ide.mcu.externaltools.gnu-tools-for-stm32.10.3-2021.10.win32_1.0.200.202301161003/tools/bin/../lib/gcc/arm-none-eabi/10.3.1/../../../../arm-none-eabi/lib/thumb/v7e-m+fp/hard\libc_nano.a(lib_a-memset.o)
                              c:/st/stm32cubeide_1.12.1/stm32cubeide/plugins/com.st.stm32cube.ide.mcu.externaltools.gnu-tools-for-stm32.10.3-2021.10.win32_1.0.200.202301161003/tools/bin/../lib/gcc/arm-none-eabi/10.3.1/../../../../arm-none-eabi/lib/thumb/v7e-m+fp/hard/crt0.o (memset)
c:/st/stm32cubeide_1.12.1/stm32cubeide/plugins/com.st.stm32cube.ide.mcu.externaltools.gnu-tools-for-stm32.10.3-2021.10.win32_1.0.200.202301161003/tools/bin/../lib/gcc/arm-none-eabi/10.3.1/../../../../arm-none-eabi/lib/thumb/v7e-m+fp/hard\libm.a(lib_a-w_log.o)
                              ./Core/Src/ltc6811.o (log)
c:/st/stm32cubeide_1.12.1/stm32cubeide/plugins/com.st.stm32cube.ide.mcu.externaltools.gnu-tools-for-stm32.10.3-2021.10.win32_1.0.200.202301161003/tools/bin/../lib/gcc/arm-none-eabi/10.3.1/../../../../arm-none-eabi/lib/thumb/v7e-m+fp/hard\libm.a(lib_a-e_log.o)
                              c:/st/stm32cubeide_1.12.1/stm32cubeide/plugins/com.st.stm32cube.ide.mcu.externaltools.gnu-tools-for-stm32.10.3-2021.10.win32_1.0.200.202301161003/tools/bin/../lib/gcc/arm-none-eabi/10.3.1/../../../../arm-none-eabi/lib/thumb/v7e-m+fp/hard\libm.a(lib_a-w_log.o) (__ieee754_log)
c:/st/stm32cubeide_1.12.1/stm32cubeide/plugins/com.st.stm32cube.ide.mcu.externaltools.gnu-tools-for-stm32.10.3-2021.10.win32_1.0.200.202301161003/tools/bin/../lib/gcc/arm-none-eabi/10.3.1/../../../../arm-none-eabi/lib/thumb/v7e-m+fp/hard\libm.a(lib_a-s_nan.o)
                              c:/st/stm32cubeide_1.12.1/stm32cubeide/plugins/com.st.stm32cube.ide.mcu.externaltools.gnu-tools-for-stm32.10.3-2021.10.win32_1.0.200.202301161003/tools/bin/../lib/gcc/arm-none-eabi/10.3.1/../../../../arm-none-eabi/lib/thumb/v7e-m+fp/hard\libm.a(lib_a-w_log.o) (nan)
c:/st/stm32cubeide_1.12.1/stm32cubeide/plugins/com.st.stm32cube.ide.mcu.externaltools.gnu-tools-for-stm32.10.3-2021.10.win32_1.0.200.202301161003/tools/bin/../lib/gcc/arm-none-eabi/10.3.1/thumb/v7e-m+fp/hard\libgcc.a(_arm_muldf3.o)
                              ./Core/Src/ltc6811.o (__aeabi_dmul)
c:/st/stm32cubeide_1.12.1/stm32cubeide/plugins/com.st.stm32cube.ide.mcu.externaltools.gnu-tools-for-stm32.10.3-2021.10.win32_1.0.200.202301161003/tools/bin/../lib/gcc/arm-none-eabi/10.3.1/thumb/v7e-m+fp/hard\libgcc.a(_arm_addsubdf3.o)
                              ./Core/Src/ltc6811.o (__aeabi_dsub)
c:/st/stm32cubeide_1.12.1/stm32cubeide/plugins/com.st.stm32cube.ide.mcu.externaltools.gnu-tools-for-stm32.10.3-2021.10.win32_1.0.200.202301161003/tools/bin/../lib/gcc/arm-none-eabi/10.3.1/thumb/v7e-m+fp/hard\libgcc.a(_arm_muldivdf3.o)
                              ./Core/Src/ltc6811.o (__aeabi_ddiv)
[...]
Memory Configuration

Name             Origin             Length             Attributes
RAM              0x0000000020000000 0x0000000000020000 xrw
FLASH            0x0000000008000000 0x0000000000080000 xr
*default*        0x0000000000000000 0xffffffffffffffff

Linker script and memory map

LOAD c:/st/stm32cubeide_1.12.1/stm32cubeide/plugins/com.st.stm32cube.ide.mcu.externaltools.gnu-tools-for-stm32.10.3-2021.10.win32_1.0.200.202301161003/tools/bin/../lib/gcc/arm-none-eabi/10.3.1/thumb/v7e-m+fp/hard/crti.o
LOAD c:/st/stm32cubeide_1.12.1/stm32cubeide/plugins/com.st.stm32cube.ide.mcu.externaltools.gnu-tools-for-stm32.10.3-2021.10.win32_1.0.200.202301161003/tools/bin/../lib/gcc/arm-none-eabi/10.3.1/thumb/v7e-m+fp/hard/crtbegin.o
LOAD c:/st/stm32cubeide_1.12.1/stm32cubeide/plugins/com.st.stm32cube.ide.mcu.externaltools.gnu-tools-for-stm32.10.3-2021.10.win32_1.0.200.202301161003/tools/bin/../lib/gcc/arm-none-eabi/10.3.1/../../../../arm-none-eabi/lib/thumb/v7e-m+fp/hard/crt0.o
LOAD ./Core/Src/ltc6811.o
LOAD ./Core/Src/main.o
LOAD ./Core/Src/stm32g4xx_hal_msp.o
LOAD ./Core/Src/stm32g4xx_it.o
LOAD ./Core/Src/syscalls.o
LOAD ./Core/Src/sysmem.o
LOAD ./Core/Src/system_stm32g4xx.o
LOAD ./Core/Startup/startup_stm32g474retx.o
LOAD ./Drivers/STM32G4xx_HAL_Driver/Src/stm32g4xx_hal.o
LOAD ./Drivers/STM32G4xx_HAL_Driver/Src/stm32g4xx_hal_adc.o
LOAD ./Drivers/STM32G4xx_HAL_Driver/Src/stm32g4xx_hal_adc_ex.o
LOAD ./Drivers/STM32G4xx_HAL_Driver/Src/stm32g4xx_hal_cortex.o
LOAD ./Drivers/STM32G4xx_HAL_Driver/Src/stm32g4xx_hal_dma.o
LOAD ./Drivers/STM32G4xx_HAL_Driver/Src/stm32g4xx_hal_dma_ex.o
LOAD ./Drivers/STM32G4xx_HAL_Driver/Src/stm32g4xx_hal_exti.o
LOAD ./Drivers/STM32G4xx_HAL_Driver/Src/stm32g4xx_hal_fdcan.o
LOAD ./Drivers/STM32G4xx_HAL_Driver/Src/stm32g4xx_hal_flash.o
LOAD ./Drivers/STM32G4xx_HAL_Driver/Src/stm32g4xx_hal_flash_ex.o
LOAD ./Drivers/STM32G4xx_HAL_Driver/Src/stm32g4xx_hal_flash_ramfunc.o
LOAD ./Drivers/STM32G4xx_HAL_Driver/Src/stm32g4xx_hal_gpio.o
LOAD ./Drivers/STM32G4xx_HAL_Driver/Src/stm32g4xx_hal_pwr.o
LOAD ./Drivers/STM32G4xx_HAL_Driver/Src/stm32g4xx_hal_pwr_ex.o
LOAD ./Drivers/STM32G4xx_HAL_Driver/Src/stm32g4xx_hal_rcc.o
LOAD ./Drivers/STM32G4xx_HAL_Driver/Src/stm32g4xx_hal_rcc_ex.o
LOAD ./Drivers/STM32G4xx_HAL_Driver/Src/stm32g4xx_hal_rtc.o
LOAD ./Drivers/STM32G4xx_HAL_Driver/Src/stm32g4xx_hal_rtc_ex.o
LOAD ./Drivers/STM32G4xx_HAL_Driver/Src/stm32g4xx_hal_spi.o
LOAD ./Drivers/STM32G4xx_HAL_Driver/Src/stm32g4xx_hal_spi_ex.o
LOAD ./Drivers/STM32G4xx_HAL_Driver/Src/stm32g4xx_hal_tim.o
LOAD ./Drivers/STM32G4xx_HAL_Driver/Src/stm32g4xx_hal_tim_ex.o
LOAD ./Drivers/STM32G4xx_HAL_Driver/Src/stm32g4xx_ll_adc.o
START GROUP
LOAD c:/st/stm32cubeide_1.12.1/stm32cubeide/plugins/com.st.stm32cube.ide.mcu.externaltools.gnu-tools-for-stm32.10.3-2021.10.win32_1.0.200.202301161003/tools/bin/../lib/gcc/arm-none-eabi/10.3.1/../../../../arm-none-eabi/lib/thumb/v7e-m+fp/hard\libc_nano.a
LOAD c:/st/stm32cubeide_1.12.1/stm32cubeide/plugins/com.st.stm32cube.ide.mcu.externaltools.gnu-tools-for-stm32.10.3-2021.10.win32_1.0.200.202301161003/tools/bin/../lib/gcc/arm-none-eabi/10.3.1/../../../../arm-none-eabi/lib/thumb/v7e-m+fp/hard\libm.a
END GROUP
START GROUP
LOAD c:/st/stm32cubeide_1.12.1/stm32cubeide/plugins/com.st.stm32cube.ide.mcu.externaltools.gnu-tools-for-stm32.10.3-2021.10.win32_1.0.200.202301161003/tools/bin/../lib/gcc/arm-none-eabi/10.3.1/thumb/v7e-m+fp/hard\libgcc.a
LOAD c:/st/stm32cubeide_1.12.1/stm32cubeide/plugins/com.st.stm32cube.ide.mcu.externaltools.gnu-tools-for-stm32.10.3-2021.10.win32_1.0.200.202301161003/tools/bin/../lib/gcc/arm-none-eabi/10.3.1/../../../../arm-none-eabi/lib/thumb/v7e-m+fp/hard\libc_nano.a
END GROUP
START GROUP
LOAD c:/st/stm32cubeide_1.12.1/stm32cubeide/plugins/com.st.stm32cube.ide.mcu.externaltools.gnu-tools-for-stm32.10.3-2021.10.win32_1.0.200.202301161003/tools/bin/../lib/gcc/arm-none-eabi/10.3.1/thumb/v7e-m+fp/hard\libgcc.a
LOAD c:/st/stm32cubeide_1.12.1/stm32cubeide/plugins/com.st.stm32cube.ide.mcu.externaltools.gnu-tools-for-stm32.10.3-2021.10.win32_1.0.200.202301161003/tools/bin/../lib/gcc/arm-none-eabi/10.3.1/../../../../arm-none-eabi/lib/thumb/v7e-m+fp/hard\libc_nano.a
LOAD c:/st/stm32cubeide_1.12.1/stm32cubeide/plugins/com.st.stm32cube.ide.mcu.externaltools.gnu-tools-for-stm32.10.3-2021.10.win32_1.0.200.202301161003/tools/bin/../lib/gcc/arm-none-eabi/10.3.1/../../../../arm-none-eabi/lib/thumb/v7e-m+fp/hard\libnosys.a
END GROUP
START GROUP
LOAD c:/st/stm32cubeide_1.12.1/stm32cubeide/plugins/com.st.stm32cube.ide.mcu.externaltools.gnu-tools-for-stm32.10.3-2021.10.win32_1.0.200.202301161003/tools/bin/../lib/gcc/arm-none-eabi/10.3.1/thumb/v7e-m+fp/hard\libgcc.a
LOAD c:/st/stm32cubeide_1.12.1/stm32cubeide/plugins/com.st.stm32cube.ide.mcu.externaltools.gnu-tools-for-stm32.10.3-2021.10.win32_1.0.200.202301161003/tools/bin/../lib/gcc/arm-none-eabi/10.3.1/../../../../arm-none-eabi/lib/thumb/v7e-m+fp/hard\libc_nano.a
LOAD c:/st/stm32cubeide_1.12.1/stm32cubeide/plugins/com.st.stm32cube.ide.mcu.externaltools.gnu-tools-for-stm32.10.3-2021.10.win32_1.0.200.202301161003/tools/bin/../lib/gcc/arm-none-eabi/10.3.1/../../../../arm-none-eabi/lib/thumb/v7e-m+fp/hard\libnosys.a
END GROUP
LOAD c:/st/stm32cubeide_1.12.1/stm32cubeide/plugins/com.st.stm32cube.ide.mcu.externaltools.gnu-tools-for-stm32.10.3-2021.10.win32_1.0.200.202301161003/tools/bin/../lib/gcc/arm-none-eabi/10.3.1/thumb/v7e-m+fp/hard/crtend.o
LOAD c:/st/stm32cubeide_1.12.1/stm32cubeide/plugins/com.st.stm32cube.ide.mcu.externaltools.gnu-tools-for-stm32.10.3-2021.10.win32_1.0.200.202301161003/tools/bin/../lib/gcc/arm-none-eabi/10.3.1/thumb/v7e-m+fp/hard/crtn.o
                0x0000000020020000                _estack = (ORIGIN (RAM) + LENGTH (RAM))
                0x0000000000000200                _Min_Heap_Size = 0x200
                0x0000000000000400                _Min_Stack_Size = 0x400

.isr_vector     0x0000000008000000      0x1d8
                0x0000000008000000                . = ALIGN (0x4)
 *(.isr_vector)
 .isr_vector    0x0000000008000000      0x1d8 ./Core/Startup/startup_stm32g474retx.o
                0x0000000008000000                g_pfnVectors
                0x00000000080001d8                . = ALIGN (0x4)

.text           0x00000000080001d8     0x79f8
                0x00000000080001d8                . = ALIGN (0x4)
 *(.text)
 .text          0x00000000080001d8       0x40 c:/st/stm32cubeide_1.12.1/stm32cubeide/plugins/com.st.stm32cube.ide.mcu.externaltools.gnu-tools-for-stm32.10.3-2021.10.win32_1.0.200.202301161003/tools/bin/../lib/gcc/arm-none-eabi/10.3.1/thumb/v7e-m+fp/hard/crtbegin.o
 .text          0x0000000008000218      0x378 c:/st/stm32cubeide_1.12.1/stm32cubeide/plugins/com.st.stm32cube.ide.mcu.externaltools.gnu-tools-for-stm32.10.3-2021.10.win32_1.0.200.202301161003/tools/bin/../lib/gcc/arm-none-eabi/10.3.1/thumb/v7e-m+fp/hard\libgcc.a(_arm_addsubdf3.o)
                0x0000000008000218                __aeabi_drsub
                0x0000000008000220                __aeabi_dsub
                0x0000000008000220                __subdf3
                0x0000000008000224                __aeabi_dadd
                0x0000000008000224                __adddf3
                0x000000000800049c                __floatunsidf
                0x000000000800049c                __aeabi_ui2d
                0x00000000080004bc                __floatsidf
                0x00000000080004bc                __aeabi_i2d
                0x00000000080004e0                __aeabi_f2d
                0x00000000080004e0                __extendsfdf2
                0x0000000008000524                __floatundidf
                0x0000000008000524                __aeabi_ul2d
                0x0000000008000534                __floatdidf
                0x0000000008000534                __aeabi_l2d
 .text          0x0000000008000590      0x424 c:/st/stm32cubeide_1.12.1/stm32cubeide/plugins/com.st.stm32cube.ide.mcu.externaltools.gnu-tools-for-stm32.10.3-2021.10.win32_1.0.200.202301161003/tools/bin/../lib/gcc/arm-none-eabi/10.3.1/thumb/v7e-m+fp/hard\libgcc.a(_arm_muldivdf3.o)
                0x0000000008000590                __aeabi_dmul
                0x0000000008000590                __muldf3
                0x00000000080007e4                __divdf3
                0x00000000080007e4                __aeabi_ddiv
 .text          0x00000000080009b4      0x110 c:/st/stm32cubeide_1.12.1/stm32cubeide/plugins/com.st.stm32cube.ide.mcu.externaltools.gnu-tools-for-stm32.10.3-2021.10.win32_1.0.200.202301161003/tools/bin/../lib/gcc/arm-none-eabi/10.3.1/thumb/v7e-m+fp/hard\libgcc.a(_arm_cmpdf2.o)
                0x00000000080009b4                __gtdf2
                0x00000000080009b4                __gedf2
                0x00000000080009bc                __ltdf2
                0x00000000080009bc                __ledf2
                0x00000000080009c4                __nedf2
                0x00000000080009c4                __eqdf2
                0x00000000080009c4                __cmpdf2
                0x0000000008000a40                __aeabi_cdrcmple
                0x0000000008000a50                __aeabi_cdcmpeq
                0x0000000008000a50                __aeabi_cdcmple
                0x0000000008000a60                __aeabi_dcmpeq
                0x0000000008000a74                __aeabi_dcmplt
                0x0000000008000a88                __aeabi_dcmple
                0x0000000008000a9c                __aeabi_dcmpge
                0x0000000008000ab0                __aeabi_dcmpgt
 .text          0x0000000008000ac4       0x2c c:/st/stm32cubeide_1.12.1/stm32cubeide/plugins/com.st.stm32cube.ide.mcu.externaltools.gnu-tools-for-stm32.10.3-2021.10.win32_1.0.200.202301161003/tools/bin/../lib/gcc/arm-none-eabi/10.3.1/thumb/v7e-m+fp/hard\libgcc.a(_arm_unorddf2.o)
                0x0000000008000ac4                __unorddf2
                0x0000000008000ac4                __aeabi_dcmpun
 .text          0x0000000008000af0       0xa0 c:/st/stm32cubeide_1.12.1/stm32cubeide/plugins/com.st.stm32cube.ide.mcu.externaltools.gnu-tools-for-stm32.10.3-2021.10.win32_1.0.200.202301161003/tools/bin/../lib/gcc/arm-none-eabi/10.3.1/thumb/v7e-m+fp/hard\libgcc.a(_arm_truncdfsf2.o)
                0x0000000008000af0                __truncdfsf2
                0x0000000008000af0                __aeabi_d2f
 *(.text*)
 .text.init_PEC15_Table
                0x0000000008000b90       0x74 ./Core/Src/ltc6811.o
                0x0000000008000b90                init_PEC15_Table
 .text.pec15    0x0000000008000c04       0x68 ./Core/Src/ltc6811.o
                0x0000000008000c04                pec15
 .text.init_LTC6811
                0x0000000008000c6c        0xc ./Core/Src/ltc6811.o
                0x0000000008000c6c                init_LTC6811
 .text.update_config
                0x0000000008000c78       0x94 ./Core/Src/ltc6811.o
                0x0000000008000c78                update_config
 .text.wake_sleep
                0x0000000008000d0c       0x30 ./Core/Src/ltc6811.o
                0x0000000008000d0c                wake_sleep
 .text.wake_standby
                0x0000000008000d3c       0x30 ./Core/Src/ltc6811.o
                0x0000000008000d3c                wake_standby
 .text.broadcast_command
                0x0000000008000d6c       0x88 ./Core/Src/ltc6811.o
                0x0000000008000d6c                broadcast_command
 .text.broadcast_write
                0x0000000008000df4       0xcc ./Core/Src/ltc6811.o
                0x0000000008000df4                broadcast_write
 .text.address_write
                0x0000000008000ec0       0xe0 ./Core/Src/ltc6811.o
                0x0000000008000ec0                address_write
 .text.address_read
                0x0000000008000fa0      0x124 ./Core/Src/ltc6811.o
                0x0000000008000fa0                address_read
 .text.extract_voltage_reg
                0x00000000080010c4       0x9c ./Core/Src/ltc6811.o
                0x00000000080010c4                extract_voltage_reg
 .text.extract_all_voltages
                0x0000000008001160       0xf6 ./Core/Src/ltc6811.o
                0x0000000008001160                extract_all_voltages
 .text.read_all_voltages
                0x0000000008001256       0xd8 ./Core/Src/ltc6811.o
                0x0000000008001256                read_all_voltages
 .text.generate_i2c
                0x000000000800132e       0xe2 ./Core/Src/ltc6811.o
                0x000000000800132e                generate_i2c
 .text.send_comm
                0x0000000008001410       0x50 ./Core/Src/ltc6811.o
                0x0000000008001410                send_comm
 .text.broadcast_command_stcomm
                0x0000000008001460       0xac ./Core/Src/ltc6811.o
                0x0000000008001460                broadcast_command_stcomm
 *fill*         0x000000000800150c        0x4 
 .text.calc_temp
                0x0000000008001510      0x100 ./Core/Src/ltc6811.o
                0x0000000008001510                calc_temp
 .text.read_all_temps
                0x0000000008001610      0x218 ./Core/Src/ltc6811.o
                0x0000000008001610                read_all_temps
 .text.reset_SOC
                0x0000000008001828       0x34 ./Core/Src/main.o
                0x0000000008001828                reset_SOC
 .text.update_moving_average
                0x000000000800185c       0x3c ./Core/Src/main.o
                0x000000000800185c                update_moving_average
 .text.check_fusable_link
                0x0000000008001898       0x40 ./Core/Src/main.o
                0x0000000008001898                check_fusable_link
 .text.set_moving_average
                0x00000000080018d8       0x3e ./Core/Src/main.o
                0x00000000080018d8                set_moving_average
 *fill*         0x0000000008001916        0x2 
 .text.main     0x0000000008001918      0x1f4 ./Core/Src/main.o
                0x0000000008001918                main
 .text.SystemClock_Config
                0x0000000008001b0c       0x9c ./Core/Src/main.o
                0x0000000008001b0c                SystemClock_Config
 .text.MX_ADC1_Init
                0x0000000008001ba8       0xf0 ./Core/Src/main.o
 .text.MX_FDCAN1_Init
                0x0000000008001c98       0x8c ./Core/Src/main.o
 .text.MX_FDCAN2_Init
                0x0000000008001d24       0x8c ./Core/Src/main.o
 .text.MX_RTC_Init
                0x0000000008001db0       0xc4 ./Core/Src/main.o
 .text.MX_SPI3_Init
                0x0000000008001e74       0x7c ./Core/Src/main.o
 .text.MX_DMA_Init
                0x0000000008001ef0       0x54 ./Core/Src/main.o
 .text.MX_GPIO_Init
                0x0000000008001f44       0xc8 ./Core/Src/main.o
 .text.Error_Handler
                0x000000000800200c        0xa ./Core/Src/main.o
                0x000000000800200c                Error_Handler
 *fill*         0x0000000008002016        0x2 
 .text.HAL_MspInit
                0x0000000008002018       0x58 ./Core/Src/stm32g4xx_hal_msp.o
                0x0000000008002018                HAL_MspInit
 .text.HAL_ADC_MspInit
                0x0000000008002070      0x114 ./Core/Src/stm32g4xx_hal_msp.o
                0x0000000008002070                HAL_ADC_MspInit
 .text.HAL_FDCAN_MspInit
                0x0000000008002184      0x164 ./Core/Src/stm32g4xx_hal_msp.o
                0x0000000008002184                HAL_FDCAN_MspInit
 .text.HAL_RTC_MspInit
                0x00000000080022e8       0x78 ./Core/Src/stm32g4xx_hal_msp.o
                0x00000000080022e8                HAL_RTC_MspInit
 .text.HAL_SPI_MspInit
                0x0000000008002360       0x88 ./Core/Src/stm32g4xx_hal_msp.o
                0x0000000008002360                HAL_SPI_MspInit
 .text.NMI_Handler
                0x00000000080023e8        0x6 ./Core/Src/stm32g4xx_it.o
                0x00000000080023e8                NMI_Handler
 .text.HardFault_Handler
                0x00000000080023ee        0x6 ./Core/Src/stm32g4xx_it.o
                0x00000000080023ee                HardFault_Handler
 .text.MemManage_Handler
                0x00000000080023f4        0x6 ./Core/Src/stm32g4xx_it.o
                0x00000000080023f4                MemManage_Handler
 .text.BusFault_Handler
                0x00000000080023fa        0x6 ./Core/Src/stm32g4xx_it.o
                0x00000000080023fa                BusFault_Handler
 .text.UsageFault_Handler
                0x0000000008002400        0x6 ./Core/Src/stm32g4xx_it.o
                0x0000000008002400                UsageFault_Handler
 .text.SVC_Handler
                0x0000000008002406        0xe ./Core/Src/stm32g4xx_it.o
                0x0000000008002406                SVC_Handler
 .text.DebugMon_Handler
                0x0000000008002414        0xe ./Core/Src/stm32g4xx_it.o
                0x0000000008002414                DebugMon_Handler
 .text.PendSV_Handler
                0x0000000008002422        0xe ./Core/Src/stm32g4xx_it.o
                0x0000000008002422                PendSV_Handler
 .text.SysTick_Handler
                0x0000000008002430        0xc ./Core/Src/stm32g4xx_it.o
                0x0000000008002430                SysTick_Handler
 .text.DMA1_Channel1_IRQHandler
                0x000000000800243c       0x14 ./Core/Src/stm32g4xx_it.o
                0x000000000800243c                DMA1_Channel1_IRQHandler
 .text.ADC1_2_IRQHandler
                0x0000000008002450       0x14 ./Core/Src/stm32g4xx_it.o
                0x0000000008002450                ADC1_2_IRQHandler
 .text.SystemInit
                0x0000000008002464       0x24 ./Core/Src/system_stm32g4xx.o
                0x0000000008002464                SystemInit
 .text.Reset_Handler
                0x0000000008002488       0x50 ./Core/Startup/startup_stm32g474retx.o
                0x0000000008002488                Reset_Handler
 .text.Default_Handler
                0x00000000080024d8        0x2 ./Core/Startup/startup_stm32g474retx.o
                0x00000000080024d8                RTC_Alarm_IRQHandler
                0x00000000080024d8                EXTI2_IRQHandler
                0x00000000080024d8                TIM8_TRG_COM_IRQHandler
                0x00000000080024d8                TIM8_CC_IRQHandler
                0x00000000080024d8                HRTIM1_Master_IRQHandler
                0x00000000080024d8                SPI4_IRQHandler
                0x00000000080024d8                FDCAN3_IT0_IRQHandler
                0x00000000080024d8                TIM1_CC_IRQHandler
                0x00000000080024d8                HRTIM1_FLT_IRQHandler
                0x00000000080024d8                HRTIM1_TIMF_IRQHandler
                0x00000000080024d8                USB_HP_IRQHandler
                0x00000000080024d8                CORDIC_IRQHandler
                0x00000000080024d8                HRTIM1_TIMD_IRQHandler
                0x00000000080024d8                DMA2_Channel8_IRQHandler
                0x00000000080024d8                EXTI3_IRQHandler
                0x00000000080024d8                I2C3_ER_IRQHandler
                0x00000000080024d8                EXTI0_IRQHandler
                0x00000000080024d8                I2C2_EV_IRQHandler
                0x00000000080024d8                FPU_IRQHandler
                0x00000000080024d8                FDCAN1_IT1_IRQHandler
                0x00000000080024d8                TIM1_UP_TIM16_IRQHandler
                0x00000000080024d8                HRTIM1_TIME_IRQHandler
                0x00000000080024d8                SPI1_IRQHandler
                0x00000000080024d8                TIM6_DAC_IRQHandler
                0x00000000080024d8                HRTIM1_TIMC_IRQHandler
                0x00000000080024d8                TIM8_UP_IRQHandler
                0x00000000080024d8                DMA2_Channel2_IRQHandler
                0x00000000080024d8                DMA1_Channel4_IRQHandler
                0x00000000080024d8                TIM20_TRG_COM_IRQHandler
                0x00000000080024d8                USART3_IRQHandler
                0x00000000080024d8                DMA1_Channel7_IRQHandler
                0x00000000080024d8                UART5_IRQHandler
                0x00000000080024d8                ADC3_IRQHandler
                0x00000000080024d8                TIM4_IRQHandler
                0x00000000080024d8                DMA2_Channel1_IRQHandler
                0x00000000080024d8                QUADSPI_IRQHandler
                0x00000000080024d8                I2C1_EV_IRQHandler
                0x00000000080024d8                DMA1_Channel6_IRQHandler
                0x00000000080024d8                UART4_IRQHandler
                0x00000000080024d8                DMA2_Channel4_IRQHandler
                0x00000000080024d8                TIM3_IRQHandler
                0x00000000080024d8                RCC_IRQHandler
                0x00000000080024d8                TIM20_UP_IRQHandler
                0x00000000080024d8                Default_Handler
                0x00000000080024d8                DMA2_Channel7_IRQHandler
                0x00000000080024d8                RTC_TAMP_LSECSS_IRQHandler
                0x00000000080024d8                FMAC_IRQHandler
                0x00000000080024d8                EXTI15_10_IRQHandler
                0x00000000080024d8                DMA1_Channel8_IRQHandler
                0x00000000080024d8                HRTIM1_TIMA_IRQHandler
                0x00000000080024d8                TIM7_DAC_IRQHandler
                0x00000000080024d8                FDCAN3_IT1_IRQHandler
                0x00000000080024d8                TIM5_IRQHandler
                0x00000000080024d8                UCPD1_IRQHandler
                0x00000000080024d8                I2C3_EV_IRQHandler
                0x00000000080024d8                EXTI9_5_IRQHandler
                0x00000000080024d8                RTC_WKUP_IRQHandler
                0x00000000080024d8                PVD_PVM_IRQHandler
                0x00000000080024d8                SPI2_IRQHandler
                0x00000000080024d8                ADC5_IRQHandler
                0x00000000080024d8                DMA2_Channel5_IRQHandler
                0x00000000080024d8                CRS_IRQHandler
                0x00000000080024d8                DMA1_Channel5_IRQHandler
                0x00000000080024d8                USB_LP_IRQHandler
                0x00000000080024d8                EXTI4_IRQHandler
                0x00000000080024d8                RNG_IRQHandler
                0x00000000080024d8                HRTIM1_TIMB_IRQHandler
                0x00000000080024d8                TIM1_TRG_COM_TIM17_IRQHandler
                0x00000000080024d8                FDCAN2_IT1_IRQHandler
                0x00000000080024d8                DMA1_Channel3_IRQHandler
                0x00000000080024d8                ADC4_IRQHandler
                0x00000000080024d8                WWDG_IRQHandler
                0x00000000080024d8                I2C4_EV_IRQHandler
                0x00000000080024d8                FDCAN2_IT0_IRQHandler
                0x00000000080024d8                LPUART1_IRQHandler
                0x00000000080024d8                DMA2_Channel6_IRQHandler
                0x00000000080024d8                FDCAN1_IT0_IRQHandler
                0x00000000080024d8                TIM2_IRQHandler
                0x00000000080024d8                COMP7_IRQHandler
                0x00000000080024d8                COMP1_2_3_IRQHandler
                0x00000000080024d8                EXTI1_IRQHandler
                0x00000000080024d8                USART2_IRQHandler
                0x00000000080024d8                COMP4_5_6_IRQHandler
                0x00000000080024d8                TIM20_BRK_IRQHandler
                0x00000000080024d8                I2C2_ER_IRQHandler
                0x00000000080024d8                DMA1_Channel2_IRQHandler
                0x00000000080024d8                TIM8_BRK_IRQHandler
                0x00000000080024d8                FLASH_IRQHandler
                0x00000000080024d8                TIM20_CC_IRQHandler
                0x00000000080024d8                USART1_IRQHandler
                0x00000000080024d8                SPI3_IRQHandler
                0x00000000080024d8                I2C1_ER_IRQHandler
                0x00000000080024d8                FMC_IRQHandler
                0x00000000080024d8                LPTIM1_IRQHandler
                0x00000000080024d8                DMAMUX_OVR_IRQHandler
                0x00000000080024d8                I2C4_ER_IRQHandler
                0x00000000080024d8                USBWakeUp_IRQHandler
                0x00000000080024d8                SAI1_IRQHandler
                0x00000000080024d8                DMA2_Channel3_IRQHandler
                0x00000000080024d8                TIM1_BRK_TIM15_IRQHandler
 .text.HAL_Init
                0x00000000080024da       0x30 ./Drivers/STM32G4xx_HAL_Driver/Src/stm32g4xx_hal.o
                0x00000000080024da                HAL_Init
 *fill*         0x000000000800250a        0x2 
 .text.HAL_InitTick
                0x000000000800250c       0x74 ./Drivers/STM32G4xx_HAL_Driver/Src/stm32g4xx_hal.o
                0x000000000800250c                HAL_InitTick
 .text.HAL_IncTick
                0x0000000008002580       0x24 ./Drivers/STM32G4xx_HAL_Driver/Src/stm32g4xx_hal.o
                0x0000000008002580                HAL_IncTick
 .text.HAL_GetTick
                0x00000000080025a4       0x18 ./Drivers/STM32G4xx_HAL_Driver/Src/stm32g4xx_hal.o
                0x00000000080025a4                HAL_GetTick
 .text.HAL_Delay
                0x00000000080025bc       0x44 ./Drivers/STM32G4xx_HAL_Driver/Src/stm32g4xx_hal.o
                0x00000000080025bc                HAL_Delay
 .text.HAL_SYSCFG_VREFBUF_VoltageScalingConfig
                0x0000000008002600       0x28 ./Drivers/STM32G4xx_HAL_Driver/Src/stm32g4xx_hal.o
                0x0000000008002600                HAL_SYSCFG_VREFBUF_VoltageScalingConfig
 .text.HAL_SYSCFG_VREFBUF_HighImpedanceConfig
                0x0000000008002628       0x28 ./Drivers/STM32G4xx_HAL_Driver/Src/stm32g4xx_hal.o
                0x0000000008002628                HAL_SYSCFG_VREFBUF_HighImpedanceConfig
 .text.HAL_SYSCFG_EnableVREFBUF
                0x0000000008002650       0x48 ./Drivers/STM32G4xx_HAL_Driver/Src/stm32g4xx_hal.o
                0x0000000008002650                HAL_SYSCFG_EnableVREFBUF
 .text.LL_ADC_SetCommonClock
                0x0000000008002698       0x26 ./Drivers/STM32G4xx_HAL_Driver/Src/stm32g4xx_hal_adc.o
 .text.LL_ADC_SetCommonPathInternalCh
                0x00000000080026be       0x26 ./Drivers/STM32G4xx_HAL_Driver/Src/stm32g4xx_hal_adc.o
 .text.LL_ADC_GetCommonPathInternalCh
                0x00000000080026e4       0x1c ./Drivers/STM32G4xx_HAL_Driver/Src/stm32g4xx_hal_adc.o
 .text.LL_ADC_SetOffset
                0x0000000008002700       0x48 ./Drivers/STM32G4xx_HAL_Driver/Src/stm32g4xx_hal_adc.o
 .text.LL_ADC_GetOffsetChannel
                0x0000000008002748       0x2c ./Drivers/STM32G4xx_HAL_Driver/Src/stm32g4xx_hal_adc.o
 .text.LL_ADC_SetOffsetState
                0x0000000008002774       0x36 ./Drivers/STM32G4xx_HAL_Driver/Src/stm32g4xx_hal_adc.o
 .text.LL_ADC_SetOffsetSign
                0x00000000080027aa       0x36 ./Drivers/STM32G4xx_HAL_Driver/Src/stm32g4xx_hal_adc.o
 .text.LL_ADC_SetOffsetSaturation
                0x00000000080027e0       0x36 ./Drivers/STM32G4xx_HAL_Driver/Src/stm32g4xx_hal_adc.o
 .text.LL_ADC_SetSamplingTimeCommonConfig
                0x0000000008002816       0x26 ./Drivers/STM32G4xx_HAL_Driver/Src/stm32g4xx_hal_adc.o
 .text.LL_ADC_REG_IsTriggerSourceSWStart
                0x000000000800283c       0x26 ./Drivers/STM32G4xx_HAL_Driver/Src/stm32g4xx_hal_adc.o
 .text.LL_ADC_REG_SetSequencerRanks
                0x0000000008002862       0x58 ./Drivers/STM32G4xx_HAL_Driver/Src/stm32g4xx_hal_adc.o
 .text.LL_ADC_INJ_IsTriggerSourceSWStart
                0x00000000080028ba       0x26 ./Drivers/STM32G4xx_HAL_Driver/Src/stm32g4xx_hal_adc.o
 .text.LL_ADC_SetChannelSamplingTime
                0x00000000080028e0       0x56 ./Drivers/STM32G4xx_HAL_Driver/Src/stm32g4xx_hal_adc.o
 *fill*         0x0000000008002936        0x2 
 .text.LL_ADC_SetChannelSingleDiff
                0x0000000008002938       0x50 ./Drivers/STM32G4xx_HAL_Driver/Src/stm32g4xx_hal_adc.o
 .text.LL_ADC_GetMultimode
                0x0000000008002988       0x1c ./Drivers/STM32G4xx_HAL_Driver/Src/stm32g4xx_hal_adc.o
 .text.LL_ADC_GetMultiDMATransfer
                0x00000000080029a4       0x1c ./Drivers/STM32G4xx_HAL_Driver/Src/stm32g4xx_hal_adc.o
 .text.LL_ADC_DisableDeepPowerDown
                0x00000000080029c0       0x24 ./Drivers/STM32G4xx_HAL_Driver/Src/stm32g4xx_hal_adc.o
 .text.LL_ADC_IsDeepPowerDownEnabled
                0x00000000080029e4       0x28 ./Drivers/STM32G4xx_HAL_Driver/Src/stm32g4xx_hal_adc.o
 .text.LL_ADC_EnableInternalRegulator
                0x0000000008002a0c       0x28 ./Drivers/STM32G4xx_HAL_Driver/Src/stm32g4xx_hal_adc.o
 .text.LL_ADC_IsInternalRegulatorEnabled
                0x0000000008002a34       0x28 ./Drivers/STM32G4xx_HAL_Driver/Src/stm32g4xx_hal_adc.o
 .text.LL_ADC_Enable
                0x0000000008002a5c       0x28 ./Drivers/STM32G4xx_HAL_Driver/Src/stm32g4xx_hal_adc.o
 .text.LL_ADC_Disable
                0x0000000008002a84       0x28 ./Drivers/STM32G4xx_HAL_Driver/Src/stm32g4xx_hal_adc.o
 .text.LL_ADC_IsEnabled
                0x0000000008002aac       0x26 ./Drivers/STM32G4xx_HAL_Driver/Src/stm32g4xx_hal_adc.o
 .text.LL_ADC_IsDisableOngoing
                0x0000000008002ad2       0x26 ./Drivers/STM32G4xx_HAL_Driver/Src/stm32g4xx_hal_adc.o
 .text.LL_ADC_REG_StartConversion
                0x0000000008002af8       0x28 ./Drivers/STM32G4xx_HAL_Driver/Src/stm32g4xx_hal_adc.o
 .text.LL_ADC_REG_IsConversionOngoing
                0x0000000008002b20       0x26 ./Drivers/STM32G4xx_HAL_Driver/Src/stm32g4xx_hal_adc.o
 .text.LL_ADC_INJ_IsConversionOngoing
                0x0000000008002b46       0x26 ./Drivers/STM32G4xx_HAL_Driver/Src/stm32g4xx_hal_adc.o
 .text.HAL_ADC_Init
                0x0000000008002b6c      0x384 ./Drivers/STM32G4xx_HAL_Driver/Src/stm32g4xx_hal_adc.o
                0x0000000008002b6c                HAL_ADC_Init
 .text.HAL_ADC_Start
                0x0000000008002ef0      0x1c8 ./Drivers/STM32G4xx_HAL_Driver/Src/stm32g4xx_hal_adc.o
                0x0000000008002ef0                HAL_ADC_Start
 .text.HAL_ADC_Start_DMA
                0x00000000080030b8      0x1a8 ./Drivers/STM32G4xx_HAL_Driver/Src/stm32g4xx_hal_adc.o
                0x00000000080030b8                HAL_ADC_Start_DMA
 .text.HAL_ADC_IRQHandler
                0x0000000008003260      0x4c0 ./Drivers/STM32G4xx_HAL_Driver/Src/stm32g4xx_hal_adc.o
                0x0000000008003260                HAL_ADC_IRQHandler
 .text.HAL_ADC_ConvCpltCallback
                0x0000000008003720       0x14 ./Drivers/STM32G4xx_HAL_Driver/Src/stm32g4xx_hal_adc.o
                0x0000000008003720                HAL_ADC_ConvCpltCallback
 .text.HAL_ADC_ConvHalfCpltCallback
                0x0000000008003734       0x14 ./Drivers/STM32G4xx_HAL_Driver/Src/stm32g4xx_hal_adc.o
                0x0000000008003734                HAL_ADC_ConvHalfCpltCallback
 .text.HAL_ADC_LevelOutOfWindowCallback
                0x0000000008003748       0x14 ./Drivers/STM32G4xx_HAL_Driver/Src/stm32g4xx_hal_adc.o
                0x0000000008003748                HAL_ADC_LevelOutOfWindowCallback
 .text.HAL_ADC_ErrorCallback
                0x000000000800375c       0x14 ./Drivers/STM32G4xx_HAL_Driver/Src/stm32g4xx_hal_adc.o
                0x000000000800375c                HAL_ADC_ErrorCallback
 .text.HAL_ADC_ConfigChannel
                0x0000000008003770      0x880 ./Drivers/STM32G4xx_HAL_Driver/Src/stm32g4xx_hal_adc.o
                0x0000000008003770                HAL_ADC_ConfigChannel
 .text.ADC_Enable
                0x0000000008003ff0       0xc4 ./Drivers/STM32G4xx_HAL_Driver/Src/stm32g4xx_hal_adc.o
                0x0000000008003ff0                ADC_Enable
 .text.ADC_Disable
                0x00000000080040b4       0xbe ./Drivers/STM32G4xx_HAL_Driver/Src/stm32g4xx_hal_adc.o
                0x00000000080040b4                ADC_Disable
 .text.ADC_DMAConvCplt
                0x0000000008004172       0xd8 ./Drivers/STM32G4xx_HAL_Driver/Src/stm32g4xx_hal_adc.o
                0x0000000008004172                ADC_DMAConvCplt
 .text.ADC_DMAHalfConvCplt
                0x000000000800424a       0x1c ./Drivers/STM32G4xx_HAL_Driver/Src/stm32g4xx_hal_adc.o
                0x000000000800424a                ADC_DMAHalfConvCplt
 .text.ADC_DMAError
                0x0000000008004266       0x34 ./Drivers/STM32G4xx_HAL_Driver/Src/stm32g4xx_hal_adc.o
                0x0000000008004266                ADC_DMAError
 .text.LL_ADC_IsEnabled
                0x000000000800429a       0x26 ./Drivers/STM32G4xx_HAL_Driver/Src/stm32g4xx_hal_adc_ex.o
 .text.LL_ADC_StartCalibration
                0x00000000080042c0       0x32 ./Drivers/STM32G4xx_HAL_Driver/Src/stm32g4xx_hal_adc_ex.o
 .text.LL_ADC_IsCalibrationOnGoing
                0x00000000080042f2       0x28 ./Drivers/STM32G4xx_HAL_Driver/Src/stm32g4xx_hal_adc_ex.o
 .text.LL_ADC_REG_IsConversionOngoing
                0x000000000800431a       0x26 ./Drivers/STM32G4xx_HAL_Driver/Src/stm32g4xx_hal_adc_ex.o
 .text.HAL_ADCEx_Calibration_Start
                0x0000000008004340       0xc4 ./Drivers/STM32G4xx_HAL_Driver/Src/stm32g4xx_hal_adc_ex.o
                0x0000000008004340                HAL_ADCEx_Calibration_Start
 .text.HAL_ADCEx_InjectedConvCpltCallback
                0x0000000008004404       0x14 ./Drivers/STM32G4xx_HAL_Driver/Src/stm32g4xx_hal_adc_ex.o
                0x0000000008004404                HAL_ADCEx_InjectedConvCpltCallback
 .text.HAL_ADCEx_InjectedQueueOverflowCallback
                0x0000000008004418       0x14 ./Drivers/STM32G4xx_HAL_Driver/Src/stm32g4xx_hal_adc_ex.o
                0x0000000008004418                HAL_ADCEx_InjectedQueueOverflowCallback
 .text.HAL_ADCEx_LevelOutOfWindow2Callback
                0x000000000800442c       0x14 ./Drivers/STM32G4xx_HAL_Driver/Src/stm32g4xx_hal_adc_ex.o
                0x000000000800442c                HAL_ADCEx_LevelOutOfWindow2Callback
 .text.HAL_ADCEx_LevelOutOfWindow3Callback
                0x0000000008004440       0x14 ./Drivers/STM32G4xx_HAL_Driver/Src/stm32g4xx_hal_adc_ex.o
                0x0000000008004440                HAL_ADCEx_LevelOutOfWindow3Callback
 .text.HAL_ADCEx_EndOfSamplingCallback
                0x0000000008004454       0x14 ./Drivers/STM32G4xx_HAL_Driver/Src/stm32g4xx_hal_adc_ex.o
                0x0000000008004454                HAL_ADCEx_EndOfSamplingCallback
 .text.HAL_ADCEx_MultiModeConfigChannel
                0x0000000008004468      0x210 ./Drivers/STM32G4xx_HAL_Driver/Src/stm32g4xx_hal_adc_ex.o
                0x0000000008004468                HAL_ADCEx_MultiModeConfigChannel
 .text.__NVIC_SetPriorityGrouping
                0x0000000008004678       0x48 ./Drivers/STM32G4xx_HAL_Driver/Src/stm32g4xx_hal_cortex.o
 .text.__NVIC_GetPriorityGrouping
                0x00000000080046c0       0x1c ./Drivers/STM32G4xx_HAL_Driver/Src/stm32g4xx_hal_cortex.o
 .text.__NVIC_EnableIRQ
                0x00000000080046dc       0x3c ./Drivers/STM32G4xx_HAL_Driver/Src/stm32g4xx_hal_cortex.o
 .text.__NVIC_SetPriority
                0x0000000008004718       0x54 ./Drivers/STM32G4xx_HAL_Driver/Src/stm32g4xx_hal_cortex.o
 .text.NVIC_EncodePriority
                0x000000000800476c       0x66 ./Drivers/STM32G4xx_HAL_Driver/Src/stm32g4xx_hal_cortex.o
 *fill*         0x00000000080047d2        0x2 
 .text.SysTick_Config
                0x00000000080047d4       0x44 ./Drivers/STM32G4xx_HAL_Driver/Src/stm32g4xx_hal_cortex.o
 .text.HAL_NVIC_SetPriorityGrouping
                0x0000000008004818       0x16 ./Drivers/STM32G4xx_HAL_Driver/Src/stm32g4xx_hal_cortex.o
                0x0000000008004818                HAL_NVIC_SetPriorityGrouping
 .text.HAL_NVIC_SetPriority
                0x000000000800482e       0x34 ./Drivers/STM32G4xx_HAL_Driver/Src/stm32g4xx_hal_cortex.o
                0x000000000800482e                HAL_NVIC_SetPriority
 .text.HAL_NVIC_EnableIRQ
                0x0000000008004862       0x1c ./Drivers/STM32G4xx_HAL_Driver/Src/stm32g4xx_hal_cortex.o
                0x0000000008004862                HAL_NVIC_EnableIRQ
 .text.HAL_SYSTICK_Config
                0x000000000800487e       0x18 ./Drivers/STM32G4xx_HAL_Driver/Src/stm32g4xx_hal_cortex.o
                0x000000000800487e                HAL_SYSTICK_Config
 *fill*         0x0000000008004896        0x2 
 .text.HAL_DMA_Init
                0x0000000008004898      0x150 ./Drivers/STM32G4xx_HAL_Driver/Src/stm32g4xx_hal_dma.o
                0x0000000008004898                HAL_DMA_Init
 .text.HAL_DMA_Start_IT
                0x00000000080049e8       0xf6 ./Drivers/STM32G4xx_HAL_Driver/Src/stm32g4xx_hal_dma.o
                0x00000000080049e8                HAL_DMA_Start_IT
 .text.HAL_DMA_IRQHandler
                0x0000000008004ade      0x15e ./Drivers/STM32G4xx_HAL_Driver/Src/stm32g4xx_hal_dma.o
                0x0000000008004ade                HAL_DMA_IRQHandler
 .text.DMA_SetConfig
                0x0000000008004c3c       0x7c ./Drivers/STM32G4xx_HAL_Driver/Src/stm32g4xx_hal_dma.o
 .text.DMA_CalcDMAMUXChannelBaseAndMask
                0x0000000008004cb8       0x7c ./Drivers/STM32G4xx_HAL_Driver/Src/stm32g4xx_hal_dma.o
 .text.DMA_CalcDMAMUXRequestGenBaseAndMask
                0x0000000008004d34       0x48 ./Drivers/STM32G4xx_HAL_Driver/Src/stm32g4xx_hal_dma.o
 .text.HAL_FDCAN_Init
                0x0000000008004d7c      0x2b4 ./Drivers/STM32G4xx_HAL_Driver/Src/stm32g4xx_hal_fdcan.o
                0x0000000008004d7c                HAL_FDCAN_Init
 .text.FDCAN_CalcultateRamBlockAddresses
                0x0000000008005030       0xd8 ./Drivers/STM32G4xx_HAL_Driver/Src/stm32g4xx_hal_fdcan.o
 .text.HAL_GPIO_Init
                0x0000000008005108      0x304 ./Drivers/STM32G4xx_HAL_Driver/Src/stm32g4xx_hal_gpio.o
                0x0000000008005108                HAL_GPIO_Init
 .text.HAL_GPIO_WritePin
                0x000000000800540c       0x30 ./Drivers/STM32G4xx_HAL_Driver/Src/stm32g4xx_hal_gpio.o
                0x000000000800540c                HAL_GPIO_WritePin
 .text.HAL_GPIO_TogglePin
                0x000000000800543c       0x34 ./Drivers/STM32G4xx_HAL_Driver/Src/stm32g4xx_hal_gpio.o
                0x000000000800543c                HAL_GPIO_TogglePin
 .text.HAL_PWREx_ControlVoltageScaling
                0x0000000008005470      0x148 ./Drivers/STM32G4xx_HAL_Driver/Src/stm32g4xx_hal_pwr_ex.o
                0x0000000008005470                HAL_PWREx_ControlVoltageScaling
 .text.HAL_PWREx_DisableUCPDDeadBattery
                0x00000000080055b8       0x20 ./Drivers/STM32G4xx_HAL_Driver/Src/stm32g4xx_hal_pwr_ex.o
                0x00000000080055b8                HAL_PWREx_DisableUCPDDeadBattery
 .text.HAL_RCC_OscConfig
                0x00000000080055d8      0x630 ./Drivers/STM32G4xx_HAL_Driver/Src/stm32g4xx_hal_rcc.o
                0x00000000080055d8                HAL_RCC_OscConfig
 .text.HAL_RCC_ClockConfig
                0x0000000008005c08      0x278 ./Drivers/STM32G4xx_HAL_Driver/Src/stm32g4xx_hal_rcc.o
                0x0000000008005c08                HAL_RCC_ClockConfig
 .text.HAL_RCC_GetSysClockFreq
                0x0000000008005e80       0xc4 ./Drivers/STM32G4xx_HAL_Driver/Src/stm32g4xx_hal_rcc.o
                0x0000000008005e80                HAL_RCC_GetSysClockFreq
 .text.RCC_GetSysClockFreqFromPLLSource
                0x0000000008005f44       0x8c ./Drivers/STM32G4xx_HAL_Driver/Src/stm32g4xx_hal_rcc.o
 .text.HAL_RCCEx_PeriphCLKConfig
                0x0000000008005fd0      0x49c ./Drivers/STM32G4xx_HAL_Driver/Src/stm32g4xx_hal_rcc_ex.o
                0x0000000008005fd0                HAL_RCCEx_PeriphCLKConfig
 .text.HAL_RTC_Init
                0x000000000800646c       0xea ./Drivers/STM32G4xx_HAL_Driver/Src/stm32g4xx_hal_rtc.o
                0x000000000800646c                HAL_RTC_Init
 .text.HAL_RTC_SetTime
                0x0000000008006556      0x13a ./Drivers/STM32G4xx_HAL_Driver/Src/stm32g4xx_hal_rtc.o
                0x0000000008006556                HAL_RTC_SetTime
 .text.HAL_RTC_SetDate
                0x0000000008006690      0x10e ./Drivers/STM32G4xx_HAL_Driver/Src/stm32g4xx_hal_rtc.o
                0x0000000008006690                HAL_RTC_SetDate
 .text.HAL_RTC_WaitForSynchro
                0x000000000800679e       0x4c ./Drivers/STM32G4xx_HAL_Driver/Src/stm32g4xx_hal_rtc.o
                0x000000000800679e                HAL_RTC_WaitForSynchro
 .text.RTC_EnterInitMode
                0x00000000080067ea       0x6c ./Drivers/STM32G4xx_HAL_Driver/Src/stm32g4xx_hal_rtc.o
                0x00000000080067ea                RTC_EnterInitMode
 .text.RTC_ExitInitMode
                0x0000000008006856       0x86 ./Drivers/STM32G4xx_HAL_Driver/Src/stm32g4xx_hal_rtc.o
                0x0000000008006856                RTC_ExitInitMode
 .text.RTC_ByteToBcd2
                0x00000000080068dc       0x40 ./Drivers/STM32G4xx_HAL_Driver/Src/stm32g4xx_hal_rtc.o
                0x00000000080068dc                RTC_ByteToBcd2
 .text.HAL_SPI_Init
                0x000000000800691c      0x156 ./Drivers/STM32G4xx_HAL_Driver/Src/stm32g4xx_hal_spi.o
                0x000000000800691c                HAL_SPI_Init
 .text.HAL_SPI_Transmit
                0x0000000008006a72      0x2dc ./Drivers/STM32G4xx_HAL_Driver/Src/stm32g4xx_hal_spi.o
                0x0000000008006a72                HAL_SPI_Transmit
 .text.HAL_SPI_Receive
                0x0000000008006d4e      0x260 ./Drivers/STM32G4xx_HAL_Driver/Src/stm32g4xx_hal_spi.o
                0x0000000008006d4e                HAL_SPI_Receive
 .text.HAL_SPI_TransmitReceive
                0x0000000008006fae      0x426 ./Drivers/STM32G4xx_HAL_Driver/Src/stm32g4xx_hal_spi.o
                0x0000000008006fae                HAL_SPI_TransmitReceive
 .text.SPI_WaitFlagStateUntilTimeout
                0x00000000080073d4      0x110 ./Drivers/STM32G4xx_HAL_Driver/Src/stm32g4xx_hal_spi.o
 .text.SPI_WaitFifoStateUntilTimeout
                0x00000000080074e4      0x12c ./Drivers/STM32G4xx_HAL_Driver/Src/stm32g4xx_hal_spi.o
 .text.SPI_EndRxTransaction
                0x0000000008007610       0xb0 ./Drivers/STM32G4xx_HAL_Driver/Src/stm32g4xx_hal_spi.o
 .text.SPI_EndRxTxTransaction
                0x00000000080076c0       0x8c ./Drivers/STM32G4xx_HAL_Driver/Src/stm32g4xx_hal_spi.o
 .text.__errno  0x000000000800774c        0xc c:/st/stm32cubeide_1.12.1/stm32cubeide/plugins/com.st.stm32cube.ide.mcu.externaltools.gnu-tools-for-stm32.10.3-2021.10.win32_1.0.200.202301161003/tools/bin/../lib/gcc/arm-none-eabi/10.3.1/../../../../arm-none-eabi/lib/thumb/v7e-m+fp/hard\libc_nano.a(lib_a-errno.o)
                0x000000000800774c                __errno
 .text.__libc_init_array
                0x0000000008007758       0x48 c:/st/stm32cubeide_1.12.1/stm32cubeide/plugins/com.st.stm32cube.ide.mcu.externaltools.gnu-tools-for-stm32.10.3-2021.10.win32_1.0.200.202301161003/tools/bin/../lib/gcc/arm-none-eabi/10.3.1/../../../../arm-none-eabi/lib/thumb/v7e-m+fp/hard\libc_nano.a(lib_a-init.o)
                0x0000000008007758                __libc_init_array
 .text.memset   0x00000000080077a0       0x10 c:/st/stm32cubeide_1.12.1/stm32cubeide/plugins/com.st.stm32cube.ide.mcu.externaltools.gnu-tools-for-stm32.10.3-2021.10.win32_1.0.200.202301161003/tools/bin/../lib/gcc/arm-none-eabi/10.3.1/../../../../arm-none-eabi/lib/thumb/v7e-m+fp/hard\libc_nano.a(lib_a-memset.o)
                0x00000000080077a0                memset
 .text.log      0x00000000080077b0       0x7c c:/st/stm32cubeide_1.12.1/stm32cubeide/plugins/com.st.stm32cube.ide.mcu.externaltools.gnu-tools-for-stm32.10.3-2021.10.win32_1.0.200.202301161003/tools/bin/../lib/gcc/arm-none-eabi/10.3.1/../../../../arm-none-eabi/lib/thumb/v7e-m+fp/hard\libm.a(lib_a-w_log.o)
                0x00000000080077b0                log
 *fill*         0x000000000800782c        0x4 
 .text.__ieee754_log
                0x0000000008007830      0x374 c:/st/stm32cubeide_1.12.1/stm32cubeide/plugins/com.st.stm32cube.ide.mcu.externaltools.gnu-tools-for-stm32.10.3-2021.10.win32_1.0.200.202301161003/tools/bin/../lib/gcc/arm-none-eabi/10.3.1/../../../../arm-none-eabi/lib/thumb/v7e-m+fp/hard\libm.a(lib_a-e_log.o)
                0x0000000008007830                __ieee754_log
 *fill*         0x0000000008007ba4        0x4 
 .text.nan      0x0000000008007ba8       0x10 c:/st/stm32cubeide_1.12.1/stm32cubeide/plugins/com.st.stm32cube.ide.mcu.externaltools.gnu-tools-for-stm32.10.3-2021.10.win32_1.0.200.202301161003/tools/bin/../lib/gcc/arm-none-eabi/10.3.1/../../../../arm-none-eabi/lib/thumb/v7e-m+fp/hard\libm.a(lib_a-s_nan.o)
                0x0000000008007ba8                nan
 *(.glue_7)
 .glue_7        0x0000000008007bb8        0x0 linker stubs
 *(.glue_7t)
 .glue_7t       0x0000000008007bb8        0x0 linker stubs
 *(.eh_frame)
 .eh_frame      0x0000000008007bb8        0x0 c:/st/stm32cubeide_1.12.1/stm32cubeide/plugins/com.st.stm32cube.ide.mcu.externaltools.gnu-tools-for-stm32.10.3-2021.10.win32_1.0.200.202301161003/tools/bin/../lib/gcc/arm-none-eabi/10.3.1/thumb/v7e-m+fp/hard/crtbegin.o
 *(.init)
 .init          0x0000000008007bb8        0x4 c:/st/stm32cubeide_1.12.1/stm32cubeide/plugins/com.st.stm32cube.ide.mcu.externaltools.gnu-tools-for-stm32.10.3-2021.10.win32_1.0.200.202301161003/tools/bin/../lib/gcc/arm-none-eabi/10.3.1/thumb/v7e-m+fp/hard/crti.o
                0x0000000008007bb8                _init
 .init          0x0000000008007bbc        0x8 c:/st/stm32cubeide_1.12.1/stm32cubeide/plugins/com.st.stm32cube.ide.mcu.externaltools.gnu-tools-for-stm32.10.3-2021.10.win32_1.0.200.202301161003/tools/bin/../lib/gcc/arm-none-eabi/10.3.1/thumb/v7e-m+fp/hard/crtn.o
 *(.fini)
 .fini          0x0000000008007bc4        0x4 c:/st/stm32cubeide_1.12.1/stm32cubeide/plugins/com.st.stm32cube.ide.mcu.externaltools.gnu-tools-for-stm32.10.3-2021.10.win32_1.0.200.202301161003/tools/bin/../lib/gcc/arm-none-eabi/10.3.1/thumb/v7e-m+fp/hard/crti.o
                0x0000000008007bc4                _fini
 .fini          0x0000000008007bc8        0x8 c:/st/stm32cubeide_1.12.1/stm32cubeide/plugins/com.st.stm32cube.ide.mcu.externaltools.gnu-tools-for-stm32.10.3-2021.10.win32_1.0.200.202301161003/tools/bin/../lib/gcc/arm-none-eabi/10.3.1/thumb/v7e-m+fp/hard/crtn.o
                0x0000000008007bd0                . = ALIGN (0x4)
                0x0000000008007bd0                _etext = .

.vfp11_veneer   0x0000000008007bd0        0x0
 .vfp11_veneer  0x0000000008007bd0        0x0 linker stubs

.v4_bx          0x0000000008007bd0        0x0
 .v4_bx         0x0000000008007bd0        0x0 linker stubs

.iplt           0x0000000008007bd0        0x0
 .iplt          0x0000000008007bd0        0x0 c:/st/stm32cubeide_1.12.1/stm32cubeide/plugins/com.st.stm32cube.ide.mcu.externaltools.gnu-tools-for-stm32.10.3-2021.10.win32_1.0.200.202301161003/tools/bin/../lib/gcc/arm-none-eabi/10.3.1/thumb/v7e-m+fp/hard/crtbegin.o

.rodata         0x0000000008007bd0       0x14
                0x0000000008007bd0                . = ALIGN (0x4)
 *(.rodata)
 *(.rodata*)
 .rodata.AHBPrescTable
                0x0000000008007bd0       0x10 ./Core/Src/system_stm32g4xx.o
                0x0000000008007bd0                AHBPrescTable
 .rodata.log.str1.1
                0x0000000008007be0        0x1 c:/st/stm32cubeide_1.12.1/stm32cubeide/plugins/com.st.stm32cube.ide.mcu.externaltools.gnu-tools-for-stm32.10.3-2021.10.win32_1.0.200.202301161003/tools/bin/../lib/gcc/arm-none-eabi/10.3.1/../../../../arm-none-eabi/lib/thumb/v7e-m+fp/hard\libm.a(lib_a-w_log.o)
                0x0000000008007be4                . = ALIGN (0x4)
 *fill*         0x0000000008007be1        0x3 

.rel.dyn        0x0000000008007be4        0x0
 .rel.iplt      0x0000000008007be4        0x0 c:/st/stm32cubeide_1.12.1/stm32cubeide/plugins/com.st.stm32cube.ide.mcu.externaltools.gnu-tools-for-stm32.10.3-2021.10.win32_1.0.200.202301161003/tools/bin/../lib/gcc/arm-none-eabi/10.3.1/thumb/v7e-m+fp/hard/crtbegin.o

.ARM.extab      0x0000000008007be4        0x0
                0x0000000008007be4                . = ALIGN (0x4)
 *(.ARM.extab* .gnu.linkonce.armextab.*)
                0x0000000008007be4                . = ALIGN (0x4)

.ARM            0x0000000008007be4        0x0
                0x0000000008007be4                . = ALIGN (0x4)
                0x0000000008007be4                __exidx_start = .
 *(.ARM.exidx*)
                0x0000000008007be4                __exidx_end = .
                0x0000000008007be4                . = ALIGN (0x4)

.preinit_array  0x0000000008007be4        0x0
                0x0000000008007be4                . = ALIGN (0x4)
                0x0000000008007be4                PROVIDE (__preinit_array_start = .)
 *(.preinit_array*)
                0x0000000008007be4                PROVIDE (__preinit_array_end = .)
                0x0000000008007be4                . = ALIGN (0x4)

.init_array     0x0000000008007be4        0x4
                0x0000000008007be4                . = ALIGN (0x4)
                0x0000000008007be4                PROVIDE (__init_array_start = .)
 *(SORT_BY_NAME(.init_array.*))
 *(.init_array*)
 .init_array    0x0000000008007be4        0x4 c:/st/stm32cubeide_1.12.1/stm32cubeide/plugins/com.st.stm32cube.ide.mcu.externaltools.gnu-tools-for-stm32.10.3-2021.10.win32_1.0.200.202301161003/tools/bin/../lib/gcc/arm-none-eabi/10.3.1/thumb/v7e-m+fp/hard/crtbegin.o
                0x0000000008007be8                PROVIDE (__init_array_end = .)
                0x0000000008007be8                . = ALIGN (0x4)

.fini_array     0x0000000008007be8        0x4
                0x0000000008007be8                . = ALIGN (0x4)
                [!provide]                        PROVIDE (__fini_array_start = .)
 *(SORT_BY_NAME(.fini_array.*))
 *(.fini_array*)
 .fini_array    0x0000000008007be8        0x4 c:/st/stm32cubeide_1.12.1/stm32cubeide/plugins/com.st.stm32cube.ide.mcu.externaltools.gnu-tools-for-stm32.10.3-2021.10.win32_1.0.200.202301161003/tools/bin/../lib/gcc/arm-none-eabi/10.3.1/thumb/v7e-m+fp/hard/crtbegin.o
                [!provide]                        PROVIDE (__fini_array_end = .)
                0x0000000008007bec                . = ALIGN (0x4)
                0x0000000008007bec                _sidata = LOADADDR (.data)

.data           0x0000000020000000       0x74 load address 0x0000000008007bec
                0x0000000020000000                . = ALIGN (0x4)
                0x0000000020000000                _sdata = .
 *(.data)
 *(.data*)
 .data.voltage_sag_allowed_float
                0x0000000020000000        0x4 ./Core/Src/main.o
                0x0000000020000000                voltage_sag_allowed_float
 .data.SystemCoreClock
                0x0000000020000004        0x4 ./Core/Src/system_stm32g4xx.o
                0x0000000020000004                SystemCoreClock
 .data.uwTickPrio
                0x0000000020000008        0x4 ./Drivers/STM32G4xx_HAL_Driver/Src/stm32g4xx_hal.o
                0x0000000020000008                uwTickPrio
 .data.uwTickFreq
                0x000000002000000c        0x4 ./Drivers/STM32G4xx_HAL_Driver/Src/stm32g4xx_hal.o
                0x000000002000000c                uwTickFreq
 .data._impure_ptr
                0x0000000020000010        0x4 c:/st/stm32cubeide_1.12.1/stm32cubeide/plugins/com.st.stm32cube.ide.mcu.externaltools.gnu-tools-for-stm32.10.3-2021.10.win32_1.0.200.202301161003/tools/bin/../lib/gcc/arm-none-eabi/10.3.1/../../../../arm-none-eabi/lib/thumb/v7e-m+fp/hard\libc_nano.a(lib_a-impure.o)
                0x0000000020000010                _impure_ptr
 .data.impure_data
                0x0000000020000014       0x60 c:/st/stm32cubeide_1.12.1/stm32cubeide/plugins/com.st.stm32cube.ide.mcu.externaltools.gnu-tools-for-stm32.10.3-2021.10.win32_1.0.200.202301161003/tools/bin/../lib/gcc/arm-none-eabi/10.3.1/../../../../arm-none-eabi/lib/thumb/v7e-m+fp/hard\libc_nano.a(lib_a-impure.o)
 *(.RamFunc)
 *(.RamFunc*)
                0x0000000020000074                . = ALIGN (0x4)
                0x0000000020000074                _edata = .

.igot.plt       0x0000000020000074        0x0 load address 0x0000000008007c60
 .igot.plt      0x0000000020000074        0x0 c:/st/stm32cubeide_1.12.1/stm32cubeide/plugins/com.st.stm32cube.ide.mcu.externaltools.gnu-tools-for-stm32.10.3-2021.10.win32_1.0.200.202301161003/tools/bin/../lib/gcc/arm-none-eabi/10.3.1/thumb/v7e-m+fp/hard/crtbegin.o
                0x0000000020000074                . = ALIGN (0x4)

.bss            0x0000000020000078      0x54c load address 0x0000000008007c60
                0x0000000020000078                _sbss = .
                0x0000000020000078                __bss_start__ = _sbss
 *(.bss)
 .bss           0x0000000020000078       0x1c c:/st/stm32cubeide_1.12.1/stm32cubeide/plugins/com.st.stm32cube.ide.mcu.externaltools.gnu-tools-for-stm32.10.3-2021.10.win32_1.0.200.202301161003/tools/bin/../lib/gcc/arm-none-eabi/10.3.1/thumb/v7e-m+fp/hard/crtbegin.o
 *(.bss*)
 .bss.pec15Table
                0x0000000020000094      0x200 ./Core/Src/ltc6811.o
                0x0000000020000094                pec15Table
 .bss.hadc1     0x0000000020000294       0x6c ./Core/Src/main.o
                0x0000000020000294                hadc1
 .bss.hdma_adc1
                0x0000000020000300       0x60 ./Core/Src/main.o
                0x0000000020000300                hdma_adc1
 .bss.hfdcan1   0x0000000020000360       0x64 ./Core/Src/main.o
                0x0000000020000360                hfdcan1
 .bss.hfdcan2   0x00000000200003c4       0x64 ./Core/Src/main.o
                0x00000000200003c4                hfdcan2
 .bss.hrtc      0x0000000020000428       0x28 ./Core/Src/main.o
                0x0000000020000428                hrtc
 .bss.hspi3     0x0000000020000450       0x64 ./Core/Src/main.o
                0x0000000020000450                hspi3
 *fill*         0x00000000200004b4        0x4 
 .bss.SOC       0x00000000200004b8        0x8 ./Core/Src/main.o
                0x00000000200004b8                SOC
 .bss.last_SOC_update_ms
                0x00000000200004c0        0x8 ./Core/Src/main.o
                0x00000000200004c0                last_SOC_update_ms
 .bss.adc_val   0x00000000200004c8        0x2 ./Core/Src/main.o
                0x00000000200004c8                adc_val
 *fill*         0x00000000200004ca        0x2 
 .bss.cell_voltage
                0x00000000200004cc       0x18 ./Core/Src/main.o
                0x00000000200004cc                cell_voltage
 .bss.cell_voltage_ma
                0x00000000200004e4       0x18 ./Core/Src/main.o
                0x00000000200004e4                cell_voltage_ma
 .bss.ltc6811_arr
                0x00000000200004fc       0x28 ./Core/Src/main.o
                0x00000000200004fc                ltc6811_arr
 .bss.thermistor_temps
                0x0000000020000524       0x90 ./Core/Src/main.o
                0x0000000020000524                thermistor_temps
 .bss.fuse_pop  0x00000000200005b4        0x4 ./Core/Src/main.o
                0x00000000200005b4                fuse_pop
 .bss.AMS_OK    0x00000000200005b8        0x4 ./Core/Src/main.o
                0x00000000200005b8                AMS_OK
 .bss.HAL_RCC_FDCAN_CLK_ENABLED
                0x00000000200005bc        0x4 ./Core/Src/stm32g4xx_hal_msp.o
 .bss.uwTick    0x00000000200005c0        0x4 ./Drivers/STM32G4xx_HAL_Driver/Src/stm32g4xx_hal.o
                0x00000000200005c0                uwTick
 *(COMMON)
                0x00000000200005c4                . = ALIGN (0x4)
                0x00000000200005c4                _ebss = .
                0x00000000200005c4                __bss_end__ = _ebss

._user_heap_stack
                0x00000000200005c4      0x604 load address 0x0000000008007c60
                0x00000000200005c8                . = ALIGN (0x8)
 *fill*         0x00000000200005c4        0x4 
                [!provide]                        PROVIDE (end = .)
                0x00000000200005c8                PROVIDE (_end = .)
                0x00000000200007c8                . = (. + _Min_Heap_Size)
 *fill*         0x00000000200005c8      0x200 
                0x0000000020000bc8                . = (. + _Min_Stack_Size)
 *fill*         0x00000000200007c8      0x400 
                0x0000000020000bc8                . = ALIGN (0x8)

/DISCARD/
 libc.a(*)
 libm.a(*)
 libgcc.a(*)

.ARM.attributes
                0x0000000000000000       0x30
 *(.ARM.attributes)
 .ARM.attributes
                0x0000000000000000       0x1e c:/st/stm32cubeide_1.12.1/stm32cubeide/plugins/com.st.stm32cube.ide.mcu.externaltools.gnu-tools-for-stm32.10.3-2021.10.win32_1.0.200.202301161003/tools/bin/../lib/gcc/arm-none-eabi/10.3.1/thumb/v7e-m+fp/hard/crti.o
 .ARM.attributes
                0x000000000000001e       0x34 c:/st/stm32cubeide_1.12.1/stm32cubeide/plugins/com.st.stm32cube.ide.mcu.externaltools.gnu-tools-for-stm32.10.3-2021.10.win32_1.0.200.202301161003/tools/bin/../lib/gcc/arm-none-eabi/10.3.1/thumb/v7e-m+fp/hard/crtbegin.o
 .ARM.attributes
                0x0000000000000052       0x34 ./Core/Src/ltc6811.o
 .ARM.attributes
                0x0000000000000086       0x34 ./Core/Src/main.o
 .ARM.attributes
                0x00000000000000ba       0x34 ./Core/Src/stm32g4xx_hal_msp.o
 .ARM.attributes
                0x00000000000000ee       0x34 ./Core/Src/stm32g4xx_it.o
 .ARM.attributes
                0x0000000000000122       0x34 ./Core/Src/system_stm32g4xx.o
 .ARM.attributes
                0x0000000000000156       0x21 ./Core/Startup/startup_stm32g474retx.o
 .ARM.attributes
                0x0000000000000177       0x34 ./Drivers/STM32G4xx_HAL_Driver/Src/stm32g4xx_hal.o
 .ARM.attributes
                0x00000000000001ab       0x34 ./Drivers/STM32G4xx_HAL_Driver/Src/stm32g4xx_hal_adc.o
 .ARM.attributes
                0x00000000000001df       0x34 ./Drivers/STM32G4xx_HAL_Driver/Src/stm32g4xx_hal_adc_ex.o
 .ARM.attributes
                0x0000000000000213       0x34 ./Drivers/STM32G4xx_HAL_Driver/Src/stm32g4xx_hal_cortex.o
 .ARM.attributes
                0x0000000000000247       0x34 ./Drivers/STM32G4xx_HAL_Driver/Src/stm32g4xx_hal_dma.o
 .ARM.attributes
                0x000000000000027b       0x34 ./Drivers/STM32G4xx_HAL_Driver/Src/stm32g4xx_hal_fdcan.o
 .ARM.attributes
                0x00000000000002af       0x34 ./Drivers/STM32G4xx_HAL_Driver/Src/stm32g4xx_hal_gpio.o
 .ARM.attributes
                0x00000000000002e3       0x34 ./Drivers/STM32G4xx_HAL_Driver/Src/stm32g4xx_hal_pwr_ex.o
 .ARM.attributes
                0x0000000000000317       0x34 ./Drivers/STM32G4xx_HAL_Driver/Src/stm32g4xx_hal_rcc.o
 .ARM.attributes
                0x000000000000034b       0x34 ./Drivers/STM32G4xx_HAL_Driver/Src/stm32g4xx_hal_rcc_ex.o
 .ARM.attributes
                0x000000000000037f       0x34 ./Drivers/STM32G4xx_HAL_Driver/Src/stm32g4xx_hal_rtc.o
 .ARM.attributes
                0x00000000000003b3       0x34 ./Drivers/STM32G4xx_HAL_Driver/Src/stm32g4xx_hal_spi.o
 .ARM.attributes
                0x00000000000003e7       0x34 c:/st/stm32cubeide_1.12.1/stm32cubeide/plugins/com.st.stm32cube.ide.mcu.externaltools.gnu-tools-for-stm32.10.3-2021.10.win32_1.0.200.202301161003/tools/bin/../lib/gcc/arm-none-eabi/10.3.1/../../../../arm-none-eabi/lib/thumb/v7e-m+fp/hard\libc_nano.a(lib_a-errno.o)
 .ARM.attributes
                0x000000000000041b       0x34 c:/st/stm32cubeide_1.12.1/stm32cubeide/plugins/com.st.stm32cube.ide.mcu.externaltools.gnu-tools-for-stm32.10.3-2021.10.win32_1.0.200.202301161003/tools/bin/../lib/gcc/arm-none-eabi/10.3.1/../../../../arm-none-eabi/lib/thumb/v7e-m+fp/hard\libc_nano.a(lib_a-impure.o)
 .ARM.attributes
                0x000000000000044f       0x34 c:/st/stm32cubeide_1.12.1/stm32cubeide/plugins/com.st.stm32cube.ide.mcu.externaltools.gnu-tools-for-stm32.10.3-2021.10.win32_1.0.200.202301161003/tools/bin/../lib/gcc/arm-none-eabi/10.3.1/../../../../arm-none-eabi/lib/thumb/v7e-m+fp/hard\libc_nano.a(lib_a-init.o)
 .ARM.attributes
                0x0000000000000483       0x34 c:/st/stm32cubeide_1.12.1/stm32cubeide/plugins/com.st.stm32cube.ide.mcu.externaltools.gnu-tools-for-stm32.10.3-2021.10.win32_1.0.200.202301161003/tools/bin/../lib/gcc/arm-none-eabi/10.3.1/../../../../arm-none-eabi/lib/thumb/v7e-m+fp/hard\libc_nano.a(lib_a-memset.o)
 .ARM.attributes
                0x00000000000004b7       0x34 c:/st/stm32cubeide_1.12.1/stm32cubeide/plugins/com.st.stm32cube.ide.mcu.externaltools.gnu-tools-for-stm32.10.3-2021.10.win32_1.0.200.202301161003/tools/bin/../lib/gcc/arm-none-eabi/10.3.1/../../../../arm-none-eabi/lib/thumb/v7e-m+fp/hard\libm.a(lib_a-w_log.o)
 .ARM.attributes
                0x00000000000004eb       0x34 c:/st/stm32cubeide_1.12.1/stm32cubeide/plugins/com.st.stm32cube.ide.mcu.externaltools.gnu-tools-for-stm32.10.3-2021.10.win32_1.0.200.202301161003/tools/bin/../lib/gcc/arm-none-eabi/10.3.1/../../../../arm-none-eabi/lib/thumb/v7e-m+fp/hard\libm.a(lib_a-e_log.o)
 .ARM.attributes
                0x000000000000051f       0x34 c:/st/stm32cubeide_1.12.1/stm32cubeide/plugins/com.st.stm32cube.ide.mcu.externaltools.gnu-tools-for-stm32.10.3-2021.10.win32_1.0.200.202301161003/tools/bin/../lib/gcc/arm-none-eabi/10.3.1/../../../../arm-none-eabi/lib/thumb/v7e-m+fp/hard\libm.a(lib_a-s_nan.o)
 .ARM.attributes
                0x0000000000000553       0x1e c:/st/stm32cubeide_1.12.1/stm32cubeide/plugins/com.st.stm32cube.ide.mcu.externaltools.gnu-tools-for-stm32.10.3-2021.10.win32_1.0.200.202301161003/tools/bin/../lib/gcc/arm-none-eabi/10.3.1/thumb/v7e-m+fp/hard\libgcc.a(_arm_addsubdf3.o)
 .ARM.attributes
                0x0000000000000571       0x1e c:/st/stm32cubeide_1.12.1/stm32cubeide/plugins/com.st.stm32cube.ide.mcu.externaltools.gnu-tools-for-stm32.10.3-2021.10.win32_1.0.200.202301161003/tools/bin/../lib/gcc/arm-none-eabi/10.3.1/thumb/v7e-m+fp/hard\libgcc.a(_arm_muldivdf3.o)
 .ARM.attributes
                0x000000000000058f       0x1e c:/st/stm32cubeide_1.12.1/stm32cubeide/plugins/com.st.stm32cube.ide.mcu.externaltools.gnu-tools-for-stm32.10.3-2021.10.win32_1.0.200.202301161003/tools/bin/../lib/gcc/arm-none-eabi/10.3.1/thumb/v7e-m+fp/hard\libgcc.a(_arm_cmpdf2.o)
 .ARM.attributes
                0x00000000000005ad       0x1e c:/st/stm32cubeide_1.12.1/stm32cubeide/plugins/com.st.stm32cube.ide.mcu.externaltools.gnu-tools-for-stm32.10.3-2021.10.win32_1.0.200.202301161003/tools/bin/../lib/gcc/arm-none-eabi/10.3.1/thumb/v7e-m+fp/hard\libgcc.a(_arm_unorddf2.o)
 .ARM.attributes
                0x00000000000005cb       0x1e c:/st/stm32cubeide_1.12.1/stm32cubeide/plugins/com.st.stm32cube.ide.mcu.externaltools.gnu-tools-for-stm32.10.3-2021.10.win32_1.0.200.202301161003/tools/bin/../lib/gcc/arm-none-eabi/10.3.1/thumb/v7e-m+fp/hard\libgcc.a(_arm_truncdfsf2.o)
 .ARM.attributes
                0x00000000000005e9       0x1e c:/st/stm32cubeide_1.12.1/stm32cubeide/plugins/com.st.stm32cube.ide.mcu.externaltools.gnu-tools-for-stm32.10.3-2021.10.win32_1.0.200.202301161003/tools/bin/../lib/gcc/arm-none-eabi/10.3.1/thumb/v7e-m+fp/hard/crtn.o
OUTPUT(AMS-Master.elf elf32-littlearm)
LOAD linker stubs
LOAD c:/st/stm32cubeide_1.12.1/stm32cubeide/plugins/com.st.stm32cube.ide.mcu.externaltools.gnu-tools-for-stm32.10.3-2021.10.win32_1.0.200.202301161003/tools/bin/../lib/gcc/arm-none-eabi/10.3.1/../../../../arm-none-eabi/lib/thumb/v7e-m+fp/hard\libc.a
LOAD c:/st/stm32cubeide_1.12.1/stm32cubeide/plugins/com.st.stm32cube.ide.mcu.externaltools.gnu-tools-for-stm32.10.3-2021.10.win32_1.0.200.202301161003/tools/bin/../lib/gcc/arm-none-eabi/10.3.1/../../../../arm-none-eabi/lib/thumb/v7e-m+fp/hard\libm.a
LOAD c:/st/stm32cubeide_1.12.1/stm32cubeide/plugins/com.st.stm32cube.ide.mcu.externaltools.gnu-tools-for-stm32.10.3-2021.10.win32_1.0.200.202301161003/tools/bin/../lib/gcc/arm-none-eabi/10.3.1/thumb/v7e-m+fp/hard\libgcc.a

.debug_info     0x0000000000000000    0x133b4
 .debug_info    0x0000000000000000     0x110d ./Core/Src/ltc6811.o
 .debug_info    0x000000000000110d     0x2604 ./Core/Src/main.o
 .debug_info    0x0000000000003711     0x1da9 ./Core/Src/stm32g4xx_hal_msp.o
 .debug_info    0x00000000000054ba      0x957 ./Core/Src/stm32g4xx_it.o
 .debug_info    0x0000000000005e11      0x59f ./Core/Src/system_stm32g4xx.o
 .debug_info    0x00000000000063b0       0x22 ./Core/Startup/startup_stm32g474retx.o
 .debug_info    0x00000000000063d2      0xb9d ./Drivers/STM32G4xx_HAL_Driver/Src/stm32g4xx_hal.o
 .debug_info    0x0000000000006f6f     0x213e ./Drivers/STM32G4xx_HAL_Driver/Src/stm32g4xx_hal_adc.o
 .debug_info    0x00000000000090ad     0x1e4b ./Drivers/STM32G4xx_HAL_Driver/Src/stm32g4xx_hal_adc_ex.o
 .debug_info    0x000000000000aef8      0xe7e ./Drivers/STM32G4xx_HAL_Driver/Src/stm32g4xx_hal_cortex.o
 .debug_info    0x000000000000bd76      0x8ee ./Drivers/STM32G4xx_HAL_Driver/Src/stm32g4xx_hal_dma.o
 .debug_info    0x000000000000c664     0x1983 ./Drivers/STM32G4xx_HAL_Driver/Src/stm32g4xx_hal_fdcan.o
 .debug_info    0x000000000000dfe7      0x82f ./Drivers/STM32G4xx_HAL_Driver/Src/stm32g4xx_hal_gpio.o
 .debug_info    0x000000000000e816      0x983 ./Drivers/STM32G4xx_HAL_Driver/Src/stm32g4xx_hal_pwr_ex.o
 .debug_info    0x000000000000f199      0xcb7 ./Drivers/STM32G4xx_HAL_Driver/Src/stm32g4xx_hal_rcc.o
 .debug_info    0x000000000000fe50      0xd32 ./Drivers/STM32G4xx_HAL_Driver/Src/stm32g4xx_hal_rcc_ex.o
 .debug_info    0x0000000000010b82      0xf7a ./Drivers/STM32G4xx_HAL_Driver/Src/stm32g4xx_hal_rtc.o
 .debug_info    0x0000000000011afc     0x18b8 ./Drivers/STM32G4xx_HAL_Driver/Src/stm32g4xx_hal_spi.o

.debug_abbrev   0x0000000000000000     0x2754
 .debug_abbrev  0x0000000000000000      0x2f0 ./Core/Src/ltc6811.o
 .debug_abbrev  0x00000000000002f0      0x37b ./Core/Src/main.o
 .debug_abbrev  0x000000000000066b      0x25c ./Core/Src/stm32g4xx_hal_msp.o
 .debug_abbrev  0x00000000000008c7      0x182 ./Core/Src/stm32g4xx_it.o
 .debug_abbrev  0x0000000000000a49      0x116 ./Core/Src/system_stm32g4xx.o
 .debug_abbrev  0x0000000000000b5f       0x12 ./Core/Startup/startup_stm32g474retx.o
 .debug_abbrev  0x0000000000000b71      0x269 ./Drivers/STM32G4xx_HAL_Driver/Src/stm32g4xx_hal.o
 .debug_abbrev  0x0000000000000dda      0x2bf ./Drivers/STM32G4xx_HAL_Driver/Src/stm32g4xx_hal_adc.o
 .debug_abbrev  0x0000000000001099      0x2da ./Drivers/STM32G4xx_HAL_Driver/Src/stm32g4xx_hal_adc_ex.o
 .debug_abbrev  0x0000000000001373      0x30d ./Drivers/STM32G4xx_HAL_Driver/Src/stm32g4xx_hal_cortex.o
 .debug_abbrev  0x0000000000001680      0x1d7 ./Drivers/STM32G4xx_HAL_Driver/Src/stm32g4xx_hal_dma.o
 .debug_abbrev  0x0000000000001857      0x1d3 ./Drivers/STM32G4xx_HAL_Driver/Src/stm32g4xx_hal_fdcan.o
 .debug_abbrev  0x0000000000001a2a      0x1bb ./Drivers/STM32G4xx_HAL_Driver/Src/stm32g4xx_hal_gpio.o
 .debug_abbrev  0x0000000000001be5      0x229 ./Drivers/STM32G4xx_HAL_Driver/Src/stm32g4xx_hal_pwr_ex.o
 .debug_abbrev  0x0000000000001e0e      0x2bd ./Drivers/STM32G4xx_HAL_Driver/Src/stm32g4xx_hal_rcc.o
 .debug_abbrev  0x00000000000020cb      0x247 ./Drivers/STM32G4xx_HAL_Driver/Src/stm32g4xx_hal_rcc_ex.o
 .debug_abbrev  0x0000000000002312      0x1ee ./Drivers/STM32G4xx_HAL_Driver/Src/stm32g4xx_hal_rtc.o
 .debug_abbrev  0x0000000000002500      0x254 ./Drivers/STM32G4xx_HAL_Driver/Src/stm32g4xx_hal_spi.o

.debug_aranges  0x0000000000000000     0x10f0
 .debug_aranges
                0x0000000000000000       0xa8 ./Core/Src/ltc6811.o
 .debug_aranges
                0x00000000000000a8       0xa0 ./Core/Src/main.o
 .debug_aranges
                0x0000000000000148       0x60 ./Core/Src/stm32g4xx_hal_msp.o
 .debug_aranges
                0x00000000000001a8       0x70 ./Core/Src/stm32g4xx_it.o
 .debug_aranges
                0x0000000000000218       0x28 ./Core/Src/system_stm32g4xx.o
 .debug_aranges
                0x0000000000000240       0x28 ./Core/Startup/startup_stm32g474retx.o
 .debug_aranges
                0x0000000000000268      0x130 ./Drivers/STM32G4xx_HAL_Driver/Src/stm32g4xx_hal.o
 .debug_aranges
                0x0000000000000398      0x248 ./Drivers/STM32G4xx_HAL_Driver/Src/stm32g4xx_hal_adc.o
 .debug_aranges
                0x00000000000005e0      0x1c0 ./Drivers/STM32G4xx_HAL_Driver/Src/stm32g4xx_hal_adc_ex.o
 .debug_aranges
                0x00000000000007a0      0x118 ./Drivers/STM32G4xx_HAL_Driver/Src/stm32g4xx_hal_cortex.o
 .debug_aranges
                0x00000000000008b8       0x90 ./Drivers/STM32G4xx_HAL_Driver/Src/stm32g4xx_hal_dma.o
 .debug_aranges
                0x0000000000000948      0x208 ./Drivers/STM32G4xx_HAL_Driver/Src/stm32g4xx_hal_fdcan.o
 .debug_aranges
                0x0000000000000b50       0x58 ./Drivers/STM32G4xx_HAL_Driver/Src/stm32g4xx_hal_gpio.o
 .debug_aranges
                0x0000000000000ba8      0x140 ./Drivers/STM32G4xx_HAL_Driver/Src/stm32g4xx_hal_pwr_ex.o
 .debug_aranges
                0x0000000000000ce8       0x98 ./Drivers/STM32G4xx_HAL_Driver/Src/stm32g4xx_hal_rcc.o
 .debug_aranges
                0x0000000000000d80       0xb0 ./Drivers/STM32G4xx_HAL_Driver/Src/stm32g4xx_hal_rcc_ex.o
 .debug_aranges
                0x0000000000000e30       0xe8 ./Drivers/STM32G4xx_HAL_Driver/Src/stm32g4xx_hal_rtc.o
 .debug_aranges
                0x0000000000000f18      0x1d8 ./Drivers/STM32G4xx_HAL_Driver/Src/stm32g4xx_hal_spi.o

.debug_ranges   0x0000000000000000      0xfd8
 .debug_ranges  0x0000000000000000       0x98 ./Core/Src/ltc6811.o
 .debug_ranges  0x0000000000000098       0x90 ./Core/Src/main.o
 .debug_ranges  0x0000000000000128       0x50 ./Core/Src/stm32g4xx_hal_msp.o
 .debug_ranges  0x0000000000000178       0x60 ./Core/Src/stm32g4xx_it.o
 .debug_ranges  0x00000000000001d8       0x18 ./Core/Src/system_stm32g4xx.o
 .debug_ranges  0x00000000000001f0       0x20 ./Core/Startup/startup_stm32g474retx.o
 .debug_ranges  0x0000000000000210      0x120 ./Drivers/STM32G4xx_HAL_Driver/Src/stm32g4xx_hal.o
 .debug_ranges  0x0000000000000330      0x238 ./Drivers/STM32G4xx_HAL_Driver/Src/stm32g4xx_hal_adc.o
 .debug_ranges  0x0000000000000568      0x1b0 ./Drivers/STM32G4xx_HAL_Driver/Src/stm32g4xx_hal_adc_ex.o
 .debug_ranges  0x0000000000000718      0x108 ./Drivers/STM32G4xx_HAL_Driver/Src/stm32g4xx_hal_cortex.o
 .debug_ranges  0x0000000000000820       0x80 ./Drivers/STM32G4xx_HAL_Driver/Src/stm32g4xx_hal_dma.o
 .debug_ranges  0x00000000000008a0      0x1f8 ./Drivers/STM32G4xx_HAL_Driver/Src/stm32g4xx_hal_fdcan.o
 .debug_ranges  0x0000000000000a98       0x48 ./Drivers/STM32G4xx_HAL_Driver/Src/stm32g4xx_hal_gpio.o
 .debug_ranges  0x0000000000000ae0      0x130 ./Drivers/STM32G4xx_HAL_Driver/Src/stm32g4xx_hal_pwr_ex.o
 .debug_ranges  0x0000000000000c10       0x88 ./Drivers/STM32G4xx_HAL_Driver/Src/stm32g4xx_hal_rcc.o
 .debug_ranges  0x0000000000000c98       0xa0 ./Drivers/STM32G4xx_HAL_Driver/Src/stm32g4xx_hal_rcc_ex.o
 .debug_ranges  0x0000000000000d38       0xd8 ./Drivers/STM32G4xx_HAL_Driver/Src/stm32g4xx_hal_rtc.o
 .debug_ranges  0x0000000000000e10      0x1c8 ./Drivers/STM32G4xx_HAL_Driver/Src/stm32g4xx_hal_spi.o

.debug_macro    0x0000000000000000    0x28655
 .debug_macro   0x0000000000000000      0x303 ./Core/Src/ltc6811.o
 .debug_macro   0x0000000000000303      0xa78 ./Core/Src/ltc6811.o
 .debug_macro   0x0000000000000d7b      0x167 ./Core/Src/ltc6811.o
 .debug_macro   0x0000000000000ee2       0x2e ./Core/Src/ltc6811.o
 .debug_macro   0x0000000000000f10       0x28 ./Core/Src/ltc6811.o
 .debug_macro   0x0000000000000f38       0x22 ./Core/Src/ltc6811.o
 .debug_macro   0x0000000000000f5a       0x8e ./Core/Src/ltc6811.o
 .debug_macro   0x0000000000000fe8       0x51 ./Core/Src/ltc6811.o
 .debug_macro   0x0000000000001039      0x103 ./Core/Src/ltc6811.o
 .debug_macro   0x000000000000113c       0x6a ./Core/Src/ltc6811.o
 .debug_macro   0x00000000000011a6      0x1df ./Core/Src/ltc6811.o
 .debug_macro   0x0000000000001385       0x1c ./Core/Src/ltc6811.o
 .debug_macro   0x00000000000013a1       0x22 ./Core/Src/ltc6811.o
 .debug_macro   0x00000000000013c3       0xfb ./Core/Src/ltc6811.o
 .debug_macro   0x00000000000014be     0x1011 ./Core/Src/ltc6811.o
 .debug_macro   0x00000000000024cf      0x11f ./Core/Src/ltc6811.o
 .debug_macro   0x00000000000025ee    0x18b93 ./Core/Src/ltc6811.o
 .debug_macro   0x000000000001b181       0x6d ./Core/Src/ltc6811.o
 .debug_macro   0x000000000001b1ee     0x3554 ./Core/Src/ltc6811.o
 .debug_macro   0x000000000001e742      0x174 ./Core/Src/ltc6811.o
 .debug_macro   0x000000000001e8b6       0x5c ./Core/Src/ltc6811.o
 .debug_macro   0x000000000001e912     0x171f ./Core/Src/ltc6811.o
 .debug_macro   0x0000000000020031      0x600 ./Core/Src/ltc6811.o
 .debug_macro   0x0000000000020631      0x1b6 ./Core/Src/ltc6811.o
 .debug_macro   0x00000000000207e7      0x34a ./Core/Src/ltc6811.o
 .debug_macro   0x0000000000020b31      0x53c ./Core/Src/ltc6811.o
 .debug_macro   0x000000000002106d      0x18b ./Core/Src/ltc6811.o
 .debug_macro   0x00000000000211f8       0x43 ./Core/Src/ltc6811.o
 .debug_macro   0x000000000002123b      0x23d ./Core/Src/ltc6811.o
 .debug_macro   0x0000000000021478     0x10fd ./Core/Src/ltc6811.o
 .debug_macro   0x0000000000022575      0x72e ./Core/Src/ltc6811.o
 .debug_macro   0x0000000000022ca3      0x391 ./Core/Src/ltc6811.o
 .debug_macro   0x0000000000023034      0x211 ./Core/Src/ltc6811.o
 .debug_macro   0x0000000000023245      0x6af ./Core/Src/ltc6811.o
 .debug_macro   0x00000000000238f4      0x45c ./Core/Src/ltc6811.o
 .debug_macro   0x0000000000023d50      0x11c ./Core/Src/ltc6811.o
 .debug_macro   0x0000000000023e6c      0x122 ./Core/Src/ltc6811.o
 .debug_macro   0x0000000000023f8e      0x3d1 ./Core/Src/ltc6811.o
 .debug_macro   0x000000000002435f      0x360 ./Core/Src/ltc6811.o
 .debug_macro   0x00000000000246bf      0x5b3 ./Core/Src/ltc6811.o
 .debug_macro   0x0000000000024c72       0xdd ./Core/Src/ltc6811.o
 .debug_macro   0x0000000000024d4f      0x2fe ./Core/Src/ltc6811.o
 .debug_macro   0x000000000002504d      0x358 ./Core/Src/ltc6811.o
 .debug_macro   0x00000000000253a5       0x28 ./Core/Src/ltc6811.o
 .debug_macro   0x00000000000253cd       0x22 ./Core/Src/ltc6811.o
 .debug_macro   0x00000000000253ef      0x233 ./Core/Src/ltc6811.o
 .debug_macro   0x0000000000025622       0x52 ./Core/Src/ltc6811.o
 .debug_macro   0x0000000000025674       0x1e ./Core/Src/ltc6811.o
 .debug_macro   0x0000000000025692       0x3c ./Core/Src/ltc6811.o
 .debug_macro   0x00000000000256ce       0x3a ./Core/Src/ltc6811.o
 .debug_macro   0x0000000000025708       0x35 ./Core/Src/ltc6811.o
 .debug_macro   0x000000000002573d      0x460 ./Core/Src/ltc6811.o
 .debug_macro   0x0000000000025b9d       0x16 ./Core/Src/ltc6811.o
 .debug_macro   0x0000000000025bb3       0x43 ./Core/Src/ltc6811.o
 .debug_macro   0x0000000000025bf6       0x34 ./Core/Src/ltc6811.o
 .debug_macro   0x0000000000025c2a       0x10 ./Core/Src/ltc6811.o
 .debug_macro   0x0000000000025c3a       0x58 ./Core/Src/ltc6811.o
 .debug_macro   0x0000000000025c92       0x71 ./Core/Src/ltc6811.o
 .debug_macro   0x0000000000025d03       0x1c ./Core/Src/ltc6811.o
 .debug_macro   0x0000000000025d1f      0x12a ./Core/Src/ltc6811.o
 .debug_macro   0x0000000000025e49      0x341 ./Core/Src/ltc6811.o
 .debug_macro   0x000000000002618a      0x19b ./Core/Src/ltc6811.o
 .debug_macro   0x0000000000026325      0x2ca ./Core/Src/main.o
 .debug_macro   0x00000000000265ef      0x210 ./Core/Src/stm32g4xx_hal_msp.o
 .debug_macro   0x00000000000267ff      0x21a ./Core/Src/stm32g4xx_it.o
 .debug_macro   0x0000000000026a19      0x201 ./Core/Src/system_stm32g4xx.o
 .debug_macro   0x0000000000026c1a      0x24f ./Drivers/STM32G4xx_HAL_Driver/Src/stm32g4xx_hal.o
 .debug_macro   0x0000000000026e69      0x21e ./Drivers/STM32G4xx_HAL_Driver/Src/stm32g4xx_hal_adc.o
 .debug_macro   0x0000000000027087      0x20d ./Drivers/STM32G4xx_HAL_Driver/Src/stm32g4xx_hal_adc_ex.o
 .debug_macro   0x0000000000027294      0x201 ./Drivers/STM32G4xx_HAL_Driver/Src/stm32g4xx_hal_cortex.o
 .debug_macro   0x0000000000027495      0x201 ./Drivers/STM32G4xx_HAL_Driver/Src/stm32g4xx_hal_dma.o
 .debug_macro   0x0000000000027696      0x313 ./Drivers/STM32G4xx_HAL_Driver/Src/stm32g4xx_hal_fdcan.o
 .debug_macro   0x00000000000279a9      0x208 ./Drivers/STM32G4xx_HAL_Driver/Src/stm32g4xx_hal_gpio.o
 .debug_macro   0x0000000000027bb1      0x22b ./Drivers/STM32G4xx_HAL_Driver/Src/stm32g4xx_hal_pwr_ex.o
 .debug_macro   0x0000000000027ddc      0x243 ./Drivers/STM32G4xx_HAL_Driver/Src/stm32g4xx_hal_rcc.o
 .debug_macro   0x000000000002801f      0x22b ./Drivers/STM32G4xx_HAL_Driver/Src/stm32g4xx_hal_rcc_ex.o
 .debug_macro   0x000000000002824a      0x202 ./Drivers/STM32G4xx_HAL_Driver/Src/stm32g4xx_hal_rtc.o
 .debug_macro   0x000000000002844c      0x209 ./Drivers/STM32G4xx_HAL_Driver/Src/stm32g4xx_hal_spi.o

.debug_line     0x0000000000000000    0x11a75
 .debug_line    0x0000000000000000      0xefb ./Core/Src/ltc6811.o
 .debug_line    0x0000000000000efb      0xcf9 ./Core/Src/main.o
 .debug_line    0x0000000000001bf4      0x928 ./Core/Src/stm32g4xx_hal_msp.o
 .debug_line    0x000000000000251c      0x82f ./Core/Src/stm32g4xx_it.o
 .debug_line    0x0000000000002d4b      0x7a6 ./Core/Src/system_stm32g4xx.o
 .debug_line    0x00000000000034f1       0x89 ./Core/Startup/startup_stm32g474retx.o
 .debug_line    0x000000000000357a      0xb1d ./Drivers/STM32G4xx_HAL_Driver/Src/stm32g4xx_hal.o
 .debug_line    0x0000000000004097     0x2184 ./Drivers/STM32G4xx_HAL_Driver/Src/stm32g4xx_hal_adc.o
 .debug_line    0x000000000000621b     0x1b5b ./Drivers/STM32G4xx_HAL_Driver/Src/stm32g4xx_hal_adc_ex.o
 .debug_line    0x0000000000007d76      0xcd0 ./Drivers/STM32G4xx_HAL_Driver/Src/stm32g4xx_hal_cortex.o
 .debug_line    0x0000000000008a46      0xe89 ./Drivers/STM32G4xx_HAL_Driver/Src/stm32g4xx_hal_dma.o
 .debug_line    0x00000000000098cf     0x1896 ./Drivers/STM32G4xx_HAL_Driver/Src/stm32g4xx_hal_fdcan.o
 .debug_line    0x000000000000b165      0xb60 ./Drivers/STM32G4xx_HAL_Driver/Src/stm32g4xx_hal_gpio.o
 .debug_line    0x000000000000bcc5      0xcd4 ./Drivers/STM32G4xx_HAL_Driver/Src/stm32g4xx_hal_pwr_ex.o
 .debug_line    0x000000000000c999      0xf33 ./Drivers/STM32G4xx_HAL_Driver/Src/stm32g4xx_hal_rcc.o
 .debug_line    0x000000000000d8cc     0x1240 ./Drivers/STM32G4xx_HAL_Driver/Src/stm32g4xx_hal_rcc_ex.o
 .debug_line    0x000000000000eb0c     0x1002 ./Drivers/STM32G4xx_HAL_Driver/Src/stm32g4xx_hal_rtc.o
 .debug_line    0x000000000000fb0e     0x1f67 ./Drivers/STM32G4xx_HAL_Driver/Src/stm32g4xx_hal_spi.o

.debug_str      0x0000000000000000   0x10908d
 .debug_str     0x0000000000000000   0x102f96 ./Core/Src/ltc6811.o
                                     0x10359a (size before relaxing)
 .debug_str     0x0000000000102f96     0x14e4 ./Core/Src/main.o
                                     0x1016c8 (size before relaxing)
 .debug_str     0x000000000010447a      0x386 ./Core/Src/stm32g4xx_hal_msp.o
                                      0xff546 (size before relaxing)
 .debug_str     0x0000000000104800      0x11a ./Core/Src/stm32g4xx_it.o
                                      0xfe48c (size before relaxing)
 .debug_str     0x000000000010491a       0xd6 ./Core/Src/system_stm32g4xx.o
                                      0xfdf49 (size before relaxing)
 .debug_str     0x00000000001049f0       0x36 ./Core/Startup/startup_stm32g474retx.o
                                         0x8d (size before relaxing)
 .debug_str     0x0000000000104a26      0x538 ./Drivers/STM32G4xx_HAL_Driver/Src/stm32g4xx_hal.o
                                      0xfec34 (size before relaxing)
 .debug_str     0x0000000000104f5e      0xabc ./Drivers/STM32G4xx_HAL_Driver/Src/stm32g4xx_hal_adc.o
                                      0xfef9a (size before relaxing)
 .debug_str     0x0000000000105a1a      0x641 ./Drivers/STM32G4xx_HAL_Driver/Src/stm32g4xx_hal_adc_ex.o
                                      0xfef10 (size before relaxing)
 .debug_str     0x000000000010605b      0x318 ./Drivers/STM32G4xx_HAL_Driver/Src/stm32g4xx_hal_cortex.o
                                      0xfe8df (size before relaxing)
 .debug_str     0x0000000000106373      0x280 ./Drivers/STM32G4xx_HAL_Driver/Src/stm32g4xx_hal_dma.o
                                      0xfe323 (size before relaxing)
 .debug_str     0x00000000001065f3     0x130d ./Drivers/STM32G4xx_HAL_Driver/Src/stm32g4xx_hal_fdcan.o
                                      0xff4e2 (size before relaxing)
 .debug_str     0x0000000000107900      0x110 ./Drivers/STM32G4xx_HAL_Driver/Src/stm32g4xx_hal_gpio.o
                                      0xfe0d4 (size before relaxing)
 .debug_str     0x0000000000107a10      0x495 ./Drivers/STM32G4xx_HAL_Driver/Src/stm32g4xx_hal_pwr_ex.o
                                      0xfe437 (size before relaxing)
 .debug_str     0x0000000000107ea5      0x506 ./Drivers/STM32G4xx_HAL_Driver/Src/stm32g4xx_hal_rcc.o
                                      0xfe668 (size before relaxing)
 .debug_str     0x00000000001083ab      0x40b ./Drivers/STM32G4xx_HAL_Driver/Src/stm32g4xx_hal_rcc_ex.o
                                      0xfe692 (size before relaxing)
 .debug_str     0x00000000001087b6      0x38c ./Drivers/STM32G4xx_HAL_Driver/Src/stm32g4xx_hal_rtc.o
                                      0xfe41f (size before relaxing)
 .debug_str     0x0000000000108b42      0x54b ./Drivers/STM32G4xx_HAL_Driver/Src/stm32g4xx_hal_spi.o
                                      0xfe881 (size before relaxing)

.comment        0x0000000000000000       0x50
 .comment       0x0000000000000000       0x50 ./Core/Src/ltc6811.o
                                         0x51 (size before relaxing)
 .comment       0x0000000000000050       0x51 ./Core/Src/main.o
 .comment       0x0000000000000050       0x51 ./Core/Src/stm32g4xx_hal_msp.o
 .comment       0x0000000000000050       0x51 ./Core/Src/stm32g4xx_it.o
 .comment       0x0000000000000050       0x51 ./Core/Src/system_stm32g4xx.o
 .comment       0x0000000000000050       0x51 ./Drivers/STM32G4xx_HAL_Driver/Src/stm32g4xx_hal.o
 .comment       0x0000000000000050       0x51 ./Drivers/STM32G4xx_HAL_Driver/Src/stm32g4xx_hal_adc.o
 .comment       0x0000000000000050       0x51 ./Drivers/STM32G4xx_HAL_Driver/Src/stm32g4xx_hal_adc_ex.o
 .comment       0x0000000000000050       0x51 ./Drivers/STM32G4xx_HAL_Driver/Src/stm32g4xx_hal_cortex.o
 .comment       0x0000000000000050       0x51 ./Drivers/STM32G4xx_HAL_Driver/Src/stm32g4xx_hal_dma.o
 .comment       0x0000000000000050       0x51 ./Drivers/STM32G4xx_HAL_Driver/Src/stm32g4xx_hal_fdcan.o
 .comment       0x0000000000000050       0x51 ./Drivers/STM32G4xx_HAL_Driver/Src/stm32g4xx_hal_gpio.o
 .comment       0x0000000000000050       0x51 ./Drivers/STM32G4xx_HAL_Driver/Src/stm32g4xx_hal_pwr_ex.o
 .comment       0x0000000000000050       0x51 ./Drivers/STM32G4xx_HAL_Driver/Src/stm32g4xx_hal_rcc.o
 .comment       0x0000000000000050       0x51 ./Drivers/STM32G4xx_HAL_Driver/Src/stm32g4xx_hal_rcc_ex.o
 .comment       0x0000000000000050       0x51 ./Drivers/STM32G4xx_HAL_Driver/Src/stm32g4xx_hal_rtc.o
 .comment       0x0000000000000050       0x51 ./Drivers/STM32G4xx_HAL_Driver/Src/stm32g4xx_hal_spi.o

.debug_frame    0x0000000000000000     0x4ad4
 .debug_frame   0x0000000000000000      0x2ac ./Core/Src/ltc6811.o
 .debug_frame   0x00000000000002ac      0x260 ./Core/Src/main.o
 .debug_frame   0x000000000000050c      0x160 ./Core/Src/stm32g4xx_hal_msp.o
 .debug_frame   0x000000000000066c      0x13c ./Core/Src/stm32g4xx_it.o
 .debug_frame   0x00000000000007a8       0x58 ./Core/Src/system_stm32g4xx.o
 .debug_frame   0x0000000000000800      0x4a0 ./Drivers/STM32G4xx_HAL_Driver/Src/stm32g4xx_hal.o
 .debug_frame   0x0000000000000ca0      0xacc ./Drivers/STM32G4xx_HAL_Driver/Src/stm32g4xx_hal_adc.o
 .debug_frame   0x000000000000176c      0x81c ./Drivers/STM32G4xx_HAL_Driver/Src/stm32g4xx_hal_adc_ex.o
 .debug_frame   0x0000000000001f88      0x498 ./Drivers/STM32G4xx_HAL_Driver/Src/stm32g4xx_hal_cortex.o
 .debug_frame   0x0000000000002420      0x24c ./Drivers/STM32G4xx_HAL_Driver/Src/stm32g4xx_hal_dma.o
 .debug_frame   0x000000000000266c      0x9b0 ./Drivers/STM32G4xx_HAL_Driver/Src/stm32g4xx_hal_fdcan.o
 .debug_frame   0x000000000000301c      0x14c ./Drivers/STM32G4xx_HAL_Driver/Src/stm32g4xx_hal_gpio.o
 .debug_frame   0x0000000000003168      0x4fc ./Drivers/STM32G4xx_HAL_Driver/Src/stm32g4xx_hal_pwr_ex.o
 .debug_frame   0x0000000000003664      0x23c ./Drivers/STM32G4xx_HAL_Driver/Src/stm32g4xx_hal_rcc.o
 .debug_frame   0x00000000000038a0      0x2ac ./Drivers/STM32G4xx_HAL_Driver/Src/stm32g4xx_hal_rcc_ex.o
 .debug_frame   0x0000000000003b4c      0x3f4 ./Drivers/STM32G4xx_HAL_Driver/Src/stm32g4xx_hal_rtc.o
 .debug_frame   0x0000000000003f40      0x860 ./Drivers/STM32G4xx_HAL_Driver/Src/stm32g4xx_hal_spi.o
 .debug_frame   0x00000000000047a0       0x20 c:/st/stm32cubeide_1.12.1/stm32cubeide/plugins/com.st.stm32cube.ide.mcu.externaltools.gnu-tools-for-stm32.10.3-2021.10.win32_1.0.200.202301161003/tools/bin/../lib/gcc/arm-none-eabi/10.3.1/../../../../arm-none-eabi/lib/thumb/v7e-m+fp/hard\libc_nano.a(lib_a-errno.o)
 .debug_frame   0x00000000000047c0       0x2c c:/st/stm32cubeide_1.12.1/stm32cubeide/plugins/com.st.stm32cube.ide.mcu.externaltools.gnu-tools-for-stm32.10.3-2021.10.win32_1.0.200.202301161003/tools/bin/../lib/gcc/arm-none-eabi/10.3.1/../../../../arm-none-eabi/lib/thumb/v7e-m+fp/hard\libc_nano.a(lib_a-init.o)
 .debug_frame   0x00000000000047ec       0x20 c:/st/stm32cubeide_1.12.1/stm32cubeide/plugins/com.st.stm32cube.ide.mcu.externaltools.gnu-tools-for-stm32.10.3-2021.10.win32_1.0.200.202301161003/tools/bin/../lib/gcc/arm-none-eabi/10.3.1/../../../../arm-none-eabi/lib/thumb/v7e-m+fp/hard\libc_nano.a(lib_a-memset.o)
 .debug_frame   0x000000000000480c       0x4c c:/st/stm32cubeide_1.12.1/stm32cubeide/plugins/com.st.stm32cube.ide.mcu.externaltools.gnu-tools-for-stm32.10.3-2021.10.win32_1.0.200.202301161003/tools/bin/../lib/gcc/arm-none-eabi/10.3.1/../../../../arm-none-eabi/lib/thumb/v7e-m+fp/hard\libm.a(lib_a-w_log.o)
 .debug_frame   0x0000000000004858       0x58 c:/st/stm32cubeide_1.12.1/stm32cubeide/plugins/com.st.stm32cube.ide.mcu.externaltools.gnu-tools-for-stm32.10.3-2021.10.win32_1.0.200.202301161003/tools/bin/../lib/gcc/arm-none-eabi/10.3.1/../../../../arm-none-eabi/lib/thumb/v7e-m+fp/hard\libm.a(lib_a-e_log.o)
 .debug_frame   0x00000000000048b0       0x20 c:/st/stm32cubeide_1.12.1/stm32cubeide/plugins/com.st.stm32cube.ide.mcu.externaltools.gnu-tools-for-stm32.10.3-2021.10.win32_1.0.200.202301161003/tools/bin/../lib/gcc/arm-none-eabi/10.3.1/../../../../arm-none-eabi/lib/thumb/v7e-m+fp/hard\libm.a(lib_a-s_nan.o)
 .debug_frame   0x00000000000048d0       0xac c:/st/stm32cubeide_1.12.1/stm32cubeide/plugins/com.st.stm32cube.ide.mcu.externaltools.gnu-tools-for-stm32.10.3-2021.10.win32_1.0.200.202301161003/tools/bin/../lib/gcc/arm-none-eabi/10.3.1/thumb/v7e-m+fp/hard\libgcc.a(_arm_addsubdf3.o)
 .debug_frame   0x000000000000497c       0x50 c:/st/stm32cubeide_1.12.1/stm32cubeide/plugins/com.st.stm32cube.ide.mcu.externaltools.gnu-tools-for-stm32.10.3-2021.10.win32_1.0.200.202301161003/tools/bin/../lib/gcc/arm-none-eabi/10.3.1/thumb/v7e-m+fp/hard\libgcc.a(_arm_muldivdf3.o)
 .debug_frame   0x00000000000049cc       0xc4 c:/st/stm32cubeide_1.12.1/stm32cubeide/plugins/com.st.stm32cube.ide.mcu.externaltools.gnu-tools-for-stm32.10.3-2021.10.win32_1.0.200.202301161003/tools/bin/../lib/gcc/arm-none-eabi/10.3.1/thumb/v7e-m+fp/hard\libgcc.a(_arm_cmpdf2.o)
 .debug_frame   0x0000000000004a90       0x20 c:/st/stm32cubeide_1.12.1/stm32cubeide/plugins/com.st.stm32cube.ide.mcu.externaltools.gnu-tools-for-stm32.10.3-2021.10.win32_1.0.200.202301161003/tools/bin/../lib/gcc/arm-none-eabi/10.3.1/thumb/v7e-m+fp/hard\libgcc.a(_arm_unorddf2.o)
 .debug_frame   0x0000000000004ab0       0x24 c:/st/stm32cubeide_1.12.1/stm32cubeide/plugins/com.st.stm32cube.ide.mcu.externaltools.gnu-tools-for-stm32.10.3-2021.10.win32_1.0.200.202301161003/tools/bin/../lib/gcc/arm-none-eabi/10.3.1/thumb/v7e-m+fp/hard\libgcc.a(_arm_truncdfsf2.o)
