Archive member included to satisfy reference by file (symbol)

c:/st/stm32cubeide_1.12.1/stm32cubeide/plugins/com.st.stm32cube.ide.mcu.externaltools.gnu-tools-for-stm32.10.3-2021.10.win32_1.0.200.202301161003/tools/bin/../lib/gcc/arm-none-eabi/10.3.1/../../../../arm-none-eabi/lib/thumb/v7e-m+fp/hard\libc_nano.a(lib_a-errno.o)
                              ./Core/Src/syscalls.o (__errno)
c:/st/stm32cubeide_1.12.1/stm32cubeide/plugins/com.st.stm32cube.ide.mcu.externaltools.gnu-tools-for-stm32.10.3-2021.10.win32_1.0.200.202301161003/tools/bin/../lib/gcc/arm-none-eabi/10.3.1/../../../../arm-none-eabi/lib/thumb/v7e-m+fp/hard\libc_nano.a(lib_a-exit.o)
                              c:/st/stm32cubeide_1.12.1/stm32cubeide/plugins/com.st.stm32cube.ide.mcu.externaltools.gnu-tools-for-stm32.10.3-2021.10.win32_1.0.200.202301161003/tools/bin/../lib/gcc/arm-none-eabi/10.3.1/../../../../arm-none-eabi/lib/thumb/v7e-m+fp/hard/crt0.o (exit)
c:/st/stm32cubeide_1.12.1/stm32cubeide/plugins/com.st.stm32cube.ide.mcu.externaltools.gnu-tools-for-stm32.10.3-2021.10.win32_1.0.200.202301161003/tools/bin/../lib/gcc/arm-none-eabi/10.3.1/../../../../arm-none-eabi/lib/thumb/v7e-m+fp/hard\libc_nano.a(lib_a-impure.o)
                              c:/st/stm32cubeide_1.12.1/stm32cubeide/plugins/com.st.stm32cube.ide.mcu.externaltools.gnu-tools-for-stm32.10.3-2021.10.win32_1.0.200.202301161003/tools/bin/../lib/gcc/arm-none-eabi/10.3.1/../../../../arm-none-eabi/lib/thumb/v7e-m+fp/hard\libc_nano.a(lib_a-exit.o) (_global_impure_ptr)
c:/st/stm32cubeide_1.12.1/stm32cubeide/plugins/com.st.stm32cube.ide.mcu.externaltools.gnu-tools-for-stm32.10.3-2021.10.win32_1.0.200.202301161003/tools/bin/../lib/gcc/arm-none-eabi/10.3.1/../../../../arm-none-eabi/lib/thumb/v7e-m+fp/hard\libc_nano.a(lib_a-init.o)
                              c:/st/stm32cubeide_1.12.1/stm32cubeide/plugins/com.st.stm32cube.ide.mcu.externaltools.gnu-tools-for-stm32.10.3-2021.10.win32_1.0.200.202301161003/tools/bin/../lib/gcc/arm-none-eabi/10.3.1/../../../../arm-none-eabi/lib/thumb/v7e-m+fp/hard/crt0.o (__libc_init_array)
c:/st/stm32cubeide_1.12.1/stm32cubeide/plugins/com.st.stm32cube.ide.mcu.externaltools.gnu-tools-for-stm32.10.3-2021.10.win32_1.0.200.202301161003/tools/bin/../lib/gcc/arm-none-eabi/10.3.1/../../../../arm-none-eabi/lib/thumb/v7e-m+fp/hard\libc_nano.a(lib_a-memset.o)
                              c:/st/stm32cubeide_1.12.1/stm32cubeide/plugins/com.st.stm32cube.ide.mcu.externaltools.gnu-tools-for-stm32.10.3-2021.10.win32_1.0.200.202301161003/tools/bin/../lib/gcc/arm-none-eabi/10.3.1/../../../../arm-none-eabi/lib/thumb/v7e-m+fp/hard/crt0.o (memset)
c:/st/stm32cubeide_1.12.1/stm32cubeide/plugins/com.st.stm32cube.ide.mcu.externaltools.gnu-tools-for-stm32.10.3-2021.10.win32_1.0.200.202301161003/tools/bin/../lib/gcc/arm-none-eabi/10.3.1/../../../../arm-none-eabi/lib/thumb/v7e-m+fp/hard\libm.a(lib_a-w_log.o)
                              ./Core/Src/ltc6811.o (log)
c:/st/stm32cubeide_1.12.1/stm32cubeide/plugins/com.st.stm32cube.ide.mcu.externaltools.gnu-tools-for-stm32.10.3-2021.10.win32_1.0.200.202301161003/tools/bin/../lib/gcc/arm-none-eabi/10.3.1/../../../../arm-none-eabi/lib/thumb/v7e-m+fp/hard\libm.a(lib_a-e_log.o)
                              c:/st/stm32cubeide_1.12.1/stm32cubeide/plugins/com.st.stm32cube.ide.mcu.externaltools.gnu-tools-for-stm32.10.3-2021.10.win32_1.0.200.202301161003/tools/bin/../lib/gcc/arm-none-eabi/10.3.1/../../../../arm-none-eabi/lib/thumb/v7e-m+fp/hard\libm.a(lib_a-w_log.o) (__ieee754_log)
c:/st/stm32cubeide_1.12.1/stm32cubeide/plugins/com.st.stm32cube.ide.mcu.externaltools.gnu-tools-for-stm32.10.3-2021.10.win32_1.0.200.202301161003/tools/bin/../lib/gcc/arm-none-eabi/10.3.1/../../../../arm-none-eabi/lib/thumb/v7e-m+fp/hard\libm.a(lib_a-s_nan.o)
                              c:/st/stm32cubeide_1.12.1/stm32cubeide/plugins/com.st.stm32cube.ide.mcu.externaltools.gnu-tools-for-stm32.10.3-2021.10.win32_1.0.200.202301161003/tools/bin/../lib/gcc/arm-none-eabi/10.3.1/../../../../arm-none-eabi/lib/thumb/v7e-m+fp/hard\libm.a(lib_a-w_log.o) (nan)
c:/st/stm32cubeide_1.12.1/stm32cubeide/plugins/com.st.stm32cube.ide.mcu.externaltools.gnu-tools-for-stm32.10.3-2021.10.win32_1.0.200.202301161003/tools/bin/../lib/gcc/arm-none-eabi/10.3.1/thumb/v7e-m+fp/hard\libgcc.a(_arm_muldf3.o)
                              ./Core/Src/ltc6811.o (__aeabi_dmul)
c:/st/stm32cubeide_1.12.1/stm32cubeide/plugins/com.st.stm32cube.ide.mcu.externaltools.gnu-tools-for-stm32.10.3-2021.10.win32_1.0.200.202301161003/tools/bin/../lib/gcc/arm-none-eabi/10.3.1/thumb/v7e-m+fp/hard\libgcc.a(_arm_addsubdf3.o)
                              ./Core/Src/ltc6811.o (__aeabi_dsub)
c:/st/stm32cubeide_1.12.1/stm32cubeide/plugins/com.st.stm32cube.ide.mcu.externaltools.gnu-tools-for-stm32.10.3-2021.10.win32_1.0.200.202301161003/tools/bin/../lib/gcc/arm-none-eabi/10.3.1/thumb/v7e-m+fp/hard\libgcc.a(_arm_muldivdf3.o)
                              ./Core/Src/ltc6811.o (__aeabi_ddiv)
[...]
Memory Configuration

Name             Origin             Length             Attributes
RAM              0x0000000020000000 0x0000000000020000 xrw
FLASH            0x0000000008000000 0x0000000000080000 xr
*default*        0x0000000000000000 0xffffffffffffffff

Linker script and memory map

LOAD c:/st/stm32cubeide_1.12.1/stm32cubeide/plugins/com.st.stm32cube.ide.mcu.externaltools.gnu-tools-for-stm32.10.3-2021.10.win32_1.0.200.202301161003/tools/bin/../lib/gcc/arm-none-eabi/10.3.1/thumb/v7e-m+fp/hard/crti.o
LOAD c:/st/stm32cubeide_1.12.1/stm32cubeide/plugins/com.st.stm32cube.ide.mcu.externaltools.gnu-tools-for-stm32.10.3-2021.10.win32_1.0.200.202301161003/tools/bin/../lib/gcc/arm-none-eabi/10.3.1/thumb/v7e-m+fp/hard/crtbegin.o
LOAD c:/st/stm32cubeide_1.12.1/stm32cubeide/plugins/com.st.stm32cube.ide.mcu.externaltools.gnu-tools-for-stm32.10.3-2021.10.win32_1.0.200.202301161003/tools/bin/../lib/gcc/arm-none-eabi/10.3.1/../../../../arm-none-eabi/lib/thumb/v7e-m+fp/hard/crt0.o
LOAD ./Core/Src/ltc6811.o
LOAD ./Core/Src/main.o
LOAD ./Core/Src/stm32g4xx_hal_msp.o
LOAD ./Core/Src/stm32g4xx_it.o
LOAD ./Core/Src/syscalls.o
LOAD ./Core/Src/sysmem.o
LOAD ./Core/Src/system_stm32g4xx.o
LOAD ./Core/Startup/startup_stm32g474retx.o
LOAD ./Drivers/STM32G4xx_HAL_Driver/Src/stm32g4xx_hal.o
LOAD ./Drivers/STM32G4xx_HAL_Driver/Src/stm32g4xx_hal_adc.o
LOAD ./Drivers/STM32G4xx_HAL_Driver/Src/stm32g4xx_hal_adc_ex.o
LOAD ./Drivers/STM32G4xx_HAL_Driver/Src/stm32g4xx_hal_cortex.o
LOAD ./Drivers/STM32G4xx_HAL_Driver/Src/stm32g4xx_hal_dma.o
LOAD ./Drivers/STM32G4xx_HAL_Driver/Src/stm32g4xx_hal_dma_ex.o
LOAD ./Drivers/STM32G4xx_HAL_Driver/Src/stm32g4xx_hal_exti.o
LOAD ./Drivers/STM32G4xx_HAL_Driver/Src/stm32g4xx_hal_fdcan.o
LOAD ./Drivers/STM32G4xx_HAL_Driver/Src/stm32g4xx_hal_flash.o
LOAD ./Drivers/STM32G4xx_HAL_Driver/Src/stm32g4xx_hal_flash_ex.o
LOAD ./Drivers/STM32G4xx_HAL_Driver/Src/stm32g4xx_hal_flash_ramfunc.o
LOAD ./Drivers/STM32G4xx_HAL_Driver/Src/stm32g4xx_hal_gpio.o
LOAD ./Drivers/STM32G4xx_HAL_Driver/Src/stm32g4xx_hal_pwr.o
LOAD ./Drivers/STM32G4xx_HAL_Driver/Src/stm32g4xx_hal_pwr_ex.o
LOAD ./Drivers/STM32G4xx_HAL_Driver/Src/stm32g4xx_hal_rcc.o
LOAD ./Drivers/STM32G4xx_HAL_Driver/Src/stm32g4xx_hal_rcc_ex.o
LOAD ./Drivers/STM32G4xx_HAL_Driver/Src/stm32g4xx_hal_rtc.o
LOAD ./Drivers/STM32G4xx_HAL_Driver/Src/stm32g4xx_hal_rtc_ex.o
LOAD ./Drivers/STM32G4xx_HAL_Driver/Src/stm32g4xx_hal_spi.o
LOAD ./Drivers/STM32G4xx_HAL_Driver/Src/stm32g4xx_hal_spi_ex.o
LOAD ./Drivers/STM32G4xx_HAL_Driver/Src/stm32g4xx_hal_tim.o
LOAD ./Drivers/STM32G4xx_HAL_Driver/Src/stm32g4xx_hal_tim_ex.o
LOAD ./Drivers/STM32G4xx_HAL_Driver/Src/stm32g4xx_ll_adc.o
START GROUP
LOAD c:/st/stm32cubeide_1.12.1/stm32cubeide/plugins/com.st.stm32cube.ide.mcu.externaltools.gnu-tools-for-stm32.10.3-2021.10.win32_1.0.200.202301161003/tools/bin/../lib/gcc/arm-none-eabi/10.3.1/../../../../arm-none-eabi/lib/thumb/v7e-m+fp/hard\libc_nano.a
LOAD c:/st/stm32cubeide_1.12.1/stm32cubeide/plugins/com.st.stm32cube.ide.mcu.externaltools.gnu-tools-for-stm32.10.3-2021.10.win32_1.0.200.202301161003/tools/bin/../lib/gcc/arm-none-eabi/10.3.1/../../../../arm-none-eabi/lib/thumb/v7e-m+fp/hard\libm.a
END GROUP
START GROUP
LOAD c:/st/stm32cubeide_1.12.1/stm32cubeide/plugins/com.st.stm32cube.ide.mcu.externaltools.gnu-tools-for-stm32.10.3-2021.10.win32_1.0.200.202301161003/tools/bin/../lib/gcc/arm-none-eabi/10.3.1/thumb/v7e-m+fp/hard\libgcc.a
LOAD c:/st/stm32cubeide_1.12.1/stm32cubeide/plugins/com.st.stm32cube.ide.mcu.externaltools.gnu-tools-for-stm32.10.3-2021.10.win32_1.0.200.202301161003/tools/bin/../lib/gcc/arm-none-eabi/10.3.1/../../../../arm-none-eabi/lib/thumb/v7e-m+fp/hard\libc_nano.a
END GROUP
START GROUP
LOAD c:/st/stm32cubeide_1.12.1/stm32cubeide/plugins/com.st.stm32cube.ide.mcu.externaltools.gnu-tools-for-stm32.10.3-2021.10.win32_1.0.200.202301161003/tools/bin/../lib/gcc/arm-none-eabi/10.3.1/thumb/v7e-m+fp/hard\libgcc.a
LOAD c:/st/stm32cubeide_1.12.1/stm32cubeide/plugins/com.st.stm32cube.ide.mcu.externaltools.gnu-tools-for-stm32.10.3-2021.10.win32_1.0.200.202301161003/tools/bin/../lib/gcc/arm-none-eabi/10.3.1/../../../../arm-none-eabi/lib/thumb/v7e-m+fp/hard\libc_nano.a
LOAD c:/st/stm32cubeide_1.12.1/stm32cubeide/plugins/com.st.stm32cube.ide.mcu.externaltools.gnu-tools-for-stm32.10.3-2021.10.win32_1.0.200.202301161003/tools/bin/../lib/gcc/arm-none-eabi/10.3.1/../../../../arm-none-eabi/lib/thumb/v7e-m+fp/hard\libnosys.a
END GROUP
START GROUP
LOAD c:/st/stm32cubeide_1.12.1/stm32cubeide/plugins/com.st.stm32cube.ide.mcu.externaltools.gnu-tools-for-stm32.10.3-2021.10.win32_1.0.200.202301161003/tools/bin/../lib/gcc/arm-none-eabi/10.3.1/thumb/v7e-m+fp/hard\libgcc.a
LOAD c:/st/stm32cubeide_1.12.1/stm32cubeide/plugins/com.st.stm32cube.ide.mcu.externaltools.gnu-tools-for-stm32.10.3-2021.10.win32_1.0.200.202301161003/tools/bin/../lib/gcc/arm-none-eabi/10.3.1/../../../../arm-none-eabi/lib/thumb/v7e-m+fp/hard\libc_nano.a
LOAD c:/st/stm32cubeide_1.12.1/stm32cubeide/plugins/com.st.stm32cube.ide.mcu.externaltools.gnu-tools-for-stm32.10.3-2021.10.win32_1.0.200.202301161003/tools/bin/../lib/gcc/arm-none-eabi/10.3.1/../../../../arm-none-eabi/lib/thumb/v7e-m+fp/hard\libnosys.a
END GROUP
LOAD c:/st/stm32cubeide_1.12.1/stm32cubeide/plugins/com.st.stm32cube.ide.mcu.externaltools.gnu-tools-for-stm32.10.3-2021.10.win32_1.0.200.202301161003/tools/bin/../lib/gcc/arm-none-eabi/10.3.1/thumb/v7e-m+fp/hard/crtend.o
LOAD c:/st/stm32cubeide_1.12.1/stm32cubeide/plugins/com.st.stm32cube.ide.mcu.externaltools.gnu-tools-for-stm32.10.3-2021.10.win32_1.0.200.202301161003/tools/bin/../lib/gcc/arm-none-eabi/10.3.1/thumb/v7e-m+fp/hard/crtn.o
                0x0000000020020000                _estack = (ORIGIN (RAM) + LENGTH (RAM))
                0x0000000000000200                _Min_Heap_Size = 0x200
                0x0000000000000400                _Min_Stack_Size = 0x400

.isr_vector     0x0000000008000000      0x1d8
                0x0000000008000000                . = ALIGN (0x4)
 *(.isr_vector)
 .isr_vector    0x0000000008000000      0x1d8 ./Core/Startup/startup_stm32g474retx.o
                0x0000000008000000                g_pfnVectors
                0x00000000080001d8                . = ALIGN (0x4)

.text           0x00000000080001d8     0xa7c8
                0x00000000080001d8                . = ALIGN (0x4)
 *(.text)
 .text          0x00000000080001d8       0x40 c:/st/stm32cubeide_1.12.1/stm32cubeide/plugins/com.st.stm32cube.ide.mcu.externaltools.gnu-tools-for-stm32.10.3-2021.10.win32_1.0.200.202301161003/tools/bin/../lib/gcc/arm-none-eabi/10.3.1/thumb/v7e-m+fp/hard/crtbegin.o
 .text          0x0000000008000218      0x378 c:/st/stm32cubeide_1.12.1/stm32cubeide/plugins/com.st.stm32cube.ide.mcu.externaltools.gnu-tools-for-stm32.10.3-2021.10.win32_1.0.200.202301161003/tools/bin/../lib/gcc/arm-none-eabi/10.3.1/thumb/v7e-m+fp/hard\libgcc.a(_arm_addsubdf3.o)
                0x0000000008000218                __aeabi_drsub
                0x0000000008000220                __aeabi_dsub
                0x0000000008000220                __subdf3
                0x0000000008000224                __aeabi_dadd
                0x0000000008000224                __adddf3
                0x000000000800049c                __floatunsidf
                0x000000000800049c                __aeabi_ui2d
                0x00000000080004bc                __floatsidf
                0x00000000080004bc                __aeabi_i2d
                0x00000000080004e0                __aeabi_f2d
                0x00000000080004e0                __extendsfdf2
                0x0000000008000524                __floatundidf
                0x0000000008000524                __aeabi_ul2d
                0x0000000008000534                __floatdidf
                0x0000000008000534                __aeabi_l2d
 .text          0x0000000008000590      0x424 c:/st/stm32cubeide_1.12.1/stm32cubeide/plugins/com.st.stm32cube.ide.mcu.externaltools.gnu-tools-for-stm32.10.3-2021.10.win32_1.0.200.202301161003/tools/bin/../lib/gcc/arm-none-eabi/10.3.1/thumb/v7e-m+fp/hard\libgcc.a(_arm_muldivdf3.o)
                0x0000000008000590                __aeabi_dmul
                0x0000000008000590                __muldf3
                0x00000000080007e4                __divdf3
                0x00000000080007e4                __aeabi_ddiv
 .text          0x00000000080009b4      0x110 c:/st/stm32cubeide_1.12.1/stm32cubeide/plugins/com.st.stm32cube.ide.mcu.externaltools.gnu-tools-for-stm32.10.3-2021.10.win32_1.0.200.202301161003/tools/bin/../lib/gcc/arm-none-eabi/10.3.1/thumb/v7e-m+fp/hard\libgcc.a(_arm_cmpdf2.o)
                0x00000000080009b4                __gtdf2
                0x00000000080009b4                __gedf2
                0x00000000080009bc                __ltdf2
                0x00000000080009bc                __ledf2
                0x00000000080009c4                __nedf2
                0x00000000080009c4                __eqdf2
                0x00000000080009c4                __cmpdf2
                0x0000000008000a40                __aeabi_cdrcmple
                0x0000000008000a50                __aeabi_cdcmpeq
                0x0000000008000a50                __aeabi_cdcmple
                0x0000000008000a60                __aeabi_dcmpeq
                0x0000000008000a74                __aeabi_dcmplt
                0x0000000008000a88                __aeabi_dcmple
                0x0000000008000a9c                __aeabi_dcmpge
                0x0000000008000ab0                __aeabi_dcmpgt
 .text          0x0000000008000ac4       0x2c c:/st/stm32cubeide_1.12.1/stm32cubeide/plugins/com.st.stm32cube.ide.mcu.externaltools.gnu-tools-for-stm32.10.3-2021.10.win32_1.0.200.202301161003/tools/bin/../lib/gcc/arm-none-eabi/10.3.1/thumb/v7e-m+fp/hard\libgcc.a(_arm_unorddf2.o)
                0x0000000008000ac4                __unorddf2
                0x0000000008000ac4                __aeabi_dcmpun
 .text          0x0000000008000af0       0x40 c:/st/stm32cubeide_1.12.1/stm32cubeide/plugins/com.st.stm32cube.ide.mcu.externaltools.gnu-tools-for-stm32.10.3-2021.10.win32_1.0.200.202301161003/tools/bin/../lib/gcc/arm-none-eabi/10.3.1/thumb/v7e-m+fp/hard\libgcc.a(_arm_fixunsdfsi.o)
                0x0000000008000af0                __aeabi_d2uiz
                0x0000000008000af0                __fixunsdfsi
 .text          0x0000000008000b30       0xa0 c:/st/stm32cubeide_1.12.1/stm32cubeide/plugins/com.st.stm32cube.ide.mcu.externaltools.gnu-tools-for-stm32.10.3-2021.10.win32_1.0.200.202301161003/tools/bin/../lib/gcc/arm-none-eabi/10.3.1/thumb/v7e-m+fp/hard\libgcc.a(_arm_truncdfsf2.o)
                0x0000000008000b30                __truncdfsf2
                0x0000000008000b30                __aeabi_d2f
 .text          0x0000000008000bd0       0x30 c:/st/stm32cubeide_1.12.1/stm32cubeide/plugins/com.st.stm32cube.ide.mcu.externaltools.gnu-tools-for-stm32.10.3-2021.10.win32_1.0.200.202301161003/tools/bin/../lib/gcc/arm-none-eabi/10.3.1/thumb/v7e-m+fp/hard\libgcc.a(_fixdfdi.o)
                0x0000000008000bd0                __fixdfdi
                0x0000000008000bd0                __aeabi_d2lz
 .text          0x0000000008000c00       0x3c c:/st/stm32cubeide_1.12.1/stm32cubeide/plugins/com.st.stm32cube.ide.mcu.externaltools.gnu-tools-for-stm32.10.3-2021.10.win32_1.0.200.202301161003/tools/bin/../lib/gcc/arm-none-eabi/10.3.1/thumb/v7e-m+fp/hard\libgcc.a(_fixunsdfdi.o)
                0x0000000008000c00                __fixunsdfdi
                0x0000000008000c00                __aeabi_d2ulz
 *(.text*)
 .text.init_PEC15_Table
                0x0000000008000c3c       0x74 ./Core/Src/ltc6811.o
                0x0000000008000c3c                init_PEC15_Table
 .text.pec15    0x0000000008000cb0       0x68 ./Core/Src/ltc6811.o
                0x0000000008000cb0                pec15
 .text.init_LTC6811
                0x0000000008000d18        0xc ./Core/Src/ltc6811.o
                0x0000000008000d18                init_LTC6811
 .text.update_config
                0x0000000008000d24       0xaa ./Core/Src/ltc6811.o
                0x0000000008000d24                update_config
 .text.wake_sleep
                0x0000000008000dce       0x30 ./Core/Src/ltc6811.o
                0x0000000008000dce                wake_sleep
 .text.wake_standby
                0x0000000008000dfe       0x30 ./Core/Src/ltc6811.o
                0x0000000008000dfe                wake_standby
 *fill*         0x0000000008000e2e        0x2 
 .text.broadcast_command
                0x0000000008000e30       0x88 ./Core/Src/ltc6811.o
                0x0000000008000e30                broadcast_command
 .text.broadcast_write
                0x0000000008000eb8       0xcc ./Core/Src/ltc6811.o
                0x0000000008000eb8                broadcast_write
 .text.address_read
                0x0000000008000f84      0x124 ./Core/Src/ltc6811.o
                0x0000000008000f84                address_read
 .text.extract_voltage_reg
                0x00000000080010a8       0x9c ./Core/Src/ltc6811.o
                0x00000000080010a8                extract_voltage_reg
 .text.extract_all_voltages
                0x0000000008001144       0xf6 ./Core/Src/ltc6811.o
                0x0000000008001144                extract_all_voltages
 .text.read_all_voltages
                0x000000000800123a       0xd8 ./Core/Src/ltc6811.o
                0x000000000800123a                read_all_voltages
 .text.generate_i2c
                0x0000000008001312       0xe2 ./Core/Src/ltc6811.o
                0x0000000008001312                generate_i2c
 .text.send_comm
                0x00000000080013f4       0x4e ./Core/Src/ltc6811.o
                0x00000000080013f4                send_comm
 *fill*         0x0000000008001442        0x2 
 .text.broadcast_command_stcomm
                0x0000000008001444       0xac ./Core/Src/ltc6811.o
                0x0000000008001444                broadcast_command_stcomm
 .text.calc_temp
                0x00000000080014f0      0x100 ./Core/Src/ltc6811.o
                0x00000000080014f0                calc_temp
 .text.read_all_temps
                0x00000000080015f0      0x260 ./Core/Src/ltc6811.o
                0x00000000080015f0                read_all_temps
 .text.send_can1
                0x0000000008001850       0x4c ./Core/Src/main.o
                0x0000000008001850                send_can1
 .text.send_can2
                0x000000000800189c       0x50 ./Core/Src/main.o
                0x000000000800189c                send_can2
 *fill*         0x00000000080018ec        0x4 
 .text.current_sense_voltage_to_current
                0x00000000080018f0       0x5c ./Core/Src/main.o
                0x00000000080018f0                current_sense_voltage_to_current
 .text.reset_SOC
                0x000000000800194c       0x34 ./Core/Src/main.o
                0x000000000800194c                reset_SOC
 .text.update_SOC
                0x0000000008001980      0x100 ./Core/Src/main.o
                0x0000000008001980                update_SOC
 .text.update_moving_average
                0x0000000008001a80       0x3c ./Core/Src/main.o
                0x0000000008001a80                update_moving_average
 .text.check_fusable_link
                0x0000000008001abc       0x40 ./Core/Src/main.o
                0x0000000008001abc                check_fusable_link
 .text.HAL_TIM_IC_CaptureCallback
                0x0000000008001afc       0x70 ./Core/Src/main.o
                0x0000000008001afc                HAL_TIM_IC_CaptureCallback
 .text.set_fan_duty
                0x0000000008001b6c       0x22 ./Core/Src/main.o
                0x0000000008001b6c                set_fan_duty
 .text.calc_voltage_from_adc
                0x0000000008001b8e       0x42 ./Core/Src/main.o
                0x0000000008001b8e                calc_voltage_from_adc
 .text.discharge_cell_on
                0x0000000008001bd0       0x2a ./Core/Src/main.o
                0x0000000008001bd0                discharge_cell_on
 .text.discharge_cell_off
                0x0000000008001bfa       0x20 ./Core/Src/main.o
                0x0000000008001bfa                discharge_cell_off
 *fill*         0x0000000008001c1a        0x6 
 .text.check_voltages
                0x0000000008001c20       0x70 ./Core/Src/main.o
                0x0000000008001c20                check_voltages
 .text.main     0x0000000008001c90      0x300 ./Core/Src/main.o
                0x0000000008001c90                main
 .text.SystemClock_Config
                0x0000000008001f90       0x98 ./Core/Src/main.o
                0x0000000008001f90                SystemClock_Config
 .text.MX_ADC1_Init
                0x0000000008002028       0xf0 ./Core/Src/main.o
 .text.MX_ADC2_Init
                0x0000000008002118       0xec ./Core/Src/main.o
 .text.MX_FDCAN1_Init
                0x0000000008002204       0x8c ./Core/Src/main.o
 .text.MX_FDCAN2_Init
                0x0000000008002290       0x8c ./Core/Src/main.o
 .text.MX_RTC_Init
                0x000000000800231c       0xc4 ./Core/Src/main.o
 .text.MX_SPI3_Init
                0x00000000080023e0       0x7c ./Core/Src/main.o
 .text.MX_TIM2_Init
                0x000000000800245c       0xec ./Core/Src/main.o
 .text.MX_TIM15_Init
                0x0000000008002548      0x148 ./Core/Src/main.o
 .text.MX_DMA_Init
                0x0000000008002690       0x64 ./Core/Src/main.o
 .text.MX_GPIO_Init
                0x00000000080026f4       0xd0 ./Core/Src/main.o
 .text.Error_Handler
                0x00000000080027c4        0xa ./Core/Src/main.o
                0x00000000080027c4                Error_Handler
 *fill*         0x00000000080027ce        0x2 
 .text.HAL_MspInit
                0x00000000080027d0       0x58 ./Core/Src/stm32g4xx_hal_msp.o
                0x00000000080027d0                HAL_MspInit
 .text.HAL_ADC_MspInit
                0x0000000008002828      0x224 ./Core/Src/stm32g4xx_hal_msp.o
                0x0000000008002828                HAL_ADC_MspInit
 .text.HAL_FDCAN_MspInit
                0x0000000008002a4c      0x164 ./Core/Src/stm32g4xx_hal_msp.o
                0x0000000008002a4c                HAL_FDCAN_MspInit
 .text.HAL_RTC_MspInit
                0x0000000008002bb0       0x78 ./Core/Src/stm32g4xx_hal_msp.o
                0x0000000008002bb0                HAL_RTC_MspInit
 .text.HAL_SPI_MspInit
                0x0000000008002c28       0x88 ./Core/Src/stm32g4xx_hal_msp.o
                0x0000000008002c28                HAL_SPI_MspInit
 .text.HAL_TIM_Base_MspInit
                0x0000000008002cb0       0xbc ./Core/Src/stm32g4xx_hal_msp.o
                0x0000000008002cb0                HAL_TIM_Base_MspInit
 .text.HAL_TIM_MspPostInit
                0x0000000008002d6c       0x6c ./Core/Src/stm32g4xx_hal_msp.o
                0x0000000008002d6c                HAL_TIM_MspPostInit
 .text.NMI_Handler
                0x0000000008002dd8        0x6 ./Core/Src/stm32g4xx_it.o
                0x0000000008002dd8                NMI_Handler
 .text.HardFault_Handler
                0x0000000008002dde        0x6 ./Core/Src/stm32g4xx_it.o
                0x0000000008002dde                HardFault_Handler
 .text.MemManage_Handler
                0x0000000008002de4        0x6 ./Core/Src/stm32g4xx_it.o
                0x0000000008002de4                MemManage_Handler
 .text.BusFault_Handler
                0x0000000008002dea        0x6 ./Core/Src/stm32g4xx_it.o
                0x0000000008002dea                BusFault_Handler
 .text.UsageFault_Handler
                0x0000000008002df0        0x6 ./Core/Src/stm32g4xx_it.o
                0x0000000008002df0                UsageFault_Handler
 .text.SVC_Handler
                0x0000000008002df6        0xe ./Core/Src/stm32g4xx_it.o
                0x0000000008002df6                SVC_Handler
 .text.DebugMon_Handler
                0x0000000008002e04        0xe ./Core/Src/stm32g4xx_it.o
                0x0000000008002e04                DebugMon_Handler
 .text.PendSV_Handler
                0x0000000008002e12        0xe ./Core/Src/stm32g4xx_it.o
                0x0000000008002e12                PendSV_Handler
 .text.SysTick_Handler
                0x0000000008002e20        0xc ./Core/Src/stm32g4xx_it.o
                0x0000000008002e20                SysTick_Handler
 .text.DMA1_Channel1_IRQHandler
                0x0000000008002e2c       0x14 ./Core/Src/stm32g4xx_it.o
                0x0000000008002e2c                DMA1_Channel1_IRQHandler
 .text.DMA1_Channel2_IRQHandler
                0x0000000008002e40       0x14 ./Core/Src/stm32g4xx_it.o
                0x0000000008002e40                DMA1_Channel2_IRQHandler
 .text.ADC1_2_IRQHandler
                0x0000000008002e54       0x1c ./Core/Src/stm32g4xx_it.o
                0x0000000008002e54                ADC1_2_IRQHandler
 .text.TIM1_BRK_TIM15_IRQHandler
                0x0000000008002e70       0x14 ./Core/Src/stm32g4xx_it.o
                0x0000000008002e70                TIM1_BRK_TIM15_IRQHandler
 .text.SystemInit
                0x0000000008002e84       0x24 ./Core/Src/system_stm32g4xx.o
                0x0000000008002e84                SystemInit
 .text.Reset_Handler
                0x0000000008002ea8       0x50 ./Core/Startup/startup_stm32g474retx.o
                0x0000000008002ea8                Reset_Handler
 .text.Default_Handler
                0x0000000008002ef8        0x2 ./Core/Startup/startup_stm32g474retx.o
                0x0000000008002ef8                RTC_Alarm_IRQHandler
                0x0000000008002ef8                EXTI2_IRQHandler
                0x0000000008002ef8                TIM8_TRG_COM_IRQHandler
                0x0000000008002ef8                TIM8_CC_IRQHandler
                0x0000000008002ef8                HRTIM1_Master_IRQHandler
                0x0000000008002ef8                SPI4_IRQHandler
                0x0000000008002ef8                FDCAN3_IT0_IRQHandler
                0x0000000008002ef8                TIM1_CC_IRQHandler
                0x0000000008002ef8                HRTIM1_FLT_IRQHandler
                0x0000000008002ef8                HRTIM1_TIMF_IRQHandler
                0x0000000008002ef8                USB_HP_IRQHandler
                0x0000000008002ef8                CORDIC_IRQHandler
                0x0000000008002ef8                HRTIM1_TIMD_IRQHandler
                0x0000000008002ef8                DMA2_Channel8_IRQHandler
                0x0000000008002ef8                EXTI3_IRQHandler
                0x0000000008002ef8                I2C3_ER_IRQHandler
                0x0000000008002ef8                EXTI0_IRQHandler
                0x0000000008002ef8                I2C2_EV_IRQHandler
                0x0000000008002ef8                FPU_IRQHandler
                0x0000000008002ef8                FDCAN1_IT1_IRQHandler
                0x0000000008002ef8                TIM1_UP_TIM16_IRQHandler
                0x0000000008002ef8                HRTIM1_TIME_IRQHandler
                0x0000000008002ef8                SPI1_IRQHandler
                0x0000000008002ef8                TIM6_DAC_IRQHandler
                0x0000000008002ef8                HRTIM1_TIMC_IRQHandler
                0x0000000008002ef8                TIM8_UP_IRQHandler
                0x0000000008002ef8                DMA2_Channel2_IRQHandler
                0x0000000008002ef8                DMA1_Channel4_IRQHandler
                0x0000000008002ef8                TIM20_TRG_COM_IRQHandler
                0x0000000008002ef8                USART3_IRQHandler
                0x0000000008002ef8                DMA1_Channel7_IRQHandler
                0x0000000008002ef8                UART5_IRQHandler
                0x0000000008002ef8                ADC3_IRQHandler
                0x0000000008002ef8                TIM4_IRQHandler
                0x0000000008002ef8                DMA2_Channel1_IRQHandler
                0x0000000008002ef8                QUADSPI_IRQHandler
                0x0000000008002ef8                I2C1_EV_IRQHandler
                0x0000000008002ef8                DMA1_Channel6_IRQHandler
                0x0000000008002ef8                UART4_IRQHandler
                0x0000000008002ef8                DMA2_Channel4_IRQHandler
                0x0000000008002ef8                TIM3_IRQHandler
                0x0000000008002ef8                RCC_IRQHandler
                0x0000000008002ef8                TIM20_UP_IRQHandler
                0x0000000008002ef8                Default_Handler
                0x0000000008002ef8                DMA2_Channel7_IRQHandler
                0x0000000008002ef8                RTC_TAMP_LSECSS_IRQHandler
                0x0000000008002ef8                FMAC_IRQHandler
                0x0000000008002ef8                EXTI15_10_IRQHandler
                0x0000000008002ef8                DMA1_Channel8_IRQHandler
                0x0000000008002ef8                HRTIM1_TIMA_IRQHandler
                0x0000000008002ef8                TIM7_DAC_IRQHandler
                0x0000000008002ef8                FDCAN3_IT1_IRQHandler
                0x0000000008002ef8                TIM5_IRQHandler
                0x0000000008002ef8                UCPD1_IRQHandler
                0x0000000008002ef8                I2C3_EV_IRQHandler
                0x0000000008002ef8                EXTI9_5_IRQHandler
                0x0000000008002ef8                RTC_WKUP_IRQHandler
                0x0000000008002ef8                PVD_PVM_IRQHandler
                0x0000000008002ef8                SPI2_IRQHandler
                0x0000000008002ef8                ADC5_IRQHandler
                0x0000000008002ef8                DMA2_Channel5_IRQHandler
                0x0000000008002ef8                CRS_IRQHandler
                0x0000000008002ef8                DMA1_Channel5_IRQHandler
                0x0000000008002ef8                USB_LP_IRQHandler
                0x0000000008002ef8                EXTI4_IRQHandler
                0x0000000008002ef8                RNG_IRQHandler
                0x0000000008002ef8                HRTIM1_TIMB_IRQHandler
                0x0000000008002ef8                TIM1_TRG_COM_TIM17_IRQHandler
                0x0000000008002ef8                FDCAN2_IT1_IRQHandler
                0x0000000008002ef8                DMA1_Channel3_IRQHandler
                0x0000000008002ef8                ADC4_IRQHandler
                0x0000000008002ef8                WWDG_IRQHandler
                0x0000000008002ef8                I2C4_EV_IRQHandler
                0x0000000008002ef8                FDCAN2_IT0_IRQHandler
                0x0000000008002ef8                LPUART1_IRQHandler
                0x0000000008002ef8                DMA2_Channel6_IRQHandler
                0x0000000008002ef8                FDCAN1_IT0_IRQHandler
                0x0000000008002ef8                TIM2_IRQHandler
                0x0000000008002ef8                COMP7_IRQHandler
                0x0000000008002ef8                COMP1_2_3_IRQHandler
                0x0000000008002ef8                EXTI1_IRQHandler
                0x0000000008002ef8                USART2_IRQHandler
                0x0000000008002ef8                COMP4_5_6_IRQHandler
                0x0000000008002ef8                TIM20_BRK_IRQHandler
                0x0000000008002ef8                I2C2_ER_IRQHandler
                0x0000000008002ef8                TIM8_BRK_IRQHandler
                0x0000000008002ef8                FLASH_IRQHandler
                0x0000000008002ef8                TIM20_CC_IRQHandler
                0x0000000008002ef8                USART1_IRQHandler
                0x0000000008002ef8                SPI3_IRQHandler
                0x0000000008002ef8                I2C1_ER_IRQHandler
                0x0000000008002ef8                FMC_IRQHandler
                0x0000000008002ef8                LPTIM1_IRQHandler
                0x0000000008002ef8                DMAMUX_OVR_IRQHandler
                0x0000000008002ef8                I2C4_ER_IRQHandler
                0x0000000008002ef8                USBWakeUp_IRQHandler
                0x0000000008002ef8                SAI1_IRQHandler
                0x0000000008002ef8                DMA2_Channel3_IRQHandler
 .text.HAL_Init
                0x0000000008002efa       0x30 ./Drivers/STM32G4xx_HAL_Driver/Src/stm32g4xx_hal.o
                0x0000000008002efa                HAL_Init
 *fill*         0x0000000008002f2a        0x2 
 .text.HAL_InitTick
                0x0000000008002f2c       0x74 ./Drivers/STM32G4xx_HAL_Driver/Src/stm32g4xx_hal.o
                0x0000000008002f2c                HAL_InitTick
 .text.HAL_IncTick
                0x0000000008002fa0       0x24 ./Drivers/STM32G4xx_HAL_Driver/Src/stm32g4xx_hal.o
                0x0000000008002fa0                HAL_IncTick
 .text.HAL_GetTick
                0x0000000008002fc4       0x18 ./Drivers/STM32G4xx_HAL_Driver/Src/stm32g4xx_hal.o
                0x0000000008002fc4                HAL_GetTick
 .text.HAL_Delay
                0x0000000008002fdc       0x44 ./Drivers/STM32G4xx_HAL_Driver/Src/stm32g4xx_hal.o
                0x0000000008002fdc                HAL_Delay
 .text.HAL_SYSCFG_VREFBUF_VoltageScalingConfig
                0x0000000008003020       0x28 ./Drivers/STM32G4xx_HAL_Driver/Src/stm32g4xx_hal.o
                0x0000000008003020                HAL_SYSCFG_VREFBUF_VoltageScalingConfig
 .text.HAL_SYSCFG_VREFBUF_HighImpedanceConfig
                0x0000000008003048       0x28 ./Drivers/STM32G4xx_HAL_Driver/Src/stm32g4xx_hal.o
                0x0000000008003048                HAL_SYSCFG_VREFBUF_HighImpedanceConfig
 .text.HAL_SYSCFG_EnableVREFBUF
                0x0000000008003070       0x48 ./Drivers/STM32G4xx_HAL_Driver/Src/stm32g4xx_hal.o
                0x0000000008003070                HAL_SYSCFG_EnableVREFBUF
 .text.LL_ADC_SetCommonClock
                0x00000000080030b8       0x26 ./Drivers/STM32G4xx_HAL_Driver/Src/stm32g4xx_hal_adc.o
 .text.LL_ADC_SetCommonPathInternalCh
                0x00000000080030de       0x26 ./Drivers/STM32G4xx_HAL_Driver/Src/stm32g4xx_hal_adc.o
 .text.LL_ADC_GetCommonPathInternalCh
                0x0000000008003104       0x1c ./Drivers/STM32G4xx_HAL_Driver/Src/stm32g4xx_hal_adc.o
 .text.LL_ADC_SetOffset
                0x0000000008003120       0x48 ./Drivers/STM32G4xx_HAL_Driver/Src/stm32g4xx_hal_adc.o
 .text.LL_ADC_GetOffsetChannel
                0x0000000008003168       0x2c ./Drivers/STM32G4xx_HAL_Driver/Src/stm32g4xx_hal_adc.o
 .text.LL_ADC_SetOffsetState
                0x0000000008003194       0x36 ./Drivers/STM32G4xx_HAL_Driver/Src/stm32g4xx_hal_adc.o
 .text.LL_ADC_SetOffsetSign
                0x00000000080031ca       0x36 ./Drivers/STM32G4xx_HAL_Driver/Src/stm32g4xx_hal_adc.o
 .text.LL_ADC_SetOffsetSaturation
                0x0000000008003200       0x36 ./Drivers/STM32G4xx_HAL_Driver/Src/stm32g4xx_hal_adc.o
 .text.LL_ADC_SetSamplingTimeCommonConfig
                0x0000000008003236       0x26 ./Drivers/STM32G4xx_HAL_Driver/Src/stm32g4xx_hal_adc.o
 .text.LL_ADC_REG_IsTriggerSourceSWStart
                0x000000000800325c       0x26 ./Drivers/STM32G4xx_HAL_Driver/Src/stm32g4xx_hal_adc.o
 .text.LL_ADC_REG_SetSequencerRanks
                0x0000000008003282       0x58 ./Drivers/STM32G4xx_HAL_Driver/Src/stm32g4xx_hal_adc.o
 .text.LL_ADC_INJ_IsTriggerSourceSWStart
                0x00000000080032da       0x26 ./Drivers/STM32G4xx_HAL_Driver/Src/stm32g4xx_hal_adc.o
 .text.LL_ADC_SetChannelSamplingTime
                0x0000000008003300       0x56 ./Drivers/STM32G4xx_HAL_Driver/Src/stm32g4xx_hal_adc.o
 *fill*         0x0000000008003356        0x2 
 .text.LL_ADC_SetChannelSingleDiff
                0x0000000008003358       0x50 ./Drivers/STM32G4xx_HAL_Driver/Src/stm32g4xx_hal_adc.o
 .text.LL_ADC_GetMultimode
                0x00000000080033a8       0x1c ./Drivers/STM32G4xx_HAL_Driver/Src/stm32g4xx_hal_adc.o
 .text.LL_ADC_GetMultiDMATransfer
                0x00000000080033c4       0x1c ./Drivers/STM32G4xx_HAL_Driver/Src/stm32g4xx_hal_adc.o
 .text.LL_ADC_DisableDeepPowerDown
                0x00000000080033e0       0x24 ./Drivers/STM32G4xx_HAL_Driver/Src/stm32g4xx_hal_adc.o
 .text.LL_ADC_IsDeepPowerDownEnabled
                0x0000000008003404       0x28 ./Drivers/STM32G4xx_HAL_Driver/Src/stm32g4xx_hal_adc.o
 .text.LL_ADC_EnableInternalRegulator
                0x000000000800342c       0x28 ./Drivers/STM32G4xx_HAL_Driver/Src/stm32g4xx_hal_adc.o
 .text.LL_ADC_IsInternalRegulatorEnabled
                0x0000000008003454       0x28 ./Drivers/STM32G4xx_HAL_Driver/Src/stm32g4xx_hal_adc.o
 .text.LL_ADC_Enable
                0x000000000800347c       0x28 ./Drivers/STM32G4xx_HAL_Driver/Src/stm32g4xx_hal_adc.o
 .text.LL_ADC_Disable
                0x00000000080034a4       0x28 ./Drivers/STM32G4xx_HAL_Driver/Src/stm32g4xx_hal_adc.o
 .text.LL_ADC_IsEnabled
                0x00000000080034cc       0x26 ./Drivers/STM32G4xx_HAL_Driver/Src/stm32g4xx_hal_adc.o
 .text.LL_ADC_IsDisableOngoing
                0x00000000080034f2       0x26 ./Drivers/STM32G4xx_HAL_Driver/Src/stm32g4xx_hal_adc.o
 .text.LL_ADC_REG_StartConversion
                0x0000000008003518       0x28 ./Drivers/STM32G4xx_HAL_Driver/Src/stm32g4xx_hal_adc.o
 .text.LL_ADC_REG_IsConversionOngoing
                0x0000000008003540       0x26 ./Drivers/STM32G4xx_HAL_Driver/Src/stm32g4xx_hal_adc.o
 .text.LL_ADC_INJ_IsConversionOngoing
                0x0000000008003566       0x26 ./Drivers/STM32G4xx_HAL_Driver/Src/stm32g4xx_hal_adc.o
 .text.HAL_ADC_Init
                0x000000000800358c      0x384 ./Drivers/STM32G4xx_HAL_Driver/Src/stm32g4xx_hal_adc.o
                0x000000000800358c                HAL_ADC_Init
 .text.HAL_ADC_Start
                0x0000000008003910      0x1c8 ./Drivers/STM32G4xx_HAL_Driver/Src/stm32g4xx_hal_adc.o
                0x0000000008003910                HAL_ADC_Start
 .text.HAL_ADC_Start_DMA
                0x0000000008003ad8      0x1a8 ./Drivers/STM32G4xx_HAL_Driver/Src/stm32g4xx_hal_adc.o
                0x0000000008003ad8                HAL_ADC_Start_DMA
 .text.HAL_ADC_IRQHandler
                0x0000000008003c80      0x4c0 ./Drivers/STM32G4xx_HAL_Driver/Src/stm32g4xx_hal_adc.o
                0x0000000008003c80                HAL_ADC_IRQHandler
 .text.HAL_ADC_ConvCpltCallback
                0x0000000008004140       0x14 ./Drivers/STM32G4xx_HAL_Driver/Src/stm32g4xx_hal_adc.o
                0x0000000008004140                HAL_ADC_ConvCpltCallback
 .text.HAL_ADC_ConvHalfCpltCallback
                0x0000000008004154       0x14 ./Drivers/STM32G4xx_HAL_Driver/Src/stm32g4xx_hal_adc.o
                0x0000000008004154                HAL_ADC_ConvHalfCpltCallback
 .text.HAL_ADC_LevelOutOfWindowCallback
                0x0000000008004168       0x14 ./Drivers/STM32G4xx_HAL_Driver/Src/stm32g4xx_hal_adc.o
                0x0000000008004168                HAL_ADC_LevelOutOfWindowCallback
 .text.HAL_ADC_ErrorCallback
                0x000000000800417c       0x14 ./Drivers/STM32G4xx_HAL_Driver/Src/stm32g4xx_hal_adc.o
                0x000000000800417c                HAL_ADC_ErrorCallback
 .text.HAL_ADC_ConfigChannel
                0x0000000008004190      0x880 ./Drivers/STM32G4xx_HAL_Driver/Src/stm32g4xx_hal_adc.o
                0x0000000008004190                HAL_ADC_ConfigChannel
 .text.ADC_Enable
                0x0000000008004a10       0xc4 ./Drivers/STM32G4xx_HAL_Driver/Src/stm32g4xx_hal_adc.o
                0x0000000008004a10                ADC_Enable
 .text.ADC_Disable
                0x0000000008004ad4       0xbe ./Drivers/STM32G4xx_HAL_Driver/Src/stm32g4xx_hal_adc.o
                0x0000000008004ad4                ADC_Disable
 .text.ADC_DMAConvCplt
                0x0000000008004b92       0xd8 ./Drivers/STM32G4xx_HAL_Driver/Src/stm32g4xx_hal_adc.o
                0x0000000008004b92                ADC_DMAConvCplt
 .text.ADC_DMAHalfConvCplt
                0x0000000008004c6a       0x1c ./Drivers/STM32G4xx_HAL_Driver/Src/stm32g4xx_hal_adc.o
                0x0000000008004c6a                ADC_DMAHalfConvCplt
 .text.ADC_DMAError
                0x0000000008004c86       0x34 ./Drivers/STM32G4xx_HAL_Driver/Src/stm32g4xx_hal_adc.o
                0x0000000008004c86                ADC_DMAError
 .text.LL_ADC_IsEnabled
                0x0000000008004cba       0x26 ./Drivers/STM32G4xx_HAL_Driver/Src/stm32g4xx_hal_adc_ex.o
 .text.LL_ADC_StartCalibration
                0x0000000008004ce0       0x32 ./Drivers/STM32G4xx_HAL_Driver/Src/stm32g4xx_hal_adc_ex.o
 .text.LL_ADC_IsCalibrationOnGoing
                0x0000000008004d12       0x28 ./Drivers/STM32G4xx_HAL_Driver/Src/stm32g4xx_hal_adc_ex.o
 .text.LL_ADC_REG_IsConversionOngoing
                0x0000000008004d3a       0x26 ./Drivers/STM32G4xx_HAL_Driver/Src/stm32g4xx_hal_adc_ex.o
 .text.HAL_ADCEx_Calibration_Start
                0x0000000008004d60       0xc4 ./Drivers/STM32G4xx_HAL_Driver/Src/stm32g4xx_hal_adc_ex.o
                0x0000000008004d60                HAL_ADCEx_Calibration_Start
 .text.HAL_ADCEx_InjectedConvCpltCallback
                0x0000000008004e24       0x14 ./Drivers/STM32G4xx_HAL_Driver/Src/stm32g4xx_hal_adc_ex.o
                0x0000000008004e24                HAL_ADCEx_InjectedConvCpltCallback
 .text.HAL_ADCEx_InjectedQueueOverflowCallback
                0x0000000008004e38       0x14 ./Drivers/STM32G4xx_HAL_Driver/Src/stm32g4xx_hal_adc_ex.o
                0x0000000008004e38                HAL_ADCEx_InjectedQueueOverflowCallback
 .text.HAL_ADCEx_LevelOutOfWindow2Callback
                0x0000000008004e4c       0x14 ./Drivers/STM32G4xx_HAL_Driver/Src/stm32g4xx_hal_adc_ex.o
                0x0000000008004e4c                HAL_ADCEx_LevelOutOfWindow2Callback
 .text.HAL_ADCEx_LevelOutOfWindow3Callback
                0x0000000008004e60       0x14 ./Drivers/STM32G4xx_HAL_Driver/Src/stm32g4xx_hal_adc_ex.o
                0x0000000008004e60                HAL_ADCEx_LevelOutOfWindow3Callback
 .text.HAL_ADCEx_EndOfSamplingCallback
                0x0000000008004e74       0x14 ./Drivers/STM32G4xx_HAL_Driver/Src/stm32g4xx_hal_adc_ex.o
                0x0000000008004e74                HAL_ADCEx_EndOfSamplingCallback
 .text.HAL_ADCEx_MultiModeConfigChannel
                0x0000000008004e88      0x210 ./Drivers/STM32G4xx_HAL_Driver/Src/stm32g4xx_hal_adc_ex.o
                0x0000000008004e88                HAL_ADCEx_MultiModeConfigChannel
 .text.__NVIC_SetPriorityGrouping
                0x0000000008005098       0x48 ./Drivers/STM32G4xx_HAL_Driver/Src/stm32g4xx_hal_cortex.o
 .text.__NVIC_GetPriorityGrouping
                0x00000000080050e0       0x1c ./Drivers/STM32G4xx_HAL_Driver/Src/stm32g4xx_hal_cortex.o
 .text.__NVIC_EnableIRQ
                0x00000000080050fc       0x3c ./Drivers/STM32G4xx_HAL_Driver/Src/stm32g4xx_hal_cortex.o
 .text.__NVIC_SetPriority
                0x0000000008005138       0x54 ./Drivers/STM32G4xx_HAL_Driver/Src/stm32g4xx_hal_cortex.o
 .text.NVIC_EncodePriority
                0x000000000800518c       0x66 ./Drivers/STM32G4xx_HAL_Driver/Src/stm32g4xx_hal_cortex.o
 *fill*         0x00000000080051f2        0x2 
 .text.SysTick_Config
                0x00000000080051f4       0x44 ./Drivers/STM32G4xx_HAL_Driver/Src/stm32g4xx_hal_cortex.o
 .text.HAL_NVIC_SetPriorityGrouping
                0x0000000008005238       0x16 ./Drivers/STM32G4xx_HAL_Driver/Src/stm32g4xx_hal_cortex.o
                0x0000000008005238                HAL_NVIC_SetPriorityGrouping
 .text.HAL_NVIC_SetPriority
                0x000000000800524e       0x34 ./Drivers/STM32G4xx_HAL_Driver/Src/stm32g4xx_hal_cortex.o
                0x000000000800524e                HAL_NVIC_SetPriority
 .text.HAL_NVIC_EnableIRQ
                0x0000000008005282       0x1c ./Drivers/STM32G4xx_HAL_Driver/Src/stm32g4xx_hal_cortex.o
                0x0000000008005282                HAL_NVIC_EnableIRQ
 .text.HAL_SYSTICK_Config
                0x000000000800529e       0x18 ./Drivers/STM32G4xx_HAL_Driver/Src/stm32g4xx_hal_cortex.o
                0x000000000800529e                HAL_SYSTICK_Config
 *fill*         0x00000000080052b6        0x2 
 .text.HAL_DMA_Init
                0x00000000080052b8      0x150 ./Drivers/STM32G4xx_HAL_Driver/Src/stm32g4xx_hal_dma.o
                0x00000000080052b8                HAL_DMA_Init
 .text.HAL_DMA_Start_IT
                0x0000000008005408       0xf6 ./Drivers/STM32G4xx_HAL_Driver/Src/stm32g4xx_hal_dma.o
                0x0000000008005408                HAL_DMA_Start_IT
 .text.HAL_DMA_IRQHandler
                0x00000000080054fe      0x15e ./Drivers/STM32G4xx_HAL_Driver/Src/stm32g4xx_hal_dma.o
                0x00000000080054fe                HAL_DMA_IRQHandler
 .text.DMA_SetConfig
                0x000000000800565c       0x7c ./Drivers/STM32G4xx_HAL_Driver/Src/stm32g4xx_hal_dma.o
 .text.DMA_CalcDMAMUXChannelBaseAndMask
                0x00000000080056d8       0x7c ./Drivers/STM32G4xx_HAL_Driver/Src/stm32g4xx_hal_dma.o
 .text.DMA_CalcDMAMUXRequestGenBaseAndMask
                0x0000000008005754       0x48 ./Drivers/STM32G4xx_HAL_Driver/Src/stm32g4xx_hal_dma.o
 .text.HAL_FDCAN_Init
                0x000000000800579c      0x2b4 ./Drivers/STM32G4xx_HAL_Driver/Src/stm32g4xx_hal_fdcan.o
                0x000000000800579c                HAL_FDCAN_Init
 .text.HAL_FDCAN_Start
                0x0000000008005a50       0x50 ./Drivers/STM32G4xx_HAL_Driver/Src/stm32g4xx_hal_fdcan.o
                0x0000000008005a50                HAL_FDCAN_Start
 .text.HAL_FDCAN_AddMessageToTxFifoQ
                0x0000000008005aa0       0x88 ./Drivers/STM32G4xx_HAL_Driver/Src/stm32g4xx_hal_fdcan.o
                0x0000000008005aa0                HAL_FDCAN_AddMessageToTxFifoQ
 .text.FDCAN_CalcultateRamBlockAddresses
                0x0000000008005b28       0xd8 ./Drivers/STM32G4xx_HAL_Driver/Src/stm32g4xx_hal_fdcan.o
 .text.FDCAN_CopyMessageToRAM
                0x0000000008005c00       0xf8 ./Drivers/STM32G4xx_HAL_Driver/Src/stm32g4xx_hal_fdcan.o
 .text.HAL_GPIO_Init
                0x0000000008005cf8      0x304 ./Drivers/STM32G4xx_HAL_Driver/Src/stm32g4xx_hal_gpio.o
                0x0000000008005cf8                HAL_GPIO_Init
 .text.HAL_GPIO_WritePin
                0x0000000008005ffc       0x30 ./Drivers/STM32G4xx_HAL_Driver/Src/stm32g4xx_hal_gpio.o
                0x0000000008005ffc                HAL_GPIO_WritePin
 .text.HAL_GPIO_TogglePin
                0x000000000800602c       0x34 ./Drivers/STM32G4xx_HAL_Driver/Src/stm32g4xx_hal_gpio.o
                0x000000000800602c                HAL_GPIO_TogglePin
 .text.HAL_PWREx_ControlVoltageScaling
                0x0000000008006060      0x148 ./Drivers/STM32G4xx_HAL_Driver/Src/stm32g4xx_hal_pwr_ex.o
                0x0000000008006060                HAL_PWREx_ControlVoltageScaling
 .text.HAL_PWREx_DisableUCPDDeadBattery
                0x00000000080061a8       0x20 ./Drivers/STM32G4xx_HAL_Driver/Src/stm32g4xx_hal_pwr_ex.o
                0x00000000080061a8                HAL_PWREx_DisableUCPDDeadBattery
 .text.HAL_RCC_OscConfig
                0x00000000080061c8      0x630 ./Drivers/STM32G4xx_HAL_Driver/Src/stm32g4xx_hal_rcc.o
                0x00000000080061c8                HAL_RCC_OscConfig
 .text.HAL_RCC_ClockConfig
                0x00000000080067f8      0x278 ./Drivers/STM32G4xx_HAL_Driver/Src/stm32g4xx_hal_rcc.o
                0x00000000080067f8                HAL_RCC_ClockConfig
 .text.HAL_RCC_GetSysClockFreq
                0x0000000008006a70       0xc4 ./Drivers/STM32G4xx_HAL_Driver/Src/stm32g4xx_hal_rcc.o
                0x0000000008006a70                HAL_RCC_GetSysClockFreq
 .text.RCC_GetSysClockFreqFromPLLSource
                0x0000000008006b34       0x8c ./Drivers/STM32G4xx_HAL_Driver/Src/stm32g4xx_hal_rcc.o
 .text.HAL_RCCEx_PeriphCLKConfig
                0x0000000008006bc0      0x49c ./Drivers/STM32G4xx_HAL_Driver/Src/stm32g4xx_hal_rcc_ex.o
                0x0000000008006bc0                HAL_RCCEx_PeriphCLKConfig
 .text.HAL_RTC_Init
                0x000000000800705c       0xea ./Drivers/STM32G4xx_HAL_Driver/Src/stm32g4xx_hal_rtc.o
                0x000000000800705c                HAL_RTC_Init
 .text.HAL_RTC_SetTime
                0x0000000008007146      0x13a ./Drivers/STM32G4xx_HAL_Driver/Src/stm32g4xx_hal_rtc.o
                0x0000000008007146                HAL_RTC_SetTime
 .text.HAL_RTC_SetDate
                0x0000000008007280      0x10e ./Drivers/STM32G4xx_HAL_Driver/Src/stm32g4xx_hal_rtc.o
                0x0000000008007280                HAL_RTC_SetDate
 .text.HAL_RTC_WaitForSynchro
                0x000000000800738e       0x4c ./Drivers/STM32G4xx_HAL_Driver/Src/stm32g4xx_hal_rtc.o
                0x000000000800738e                HAL_RTC_WaitForSynchro
 .text.RTC_EnterInitMode
                0x00000000080073da       0x6c ./Drivers/STM32G4xx_HAL_Driver/Src/stm32g4xx_hal_rtc.o
                0x00000000080073da                RTC_EnterInitMode
 .text.RTC_ExitInitMode
                0x0000000008007446       0x86 ./Drivers/STM32G4xx_HAL_Driver/Src/stm32g4xx_hal_rtc.o
                0x0000000008007446                RTC_ExitInitMode
 .text.RTC_ByteToBcd2
                0x00000000080074cc       0x40 ./Drivers/STM32G4xx_HAL_Driver/Src/stm32g4xx_hal_rtc.o
                0x00000000080074cc                RTC_ByteToBcd2
 .text.HAL_SPI_Init
                0x000000000800750c      0x156 ./Drivers/STM32G4xx_HAL_Driver/Src/stm32g4xx_hal_spi.o
                0x000000000800750c                HAL_SPI_Init
 .text.HAL_SPI_Transmit
                0x0000000008007662      0x2dc ./Drivers/STM32G4xx_HAL_Driver/Src/stm32g4xx_hal_spi.o
                0x0000000008007662                HAL_SPI_Transmit
 .text.HAL_SPI_Receive
                0x000000000800793e      0x260 ./Drivers/STM32G4xx_HAL_Driver/Src/stm32g4xx_hal_spi.o
                0x000000000800793e                HAL_SPI_Receive
 .text.HAL_SPI_TransmitReceive
                0x0000000008007b9e      0x426 ./Drivers/STM32G4xx_HAL_Driver/Src/stm32g4xx_hal_spi.o
                0x0000000008007b9e                HAL_SPI_TransmitReceive
 .text.SPI_WaitFlagStateUntilTimeout
                0x0000000008007fc4      0x110 ./Drivers/STM32G4xx_HAL_Driver/Src/stm32g4xx_hal_spi.o
 .text.SPI_WaitFifoStateUntilTimeout
                0x00000000080080d4      0x12c ./Drivers/STM32G4xx_HAL_Driver/Src/stm32g4xx_hal_spi.o
 .text.SPI_EndRxTransaction
                0x0000000008008200       0xb0 ./Drivers/STM32G4xx_HAL_Driver/Src/stm32g4xx_hal_spi.o
 .text.SPI_EndRxTxTransaction
                0x00000000080082b0       0x8c ./Drivers/STM32G4xx_HAL_Driver/Src/stm32g4xx_hal_spi.o
 .text.HAL_TIM_Base_Init
                0x000000000800833c       0xae ./Drivers/STM32G4xx_HAL_Driver/Src/stm32g4xx_hal_tim.o
                0x000000000800833c                HAL_TIM_Base_Init
 .text.HAL_TIM_PWM_Init
                0x00000000080083ea       0xae ./Drivers/STM32G4xx_HAL_Driver/Src/stm32g4xx_hal_tim.o
                0x00000000080083ea                HAL_TIM_PWM_Init
 .text.HAL_TIM_PWM_MspInit
                0x0000000008008498       0x14 ./Drivers/STM32G4xx_HAL_Driver/Src/stm32g4xx_hal_tim.o
                0x0000000008008498                HAL_TIM_PWM_MspInit
 .text.HAL_TIM_PWM_Start
                0x00000000080084ac      0x224 ./Drivers/STM32G4xx_HAL_Driver/Src/stm32g4xx_hal_tim.o
                0x00000000080084ac                HAL_TIM_PWM_Start
 .text.HAL_TIM_IC_Init
                0x00000000080086d0       0xae ./Drivers/STM32G4xx_HAL_Driver/Src/stm32g4xx_hal_tim.o
                0x00000000080086d0                HAL_TIM_IC_Init
 .text.HAL_TIM_IC_MspInit
                0x000000000800877e       0x14 ./Drivers/STM32G4xx_HAL_Driver/Src/stm32g4xx_hal_tim.o
                0x000000000800877e                HAL_TIM_IC_MspInit
 *fill*         0x0000000008008792        0x2 
 .text.HAL_TIM_IC_Start
                0x0000000008008794      0x208 ./Drivers/STM32G4xx_HAL_Driver/Src/stm32g4xx_hal_tim.o
                0x0000000008008794                HAL_TIM_IC_Start
 .text.HAL_TIM_IC_Start_IT
                0x000000000800899c      0x2a0 ./Drivers/STM32G4xx_HAL_Driver/Src/stm32g4xx_hal_tim.o
                0x000000000800899c                HAL_TIM_IC_Start_IT
 .text.HAL_TIM_IRQHandler
                0x0000000008008c3c      0x2fe ./Drivers/STM32G4xx_HAL_Driver/Src/stm32g4xx_hal_tim.o
                0x0000000008008c3c                HAL_TIM_IRQHandler
 .text.HAL_TIM_IC_ConfigChannel
                0x0000000008008f3a      0x138 ./Drivers/STM32G4xx_HAL_Driver/Src/stm32g4xx_hal_tim.o
                0x0000000008008f3a                HAL_TIM_IC_ConfigChannel
 *fill*         0x0000000008009072        0x2 
 .text.HAL_TIM_PWM_ConfigChannel
                0x0000000008009074      0x228 ./Drivers/STM32G4xx_HAL_Driver/Src/stm32g4xx_hal_tim.o
                0x0000000008009074                HAL_TIM_PWM_ConfigChannel
 .text.HAL_TIM_ConfigClockSource
                0x000000000800929c      0x22c ./Drivers/STM32G4xx_HAL_Driver/Src/stm32g4xx_hal_tim.o
                0x000000000800929c                HAL_TIM_ConfigClockSource
 .text.HAL_TIM_SlaveConfigSynchro
                0x00000000080094c8       0x84 ./Drivers/STM32G4xx_HAL_Driver/Src/stm32g4xx_hal_tim.o
                0x00000000080094c8                HAL_TIM_SlaveConfigSynchro
 .text.HAL_TIM_ReadCapturedValue
                0x000000000800954c       0x88 ./Drivers/STM32G4xx_HAL_Driver/Src/stm32g4xx_hal_tim.o
                0x000000000800954c                HAL_TIM_ReadCapturedValue
 .text.HAL_TIM_PeriodElapsedCallback
                0x00000000080095d4       0x14 ./Drivers/STM32G4xx_HAL_Driver/Src/stm32g4xx_hal_tim.o
                0x00000000080095d4                HAL_TIM_PeriodElapsedCallback
 .text.HAL_TIM_OC_DelayElapsedCallback
                0x00000000080095e8       0x14 ./Drivers/STM32G4xx_HAL_Driver/Src/stm32g4xx_hal_tim.o
                0x00000000080095e8                HAL_TIM_OC_DelayElapsedCallback
 .text.HAL_TIM_PWM_PulseFinishedCallback
                0x00000000080095fc       0x14 ./Drivers/STM32G4xx_HAL_Driver/Src/stm32g4xx_hal_tim.o
                0x00000000080095fc                HAL_TIM_PWM_PulseFinishedCallback
 .text.HAL_TIM_TriggerCallback
                0x0000000008009610       0x14 ./Drivers/STM32G4xx_HAL_Driver/Src/stm32g4xx_hal_tim.o
                0x0000000008009610                HAL_TIM_TriggerCallback
 .text.TIM_Base_SetConfig
                0x0000000008009624      0x150 ./Drivers/STM32G4xx_HAL_Driver/Src/stm32g4xx_hal_tim.o
                0x0000000008009624                TIM_Base_SetConfig
 .text.TIM_OC1_SetConfig
                0x0000000008009774      0x134 ./Drivers/STM32G4xx_HAL_Driver/Src/stm32g4xx_hal_tim.o
 .text.TIM_OC2_SetConfig
                0x00000000080098a8      0x128 ./Drivers/STM32G4xx_HAL_Driver/Src/stm32g4xx_hal_tim.o
                0x00000000080098a8                TIM_OC2_SetConfig
 .text.TIM_OC3_SetConfig
                0x00000000080099d0      0x124 ./Drivers/STM32G4xx_HAL_Driver/Src/stm32g4xx_hal_tim.o
 .text.TIM_OC4_SetConfig
                0x0000000008009af4      0x128 ./Drivers/STM32G4xx_HAL_Driver/Src/stm32g4xx_hal_tim.o
 .text.TIM_OC5_SetConfig
                0x0000000008009c1c       0xd4 ./Drivers/STM32G4xx_HAL_Driver/Src/stm32g4xx_hal_tim.o
 .text.TIM_OC6_SetConfig
                0x0000000008009cf0       0xd8 ./Drivers/STM32G4xx_HAL_Driver/Src/stm32g4xx_hal_tim.o
 .text.TIM_SlaveTimer_SetConfig
                0x0000000008009dc8      0x1c0 ./Drivers/STM32G4xx_HAL_Driver/Src/stm32g4xx_hal_tim.o
 .text.TIM_TI1_SetConfig
                0x0000000008009f88       0xe8 ./Drivers/STM32G4xx_HAL_Driver/Src/stm32g4xx_hal_tim.o
                0x0000000008009f88                TIM_TI1_SetConfig
 .text.TIM_TI1_ConfigInputStage
                0x000000000800a070       0x5e ./Drivers/STM32G4xx_HAL_Driver/Src/stm32g4xx_hal_tim.o
 .text.TIM_TI2_SetConfig
                0x000000000800a0ce       0x7a ./Drivers/STM32G4xx_HAL_Driver/Src/stm32g4xx_hal_tim.o
 .text.TIM_TI2_ConfigInputStage
                0x000000000800a148       0x60 ./Drivers/STM32G4xx_HAL_Driver/Src/stm32g4xx_hal_tim.o
 .text.TIM_TI3_SetConfig
                0x000000000800a1a8       0x78 ./Drivers/STM32G4xx_HAL_Driver/Src/stm32g4xx_hal_tim.o
 .text.TIM_TI4_SetConfig
                0x000000000800a220       0x7a ./Drivers/STM32G4xx_HAL_Driver/Src/stm32g4xx_hal_tim.o
 .text.TIM_ITRx_SetConfig
                0x000000000800a29a       0x3a ./Drivers/STM32G4xx_HAL_Driver/Src/stm32g4xx_hal_tim.o
 .text.TIM_ETR_SetConfig
                0x000000000800a2d4       0x40 ./Drivers/STM32G4xx_HAL_Driver/Src/stm32g4xx_hal_tim.o
                0x000000000800a2d4                TIM_ETR_SetConfig
 .text.TIM_CCxChannelCmd
                0x000000000800a314       0x4a ./Drivers/STM32G4xx_HAL_Driver/Src/stm32g4xx_hal_tim.o
                0x000000000800a314                TIM_CCxChannelCmd
 *fill*         0x000000000800a35e        0x2 
 .text.HAL_TIMEx_MasterConfigSynchronization
                0x000000000800a360      0x12c ./Drivers/STM32G4xx_HAL_Driver/Src/stm32g4xx_hal_tim_ex.o
                0x000000000800a360                HAL_TIMEx_MasterConfigSynchronization
 .text.HAL_TIMEx_CommutCallback
                0x000000000800a48c       0x14 ./Drivers/STM32G4xx_HAL_Driver/Src/stm32g4xx_hal_tim_ex.o
                0x000000000800a48c                HAL_TIMEx_CommutCallback
 .text.HAL_TIMEx_BreakCallback
                0x000000000800a4a0       0x14 ./Drivers/STM32G4xx_HAL_Driver/Src/stm32g4xx_hal_tim_ex.o
                0x000000000800a4a0                HAL_TIMEx_BreakCallback
 .text.HAL_TIMEx_Break2Callback
                0x000000000800a4b4       0x14 ./Drivers/STM32G4xx_HAL_Driver/Src/stm32g4xx_hal_tim_ex.o
                0x000000000800a4b4                HAL_TIMEx_Break2Callback
 .text.HAL_TIMEx_EncoderIndexCallback
                0x000000000800a4c8       0x14 ./Drivers/STM32G4xx_HAL_Driver/Src/stm32g4xx_hal_tim_ex.o
                0x000000000800a4c8                HAL_TIMEx_EncoderIndexCallback
 .text.HAL_TIMEx_DirectionChangeCallback
                0x000000000800a4dc       0x14 ./Drivers/STM32G4xx_HAL_Driver/Src/stm32g4xx_hal_tim_ex.o
                0x000000000800a4dc                HAL_TIMEx_DirectionChangeCallback
 .text.HAL_TIMEx_IndexErrorCallback
                0x000000000800a4f0       0x14 ./Drivers/STM32G4xx_HAL_Driver/Src/stm32g4xx_hal_tim_ex.o
                0x000000000800a4f0                HAL_TIMEx_IndexErrorCallback
 .text.HAL_TIMEx_TransitionErrorCallback
                0x000000000800a504       0x14 ./Drivers/STM32G4xx_HAL_Driver/Src/stm32g4xx_hal_tim_ex.o
                0x000000000800a504                HAL_TIMEx_TransitionErrorCallback
 .text.__errno  0x000000000800a518        0xc c:/st/stm32cubeide_1.12.1/stm32cubeide/plugins/com.st.stm32cube.ide.mcu.externaltools.gnu-tools-for-stm32.10.3-2021.10.win32_1.0.200.202301161003/tools/bin/../lib/gcc/arm-none-eabi/10.3.1/../../../../arm-none-eabi/lib/thumb/v7e-m+fp/hard\libc_nano.a(lib_a-errno.o)
                0x000000000800a518                __errno
 .text.__libc_init_array
                0x000000000800a524       0x48 c:/st/stm32cubeide_1.12.1/stm32cubeide/plugins/com.st.stm32cube.ide.mcu.externaltools.gnu-tools-for-stm32.10.3-2021.10.win32_1.0.200.202301161003/tools/bin/../lib/gcc/arm-none-eabi/10.3.1/../../../../arm-none-eabi/lib/thumb/v7e-m+fp/hard\libc_nano.a(lib_a-init.o)
                0x000000000800a524                __libc_init_array
 .text.memset   0x000000000800a56c       0x10 c:/st/stm32cubeide_1.12.1/stm32cubeide/plugins/com.st.stm32cube.ide.mcu.externaltools.gnu-tools-for-stm32.10.3-2021.10.win32_1.0.200.202301161003/tools/bin/../lib/gcc/arm-none-eabi/10.3.1/../../../../arm-none-eabi/lib/thumb/v7e-m+fp/hard\libc_nano.a(lib_a-memset.o)
                0x000000000800a56c                memset
 *fill*         0x000000000800a57c        0x4 
 .text.log      0x000000000800a580       0x7c c:/st/stm32cubeide_1.12.1/stm32cubeide/plugins/com.st.stm32cube.ide.mcu.externaltools.gnu-tools-for-stm32.10.3-2021.10.win32_1.0.200.202301161003/tools/bin/../lib/gcc/arm-none-eabi/10.3.1/../../../../arm-none-eabi/lib/thumb/v7e-m+fp/hard\libm.a(lib_a-w_log.o)
                0x000000000800a580                log
 *fill*         0x000000000800a5fc        0x4 
 .text.__ieee754_log
                0x000000000800a600      0x374 c:/st/stm32cubeide_1.12.1/stm32cubeide/plugins/com.st.stm32cube.ide.mcu.externaltools.gnu-tools-for-stm32.10.3-2021.10.win32_1.0.200.202301161003/tools/bin/../lib/gcc/arm-none-eabi/10.3.1/../../../../arm-none-eabi/lib/thumb/v7e-m+fp/hard\libm.a(lib_a-e_log.o)
                0x000000000800a600                __ieee754_log
 *fill*         0x000000000800a974        0x4 
 .text.nan      0x000000000800a978       0x10 c:/st/stm32cubeide_1.12.1/stm32cubeide/plugins/com.st.stm32cube.ide.mcu.externaltools.gnu-tools-for-stm32.10.3-2021.10.win32_1.0.200.202301161003/tools/bin/../lib/gcc/arm-none-eabi/10.3.1/../../../../arm-none-eabi/lib/thumb/v7e-m+fp/hard\libm.a(lib_a-s_nan.o)
                0x000000000800a978                nan
 *(.glue_7)
 .glue_7        0x000000000800a988        0x0 linker stubs
 *(.glue_7t)
 .glue_7t       0x000000000800a988        0x0 linker stubs
 *(.eh_frame)
 .eh_frame      0x000000000800a988        0x0 c:/st/stm32cubeide_1.12.1/stm32cubeide/plugins/com.st.stm32cube.ide.mcu.externaltools.gnu-tools-for-stm32.10.3-2021.10.win32_1.0.200.202301161003/tools/bin/../lib/gcc/arm-none-eabi/10.3.1/thumb/v7e-m+fp/hard/crtbegin.o
 *(.init)
 .init          0x000000000800a988        0x4 c:/st/stm32cubeide_1.12.1/stm32cubeide/plugins/com.st.stm32cube.ide.mcu.externaltools.gnu-tools-for-stm32.10.3-2021.10.win32_1.0.200.202301161003/tools/bin/../lib/gcc/arm-none-eabi/10.3.1/thumb/v7e-m+fp/hard/crti.o
                0x000000000800a988                _init
 .init          0x000000000800a98c        0x8 c:/st/stm32cubeide_1.12.1/stm32cubeide/plugins/com.st.stm32cube.ide.mcu.externaltools.gnu-tools-for-stm32.10.3-2021.10.win32_1.0.200.202301161003/tools/bin/../lib/gcc/arm-none-eabi/10.3.1/thumb/v7e-m+fp/hard/crtn.o
 *(.fini)
 .fini          0x000000000800a994        0x4 c:/st/stm32cubeide_1.12.1/stm32cubeide/plugins/com.st.stm32cube.ide.mcu.externaltools.gnu-tools-for-stm32.10.3-2021.10.win32_1.0.200.202301161003/tools/bin/../lib/gcc/arm-none-eabi/10.3.1/thumb/v7e-m+fp/hard/crti.o
                0x000000000800a994                _fini
 .fini          0x000000000800a998        0x8 c:/st/stm32cubeide_1.12.1/stm32cubeide/plugins/com.st.stm32cube.ide.mcu.externaltools.gnu-tools-for-stm32.10.3-2021.10.win32_1.0.200.202301161003/tools/bin/../lib/gcc/arm-none-eabi/10.3.1/thumb/v7e-m+fp/hard/crtn.o
                0x000000000800a9a0                . = ALIGN (0x4)
                0x000000000800a9a0                _etext = .

.vfp11_veneer   0x000000000800a9a0        0x0
 .vfp11_veneer  0x000000000800a9a0        0x0 linker stubs

.v4_bx          0x000000000800a9a0        0x0
 .v4_bx         0x000000000800a9a0        0x0 linker stubs

.iplt           0x000000000800a9a0        0x0
 .iplt          0x000000000800a9a0        0x0 c:/st/stm32cubeide_1.12.1/stm32cubeide/plugins/com.st.stm32cube.ide.mcu.externaltools.gnu-tools-for-stm32.10.3-2021.10.win32_1.0.200.202301161003/tools/bin/../lib/gcc/arm-none-eabi/10.3.1/thumb/v7e-m+fp/hard/crtbegin.o

.rodata         0x000000000800a9a0       0x38
                0x000000000800a9a0                . = ALIGN (0x4)
 *(.rodata)
 .rodata        0x000000000800a9a0       0x14 ./Core/Src/main.o
 *(.rodata*)
 .rodata.AHBPrescTable
                0x000000000800a9b4       0x10 ./Core/Src/system_stm32g4xx.o
                0x000000000800a9b4                AHBPrescTable
 .rodata.DLCtoBytes
                0x000000000800a9c4       0x10 ./Drivers/STM32G4xx_HAL_Driver/Src/stm32g4xx_hal_fdcan.o
 .rodata.log.str1.1
                0x000000000800a9d4        0x1 c:/st/stm32cubeide_1.12.1/stm32cubeide/plugins/com.st.stm32cube.ide.mcu.externaltools.gnu-tools-for-stm32.10.3-2021.10.win32_1.0.200.202301161003/tools/bin/../lib/gcc/arm-none-eabi/10.3.1/../../../../arm-none-eabi/lib/thumb/v7e-m+fp/hard\libm.a(lib_a-w_log.o)
                0x000000000800a9d8                . = ALIGN (0x4)
 *fill*         0x000000000800a9d5        0x3 

.rel.dyn        0x000000000800a9d8        0x0
 .rel.iplt      0x000000000800a9d8        0x0 c:/st/stm32cubeide_1.12.1/stm32cubeide/plugins/com.st.stm32cube.ide.mcu.externaltools.gnu-tools-for-stm32.10.3-2021.10.win32_1.0.200.202301161003/tools/bin/../lib/gcc/arm-none-eabi/10.3.1/thumb/v7e-m+fp/hard/crtbegin.o

.ARM.extab      0x000000000800a9d8        0x0
                0x000000000800a9d8                . = ALIGN (0x4)
 *(.ARM.extab* .gnu.linkonce.armextab.*)
                0x000000000800a9d8                . = ALIGN (0x4)

.ARM            0x000000000800a9d8        0x0
                0x000000000800a9d8                . = ALIGN (0x4)
                0x000000000800a9d8                __exidx_start = .
 *(.ARM.exidx*)
                0x000000000800a9d8                __exidx_end = .
                0x000000000800a9d8                . = ALIGN (0x4)

.preinit_array  0x000000000800a9d8        0x0
                0x000000000800a9d8                . = ALIGN (0x4)
                0x000000000800a9d8                PROVIDE (__preinit_array_start = .)
 *(.preinit_array*)
                0x000000000800a9d8                PROVIDE (__preinit_array_end = .)
                0x000000000800a9d8                . = ALIGN (0x4)

.init_array     0x000000000800a9d8        0x4
                0x000000000800a9d8                . = ALIGN (0x4)
                0x000000000800a9d8                PROVIDE (__init_array_start = .)
 *(SORT_BY_NAME(.init_array.*))
 *(.init_array*)
 .init_array    0x000000000800a9d8        0x4 c:/st/stm32cubeide_1.12.1/stm32cubeide/plugins/com.st.stm32cube.ide.mcu.externaltools.gnu-tools-for-stm32.10.3-2021.10.win32_1.0.200.202301161003/tools/bin/../lib/gcc/arm-none-eabi/10.3.1/thumb/v7e-m+fp/hard/crtbegin.o
                0x000000000800a9dc                PROVIDE (__init_array_end = .)
                0x000000000800a9dc                . = ALIGN (0x4)

.fini_array     0x000000000800a9dc        0x4
                0x000000000800a9dc                . = ALIGN (0x4)
                [!provide]                        PROVIDE (__fini_array_start = .)
 *(SORT_BY_NAME(.fini_array.*))
 *(.fini_array*)
 .fini_array    0x000000000800a9dc        0x4 c:/st/stm32cubeide_1.12.1/stm32cubeide/plugins/com.st.stm32cube.ide.mcu.externaltools.gnu-tools-for-stm32.10.3-2021.10.win32_1.0.200.202301161003/tools/bin/../lib/gcc/arm-none-eabi/10.3.1/thumb/v7e-m+fp/hard/crtbegin.o
                [!provide]                        PROVIDE (__fini_array_end = .)
                0x000000000800a9e0                . = ALIGN (0x4)
                0x000000000800a9e0                _sidata = LOADADDR (.data)

.data           0x0000000020000000       0x74 load address 0x000000000800a9e0
                0x0000000020000000                . = ALIGN (0x4)
                0x0000000020000000                _sdata = .
 *(.data)
 *(.data*)
 .data.voltage_sag_allowed_float
                0x0000000020000000        0x4 ./Core/Src/main.o
                0x0000000020000000                voltage_sag_allowed_float
 .data.SystemCoreClock
                0x0000000020000004        0x4 ./Core/Src/system_stm32g4xx.o
                0x0000000020000004                SystemCoreClock
 .data.uwTickPrio
                0x0000000020000008        0x4 ./Drivers/STM32G4xx_HAL_Driver/Src/stm32g4xx_hal.o
                0x0000000020000008                uwTickPrio
 .data.uwTickFreq
                0x000000002000000c        0x4 ./Drivers/STM32G4xx_HAL_Driver/Src/stm32g4xx_hal.o
                0x000000002000000c                uwTickFreq
 .data._impure_ptr
                0x0000000020000010        0x4 c:/st/stm32cubeide_1.12.1/stm32cubeide/plugins/com.st.stm32cube.ide.mcu.externaltools.gnu-tools-for-stm32.10.3-2021.10.win32_1.0.200.202301161003/tools/bin/../lib/gcc/arm-none-eabi/10.3.1/../../../../arm-none-eabi/lib/thumb/v7e-m+fp/hard\libc_nano.a(lib_a-impure.o)
                0x0000000020000010                _impure_ptr
 .data.impure_data
                0x0000000020000014       0x60 c:/st/stm32cubeide_1.12.1/stm32cubeide/plugins/com.st.stm32cube.ide.mcu.externaltools.gnu-tools-for-stm32.10.3-2021.10.win32_1.0.200.202301161003/tools/bin/../lib/gcc/arm-none-eabi/10.3.1/../../../../arm-none-eabi/lib/thumb/v7e-m+fp/hard\libc_nano.a(lib_a-impure.o)
 *(.RamFunc)
 *(.RamFunc*)
                0x0000000020000074                . = ALIGN (0x4)
                0x0000000020000074                _edata = .

.igot.plt       0x0000000020000074        0x0 load address 0x000000000800aa54
 .igot.plt      0x0000000020000074        0x0 c:/st/stm32cubeide_1.12.1/stm32cubeide/plugins/com.st.stm32cube.ide.mcu.externaltools.gnu-tools-for-stm32.10.3-2021.10.win32_1.0.200.202301161003/tools/bin/../lib/gcc/arm-none-eabi/10.3.1/thumb/v7e-m+fp/hard/crtbegin.o
                0x0000000020000074                . = ALIGN (0x4)

.bss            0x0000000020000078      0x6c4 load address 0x000000000800aa54
                0x0000000020000078                _sbss = .
                0x0000000020000078                __bss_start__ = _sbss
 *(.bss)
 .bss           0x0000000020000078       0x1c c:/st/stm32cubeide_1.12.1/stm32cubeide/plugins/com.st.stm32cube.ide.mcu.externaltools.gnu-tools-for-stm32.10.3-2021.10.win32_1.0.200.202301161003/tools/bin/../lib/gcc/arm-none-eabi/10.3.1/thumb/v7e-m+fp/hard/crtbegin.o
 *(.bss*)
 .bss.pec15Table
                0x0000000020000094      0x200 ./Core/Src/ltc6811.o
                0x0000000020000094                pec15Table
 .bss.hadc1     0x0000000020000294       0x6c ./Core/Src/main.o
                0x0000000020000294                hadc1
 .bss.hadc2     0x0000000020000300       0x6c ./Core/Src/main.o
                0x0000000020000300                hadc2
 .bss.hdma_adc1
                0x000000002000036c       0x60 ./Core/Src/main.o
                0x000000002000036c                hdma_adc1
 .bss.hdma_adc2
                0x00000000200003cc       0x60 ./Core/Src/main.o
                0x00000000200003cc                hdma_adc2
 .bss.hfdcan1   0x000000002000042c       0x64 ./Core/Src/main.o
                0x000000002000042c                hfdcan1
 .bss.hfdcan2   0x0000000020000490       0x64 ./Core/Src/main.o
                0x0000000020000490                hfdcan2
 .bss.hrtc      0x00000000200004f4       0x28 ./Core/Src/main.o
                0x00000000200004f4                hrtc
 .bss.hspi3     0x000000002000051c       0x64 ./Core/Src/main.o
                0x000000002000051c                hspi3
 .bss.htim2     0x0000000020000580       0x4c ./Core/Src/main.o
                0x0000000020000580                htim2
 .bss.htim15    0x00000000200005cc       0x4c ./Core/Src/main.o
                0x00000000200005cc                htim15
 .bss.SOC       0x0000000020000618        0x8 ./Core/Src/main.o
                0x0000000020000618                SOC
 .bss.last_SOC_update_ms
                0x0000000020000620        0x8 ./Core/Src/main.o
                0x0000000020000620                last_SOC_update_ms
 .bss.adc_val   0x0000000020000628        0x2 ./Core/Src/main.o
                0x0000000020000628                adc_val
 *fill*         0x000000002000062a        0x2 
 .bss.adc_val2  0x000000002000062c        0x4 ./Core/Src/main.o
                0x000000002000062c                adc_val2
 .bss.current_sense_voltage
                0x0000000020000630        0x8 ./Core/Src/main.o
                0x0000000020000630                current_sense_voltage
 .bss.current   0x0000000020000638        0x8 ./Core/Src/main.o
                0x0000000020000638                current
 .bss.time_since_last_update
                0x0000000020000640        0x8 ./Core/Src/main.o
                0x0000000020000640                time_since_last_update
 .bss.cell_voltage
                0x0000000020000648       0x30 ./Core/Src/main.o
                0x0000000020000648                cell_voltage
 .bss.cell_voltage_ma
                0x0000000020000678       0x30 ./Core/Src/main.o
                0x0000000020000678                cell_voltage_ma
 .bss.ltc6811_arr
                0x00000000200006a8       0x28 ./Core/Src/main.o
                0x00000000200006a8                ltc6811_arr
 .bss.thermistor_temps
                0x00000000200006d0       0x48 ./Core/Src/main.o
                0x00000000200006d0                thermistor_temps
 .bss.fuse_pop  0x0000000020000718        0x4 ./Core/Src/main.o
                0x0000000020000718                fuse_pop
 .bss.AMS_OK    0x000000002000071c        0x4 ./Core/Src/main.o
                0x000000002000071c                AMS_OK
 .bss.ICValue   0x0000000020000720        0x4 ./Core/Src/main.o
                0x0000000020000720                ICValue
 .bss.frequency
                0x0000000020000724        0x4 ./Core/Src/main.o
                0x0000000020000724                frequency
 .bss.duty      0x0000000020000728        0x4 ./Core/Src/main.o
                0x0000000020000728                duty
 .bss.input_percentage
                0x000000002000072c        0x4 ./Core/Src/main.o
                0x000000002000072c                input_percentage
 .bss.HAL_RCC_ADC12_CLK_ENABLED
                0x0000000020000730        0x4 ./Core/Src/stm32g4xx_hal_msp.o
 .bss.HAL_RCC_FDCAN_CLK_ENABLED
                0x0000000020000734        0x4 ./Core/Src/stm32g4xx_hal_msp.o
 .bss.uwTick    0x0000000020000738        0x4 ./Drivers/STM32G4xx_HAL_Driver/Src/stm32g4xx_hal.o
                0x0000000020000738                uwTick
 *(COMMON)
                0x000000002000073c                . = ALIGN (0x4)
                0x000000002000073c                _ebss = .
                0x000000002000073c                __bss_end__ = _ebss

._user_heap_stack
                0x000000002000073c      0x604 load address 0x000000000800aa54
                0x0000000020000740                . = ALIGN (0x8)
 *fill*         0x000000002000073c        0x4 
                [!provide]                        PROVIDE (end = .)
                0x0000000020000740                PROVIDE (_end = .)
                0x0000000020000940                . = (. + _Min_Heap_Size)
 *fill*         0x0000000020000740      0x200 
                0x0000000020000d40                . = (. + _Min_Stack_Size)
 *fill*         0x0000000020000940      0x400 
                0x0000000020000d40                . = ALIGN (0x8)

/DISCARD/
 libc.a(*)
 libm.a(*)
 libgcc.a(*)

.ARM.attributes
                0x0000000000000000       0x30
 *(.ARM.attributes)
 .ARM.attributes
                0x0000000000000000       0x1e c:/st/stm32cubeide_1.12.1/stm32cubeide/plugins/com.st.stm32cube.ide.mcu.externaltools.gnu-tools-for-stm32.10.3-2021.10.win32_1.0.200.202301161003/tools/bin/../lib/gcc/arm-none-eabi/10.3.1/thumb/v7e-m+fp/hard/crti.o
 .ARM.attributes
                0x000000000000001e       0x34 c:/st/stm32cubeide_1.12.1/stm32cubeide/plugins/com.st.stm32cube.ide.mcu.externaltools.gnu-tools-for-stm32.10.3-2021.10.win32_1.0.200.202301161003/tools/bin/../lib/gcc/arm-none-eabi/10.3.1/thumb/v7e-m+fp/hard/crtbegin.o
 .ARM.attributes
                0x0000000000000052       0x34 ./Core/Src/ltc6811.o
 .ARM.attributes
                0x0000000000000086       0x34 ./Core/Src/main.o
 .ARM.attributes
                0x00000000000000ba       0x34 ./Core/Src/stm32g4xx_hal_msp.o
 .ARM.attributes
                0x00000000000000ee       0x34 ./Core/Src/stm32g4xx_it.o
 .ARM.attributes
                0x0000000000000122       0x34 ./Core/Src/system_stm32g4xx.o
 .ARM.attributes
                0x0000000000000156       0x21 ./Core/Startup/startup_stm32g474retx.o
 .ARM.attributes
                0x0000000000000177       0x34 ./Drivers/STM32G4xx_HAL_Driver/Src/stm32g4xx_hal.o
 .ARM.attributes
                0x00000000000001ab       0x34 ./Drivers/STM32G4xx_HAL_Driver/Src/stm32g4xx_hal_adc.o
 .ARM.attributes
                0x00000000000001df       0x34 ./Drivers/STM32G4xx_HAL_Driver/Src/stm32g4xx_hal_adc_ex.o
 .ARM.attributes
                0x0000000000000213       0x34 ./Drivers/STM32G4xx_HAL_Driver/Src/stm32g4xx_hal_cortex.o
 .ARM.attributes
                0x0000000000000247       0x34 ./Drivers/STM32G4xx_HAL_Driver/Src/stm32g4xx_hal_dma.o
 .ARM.attributes
                0x000000000000027b       0x34 ./Drivers/STM32G4xx_HAL_Driver/Src/stm32g4xx_hal_fdcan.o
 .ARM.attributes
                0x00000000000002af       0x34 ./Drivers/STM32G4xx_HAL_Driver/Src/stm32g4xx_hal_gpio.o
 .ARM.attributes
                0x00000000000002e3       0x34 ./Drivers/STM32G4xx_HAL_Driver/Src/stm32g4xx_hal_pwr_ex.o
 .ARM.attributes
                0x0000000000000317       0x34 ./Drivers/STM32G4xx_HAL_Driver/Src/stm32g4xx_hal_rcc.o
 .ARM.attributes
                0x000000000000034b       0x34 ./Drivers/STM32G4xx_HAL_Driver/Src/stm32g4xx_hal_rcc_ex.o
 .ARM.attributes
                0x000000000000037f       0x34 ./Drivers/STM32G4xx_HAL_Driver/Src/stm32g4xx_hal_rtc.o
 .ARM.attributes
                0x00000000000003b3       0x34 ./Drivers/STM32G4xx_HAL_Driver/Src/stm32g4xx_hal_spi.o
 .ARM.attributes
                0x00000000000003e7       0x34 ./Drivers/STM32G4xx_HAL_Driver/Src/stm32g4xx_hal_tim.o
 .ARM.attributes
                0x000000000000041b       0x34 ./Drivers/STM32G4xx_HAL_Driver/Src/stm32g4xx_hal_tim_ex.o
 .ARM.attributes
                0x000000000000044f       0x34 c:/st/stm32cubeide_1.12.1/stm32cubeide/plugins/com.st.stm32cube.ide.mcu.externaltools.gnu-tools-for-stm32.10.3-2021.10.win32_1.0.200.202301161003/tools/bin/../lib/gcc/arm-none-eabi/10.3.1/../../../../arm-none-eabi/lib/thumb/v7e-m+fp/hard\libc_nano.a(lib_a-errno.o)
 .ARM.attributes
                0x0000000000000483       0x34 c:/st/stm32cubeide_1.12.1/stm32cubeide/plugins/com.st.stm32cube.ide.mcu.externaltools.gnu-tools-for-stm32.10.3-2021.10.win32_1.0.200.202301161003/tools/bin/../lib/gcc/arm-none-eabi/10.3.1/../../../../arm-none-eabi/lib/thumb/v7e-m+fp/hard\libc_nano.a(lib_a-impure.o)
 .ARM.attributes
                0x00000000000004b7       0x34 c:/st/stm32cubeide_1.12.1/stm32cubeide/plugins/com.st.stm32cube.ide.mcu.externaltools.gnu-tools-for-stm32.10.3-2021.10.win32_1.0.200.202301161003/tools/bin/../lib/gcc/arm-none-eabi/10.3.1/../../../../arm-none-eabi/lib/thumb/v7e-m+fp/hard\libc_nano.a(lib_a-init.o)
 .ARM.attributes
                0x00000000000004eb       0x34 c:/st/stm32cubeide_1.12.1/stm32cubeide/plugins/com.st.stm32cube.ide.mcu.externaltools.gnu-tools-for-stm32.10.3-2021.10.win32_1.0.200.202301161003/tools/bin/../lib/gcc/arm-none-eabi/10.3.1/../../../../arm-none-eabi/lib/thumb/v7e-m+fp/hard\libc_nano.a(lib_a-memset.o)
 .ARM.attributes
                0x000000000000051f       0x34 c:/st/stm32cubeide_1.12.1/stm32cubeide/plugins/com.st.stm32cube.ide.mcu.externaltools.gnu-tools-for-stm32.10.3-2021.10.win32_1.0.200.202301161003/tools/bin/../lib/gcc/arm-none-eabi/10.3.1/../../../../arm-none-eabi/lib/thumb/v7e-m+fp/hard\libm.a(lib_a-w_log.o)
 .ARM.attributes
                0x0000000000000553       0x34 c:/st/stm32cubeide_1.12.1/stm32cubeide/plugins/com.st.stm32cube.ide.mcu.externaltools.gnu-tools-for-stm32.10.3-2021.10.win32_1.0.200.202301161003/tools/bin/../lib/gcc/arm-none-eabi/10.3.1/../../../../arm-none-eabi/lib/thumb/v7e-m+fp/hard\libm.a(lib_a-e_log.o)
 .ARM.attributes
                0x0000000000000587       0x34 c:/st/stm32cubeide_1.12.1/stm32cubeide/plugins/com.st.stm32cube.ide.mcu.externaltools.gnu-tools-for-stm32.10.3-2021.10.win32_1.0.200.202301161003/tools/bin/../lib/gcc/arm-none-eabi/10.3.1/../../../../arm-none-eabi/lib/thumb/v7e-m+fp/hard\libm.a(lib_a-s_nan.o)
 .ARM.attributes
                0x00000000000005bb       0x1e c:/st/stm32cubeide_1.12.1/stm32cubeide/plugins/com.st.stm32cube.ide.mcu.externaltools.gnu-tools-for-stm32.10.3-2021.10.win32_1.0.200.202301161003/tools/bin/../lib/gcc/arm-none-eabi/10.3.1/thumb/v7e-m+fp/hard\libgcc.a(_arm_addsubdf3.o)
 .ARM.attributes
                0x00000000000005d9       0x1e c:/st/stm32cubeide_1.12.1/stm32cubeide/plugins/com.st.stm32cube.ide.mcu.externaltools.gnu-tools-for-stm32.10.3-2021.10.win32_1.0.200.202301161003/tools/bin/../lib/gcc/arm-none-eabi/10.3.1/thumb/v7e-m+fp/hard\libgcc.a(_arm_muldivdf3.o)
 .ARM.attributes
                0x00000000000005f7       0x1e c:/st/stm32cubeide_1.12.1/stm32cubeide/plugins/com.st.stm32cube.ide.mcu.externaltools.gnu-tools-for-stm32.10.3-2021.10.win32_1.0.200.202301161003/tools/bin/../lib/gcc/arm-none-eabi/10.3.1/thumb/v7e-m+fp/hard\libgcc.a(_arm_cmpdf2.o)
 .ARM.attributes
                0x0000000000000615       0x1e c:/st/stm32cubeide_1.12.1/stm32cubeide/plugins/com.st.stm32cube.ide.mcu.externaltools.gnu-tools-for-stm32.10.3-2021.10.win32_1.0.200.202301161003/tools/bin/../lib/gcc/arm-none-eabi/10.3.1/thumb/v7e-m+fp/hard\libgcc.a(_arm_unorddf2.o)
 .ARM.attributes
                0x0000000000000633       0x1e c:/st/stm32cubeide_1.12.1/stm32cubeide/plugins/com.st.stm32cube.ide.mcu.externaltools.gnu-tools-for-stm32.10.3-2021.10.win32_1.0.200.202301161003/tools/bin/../lib/gcc/arm-none-eabi/10.3.1/thumb/v7e-m+fp/hard\libgcc.a(_arm_fixunsdfsi.o)
 .ARM.attributes
                0x0000000000000651       0x1e c:/st/stm32cubeide_1.12.1/stm32cubeide/plugins/com.st.stm32cube.ide.mcu.externaltools.gnu-tools-for-stm32.10.3-2021.10.win32_1.0.200.202301161003/tools/bin/../lib/gcc/arm-none-eabi/10.3.1/thumb/v7e-m+fp/hard\libgcc.a(_arm_truncdfsf2.o)
 .ARM.attributes
                0x000000000000066f       0x34 c:/st/stm32cubeide_1.12.1/stm32cubeide/plugins/com.st.stm32cube.ide.mcu.externaltools.gnu-tools-for-stm32.10.3-2021.10.win32_1.0.200.202301161003/tools/bin/../lib/gcc/arm-none-eabi/10.3.1/thumb/v7e-m+fp/hard\libgcc.a(_fixdfdi.o)
 .ARM.attributes
                0x00000000000006a3       0x34 c:/st/stm32cubeide_1.12.1/stm32cubeide/plugins/com.st.stm32cube.ide.mcu.externaltools.gnu-tools-for-stm32.10.3-2021.10.win32_1.0.200.202301161003/tools/bin/../lib/gcc/arm-none-eabi/10.3.1/thumb/v7e-m+fp/hard\libgcc.a(_fixunsdfdi.o)
 .ARM.attributes
                0x00000000000006d7       0x1e c:/st/stm32cubeide_1.12.1/stm32cubeide/plugins/com.st.stm32cube.ide.mcu.externaltools.gnu-tools-for-stm32.10.3-2021.10.win32_1.0.200.202301161003/tools/bin/../lib/gcc/arm-none-eabi/10.3.1/thumb/v7e-m+fp/hard/crtn.o
OUTPUT(AMS-Master.elf elf32-littlearm)
LOAD linker stubs
LOAD c:/st/stm32cubeide_1.12.1/stm32cubeide/plugins/com.st.stm32cube.ide.mcu.externaltools.gnu-tools-for-stm32.10.3-2021.10.win32_1.0.200.202301161003/tools/bin/../lib/gcc/arm-none-eabi/10.3.1/../../../../arm-none-eabi/lib/thumb/v7e-m+fp/hard\libc.a
LOAD c:/st/stm32cubeide_1.12.1/stm32cubeide/plugins/com.st.stm32cube.ide.mcu.externaltools.gnu-tools-for-stm32.10.3-2021.10.win32_1.0.200.202301161003/tools/bin/../lib/gcc/arm-none-eabi/10.3.1/../../../../arm-none-eabi/lib/thumb/v7e-m+fp/hard\libm.a
LOAD c:/st/stm32cubeide_1.12.1/stm32cubeide/plugins/com.st.stm32cube.ide.mcu.externaltools.gnu-tools-for-stm32.10.3-2021.10.win32_1.0.200.202301161003/tools/bin/../lib/gcc/arm-none-eabi/10.3.1/thumb/v7e-m+fp/hard\libgcc.a

.debug_info     0x0000000000000000    0x19710
 .debug_info    0x0000000000000000     0x1134 ./Core/Src/ltc6811.o
 .debug_info    0x0000000000001134     0x3210 ./Core/Src/main.o
 .debug_info    0x0000000000004344     0x230e ./Core/Src/stm32g4xx_hal_msp.o
 .debug_info    0x0000000000006652      0xdae ./Core/Src/stm32g4xx_it.o
 .debug_info    0x0000000000007400      0x59f ./Core/Src/system_stm32g4xx.o
 .debug_info    0x000000000000799f       0x22 ./Core/Startup/startup_stm32g474retx.o
 .debug_info    0x00000000000079c1      0xb9d ./Drivers/STM32G4xx_HAL_Driver/Src/stm32g4xx_hal.o
 .debug_info    0x000000000000855e     0x213e ./Drivers/STM32G4xx_HAL_Driver/Src/stm32g4xx_hal_adc.o
 .debug_info    0x000000000000a69c     0x1e4b ./Drivers/STM32G4xx_HAL_Driver/Src/stm32g4xx_hal_adc_ex.o
 .debug_info    0x000000000000c4e7      0xe7e ./Drivers/STM32G4xx_HAL_Driver/Src/stm32g4xx_hal_cortex.o
 .debug_info    0x000000000000d365      0x8ee ./Drivers/STM32G4xx_HAL_Driver/Src/stm32g4xx_hal_dma.o
 .debug_info    0x000000000000dc53     0x1983 ./Drivers/STM32G4xx_HAL_Driver/Src/stm32g4xx_hal_fdcan.o
 .debug_info    0x000000000000f5d6      0x82f ./Drivers/STM32G4xx_HAL_Driver/Src/stm32g4xx_hal_gpio.o
 .debug_info    0x000000000000fe05      0x983 ./Drivers/STM32G4xx_HAL_Driver/Src/stm32g4xx_hal_pwr_ex.o
 .debug_info    0x0000000000010788      0xcb7 ./Drivers/STM32G4xx_HAL_Driver/Src/stm32g4xx_hal_rcc.o
 .debug_info    0x000000000001143f      0xd32 ./Drivers/STM32G4xx_HAL_Driver/Src/stm32g4xx_hal_rcc_ex.o
 .debug_info    0x0000000000012171      0xf7a ./Drivers/STM32G4xx_HAL_Driver/Src/stm32g4xx_hal_rtc.o
 .debug_info    0x00000000000130eb     0x18b8 ./Drivers/STM32G4xx_HAL_Driver/Src/stm32g4xx_hal_spi.o
 .debug_info    0x00000000000149a3     0x2e83 ./Drivers/STM32G4xx_HAL_Driver/Src/stm32g4xx_hal_tim.o
 .debug_info    0x0000000000017826     0x1eea ./Drivers/STM32G4xx_HAL_Driver/Src/stm32g4xx_hal_tim_ex.o

.debug_abbrev   0x0000000000000000     0x2ddf
 .debug_abbrev  0x0000000000000000      0x2f7 ./Core/Src/ltc6811.o
 .debug_abbrev  0x00000000000002f7      0x43e ./Core/Src/main.o
 .debug_abbrev  0x0000000000000735      0x2a0 ./Core/Src/stm32g4xx_hal_msp.o
 .debug_abbrev  0x00000000000009d5      0x1c6 ./Core/Src/stm32g4xx_it.o
 .debug_abbrev  0x0000000000000b9b      0x116 ./Core/Src/system_stm32g4xx.o
 .debug_abbrev  0x0000000000000cb1       0x12 ./Core/Startup/startup_stm32g474retx.o
 .debug_abbrev  0x0000000000000cc3      0x269 ./Drivers/STM32G4xx_HAL_Driver/Src/stm32g4xx_hal.o
 .debug_abbrev  0x0000000000000f2c      0x2bf ./Drivers/STM32G4xx_HAL_Driver/Src/stm32g4xx_hal_adc.o
 .debug_abbrev  0x00000000000011eb      0x2da ./Drivers/STM32G4xx_HAL_Driver/Src/stm32g4xx_hal_adc_ex.o
 .debug_abbrev  0x00000000000014c5      0x30d ./Drivers/STM32G4xx_HAL_Driver/Src/stm32g4xx_hal_cortex.o
 .debug_abbrev  0x00000000000017d2      0x1d7 ./Drivers/STM32G4xx_HAL_Driver/Src/stm32g4xx_hal_dma.o
 .debug_abbrev  0x00000000000019a9      0x1d3 ./Drivers/STM32G4xx_HAL_Driver/Src/stm32g4xx_hal_fdcan.o
 .debug_abbrev  0x0000000000001b7c      0x1bb ./Drivers/STM32G4xx_HAL_Driver/Src/stm32g4xx_hal_gpio.o
 .debug_abbrev  0x0000000000001d37      0x229 ./Drivers/STM32G4xx_HAL_Driver/Src/stm32g4xx_hal_pwr_ex.o
 .debug_abbrev  0x0000000000001f60      0x2bd ./Drivers/STM32G4xx_HAL_Driver/Src/stm32g4xx_hal_rcc.o
 .debug_abbrev  0x000000000000221d      0x247 ./Drivers/STM32G4xx_HAL_Driver/Src/stm32g4xx_hal_rcc_ex.o
 .debug_abbrev  0x0000000000002464      0x1ee ./Drivers/STM32G4xx_HAL_Driver/Src/stm32g4xx_hal_rtc.o
 .debug_abbrev  0x0000000000002652      0x254 ./Drivers/STM32G4xx_HAL_Driver/Src/stm32g4xx_hal_spi.o
 .debug_abbrev  0x00000000000028a6      0x28e ./Drivers/STM32G4xx_HAL_Driver/Src/stm32g4xx_hal_tim.o
 .debug_abbrev  0x0000000000002b34      0x2ab ./Drivers/STM32G4xx_HAL_Driver/Src/stm32g4xx_hal_tim_ex.o

.debug_aranges  0x0000000000000000     0x17a0
 .debug_aranges
                0x0000000000000000       0xa8 ./Core/Src/ltc6811.o
 .debug_aranges
                0x00000000000000a8      0x108 ./Core/Src/main.o
 .debug_aranges
                0x00000000000001b0       0x78 ./Core/Src/stm32g4xx_hal_msp.o
 .debug_aranges
                0x0000000000000228       0x80 ./Core/Src/stm32g4xx_it.o
 .debug_aranges
                0x00000000000002a8       0x28 ./Core/Src/system_stm32g4xx.o
 .debug_aranges
                0x00000000000002d0       0x28 ./Core/Startup/startup_stm32g474retx.o
 .debug_aranges
                0x00000000000002f8      0x130 ./Drivers/STM32G4xx_HAL_Driver/Src/stm32g4xx_hal.o
 .debug_aranges
                0x0000000000000428      0x248 ./Drivers/STM32G4xx_HAL_Driver/Src/stm32g4xx_hal_adc.o
 .debug_aranges
                0x0000000000000670      0x1c0 ./Drivers/STM32G4xx_HAL_Driver/Src/stm32g4xx_hal_adc_ex.o
 .debug_aranges
                0x0000000000000830      0x118 ./Drivers/STM32G4xx_HAL_Driver/Src/stm32g4xx_hal_cortex.o
 .debug_aranges
                0x0000000000000948       0x90 ./Drivers/STM32G4xx_HAL_Driver/Src/stm32g4xx_hal_dma.o
 .debug_aranges
                0x00000000000009d8      0x208 ./Drivers/STM32G4xx_HAL_Driver/Src/stm32g4xx_hal_fdcan.o
 .debug_aranges
                0x0000000000000be0       0x58 ./Drivers/STM32G4xx_HAL_Driver/Src/stm32g4xx_hal_gpio.o
 .debug_aranges
                0x0000000000000c38      0x140 ./Drivers/STM32G4xx_HAL_Driver/Src/stm32g4xx_hal_pwr_ex.o
 .debug_aranges
                0x0000000000000d78       0x98 ./Drivers/STM32G4xx_HAL_Driver/Src/stm32g4xx_hal_rcc.o
 .debug_aranges
                0x0000000000000e10       0xb0 ./Drivers/STM32G4xx_HAL_Driver/Src/stm32g4xx_hal_rcc_ex.o
 .debug_aranges
                0x0000000000000ec0       0xe8 ./Drivers/STM32G4xx_HAL_Driver/Src/stm32g4xx_hal_rtc.o
 .debug_aranges
                0x0000000000000fa8      0x1d8 ./Drivers/STM32G4xx_HAL_Driver/Src/stm32g4xx_hal_spi.o
 .debug_aranges
                0x0000000000001180      0x3e0 ./Drivers/STM32G4xx_HAL_Driver/Src/stm32g4xx_hal_tim.o
 .debug_aranges
                0x0000000000001560      0x240 ./Drivers/STM32G4xx_HAL_Driver/Src/stm32g4xx_hal_tim_ex.o

.debug_ranges   0x0000000000000000     0x16b0
 .debug_ranges  0x0000000000000000       0xe0 ./Core/Src/ltc6811.o
 .debug_ranges  0x00000000000000e0       0xf8 ./Core/Src/main.o
 .debug_ranges  0x00000000000001d8       0x68 ./Core/Src/stm32g4xx_hal_msp.o
 .debug_ranges  0x0000000000000240       0x70 ./Core/Src/stm32g4xx_it.o
 .debug_ranges  0x00000000000002b0       0x18 ./Core/Src/system_stm32g4xx.o
 .debug_ranges  0x00000000000002c8       0x20 ./Core/Startup/startup_stm32g474retx.o
 .debug_ranges  0x00000000000002e8      0x120 ./Drivers/STM32G4xx_HAL_Driver/Src/stm32g4xx_hal.o
 .debug_ranges  0x0000000000000408      0x238 ./Drivers/STM32G4xx_HAL_Driver/Src/stm32g4xx_hal_adc.o
 .debug_ranges  0x0000000000000640      0x1b0 ./Drivers/STM32G4xx_HAL_Driver/Src/stm32g4xx_hal_adc_ex.o
 .debug_ranges  0x00000000000007f0      0x108 ./Drivers/STM32G4xx_HAL_Driver/Src/stm32g4xx_hal_cortex.o
 .debug_ranges  0x00000000000008f8       0x80 ./Drivers/STM32G4xx_HAL_Driver/Src/stm32g4xx_hal_dma.o
 .debug_ranges  0x0000000000000978      0x1f8 ./Drivers/STM32G4xx_HAL_Driver/Src/stm32g4xx_hal_fdcan.o
 .debug_ranges  0x0000000000000b70       0x48 ./Drivers/STM32G4xx_HAL_Driver/Src/stm32g4xx_hal_gpio.o
 .debug_ranges  0x0000000000000bb8      0x130 ./Drivers/STM32G4xx_HAL_Driver/Src/stm32g4xx_hal_pwr_ex.o
 .debug_ranges  0x0000000000000ce8       0x88 ./Drivers/STM32G4xx_HAL_Driver/Src/stm32g4xx_hal_rcc.o
 .debug_ranges  0x0000000000000d70       0xa0 ./Drivers/STM32G4xx_HAL_Driver/Src/stm32g4xx_hal_rcc_ex.o
 .debug_ranges  0x0000000000000e10       0xd8 ./Drivers/STM32G4xx_HAL_Driver/Src/stm32g4xx_hal_rtc.o
 .debug_ranges  0x0000000000000ee8      0x1c8 ./Drivers/STM32G4xx_HAL_Driver/Src/stm32g4xx_hal_spi.o
 .debug_ranges  0x00000000000010b0      0x3d0 ./Drivers/STM32G4xx_HAL_Driver/Src/stm32g4xx_hal_tim.o
 .debug_ranges  0x0000000000001480      0x230 ./Drivers/STM32G4xx_HAL_Driver/Src/stm32g4xx_hal_tim_ex.o

.debug_macro    0x0000000000000000    0x29efa
 .debug_macro   0x0000000000000000      0x317 ./Core/Src/ltc6811.o
 .debug_macro   0x0000000000000317      0xa78 ./Core/Src/ltc6811.o
 .debug_macro   0x0000000000000d8f      0x16d ./Core/Src/ltc6811.o
 .debug_macro   0x0000000000000efc       0x2e ./Core/Src/ltc6811.o
 .debug_macro   0x0000000000000f2a       0x28 ./Core/Src/ltc6811.o
 .debug_macro   0x0000000000000f52       0x22 ./Core/Src/ltc6811.o
 .debug_macro   0x0000000000000f74       0x8e ./Core/Src/ltc6811.o
 .debug_macro   0x0000000000001002       0x51 ./Core/Src/ltc6811.o
 .debug_macro   0x0000000000001053      0x103 ./Core/Src/ltc6811.o
 .debug_macro   0x0000000000001156       0x6a ./Core/Src/ltc6811.o
 .debug_macro   0x00000000000011c0      0x1df ./Core/Src/ltc6811.o
 .debug_macro   0x000000000000139f       0x1c ./Core/Src/ltc6811.o
 .debug_macro   0x00000000000013bb       0x22 ./Core/Src/ltc6811.o
 .debug_macro   0x00000000000013dd       0xfb ./Core/Src/ltc6811.o
 .debug_macro   0x00000000000014d8     0x1011 ./Core/Src/ltc6811.o
 .debug_macro   0x00000000000024e9      0x11f ./Core/Src/ltc6811.o
 .debug_macro   0x0000000000002608    0x18b93 ./Core/Src/ltc6811.o
 .debug_macro   0x000000000001b19b       0x6d ./Core/Src/ltc6811.o
 .debug_macro   0x000000000001b208     0x3554 ./Core/Src/ltc6811.o
 .debug_macro   0x000000000001e75c      0x174 ./Core/Src/ltc6811.o
 .debug_macro   0x000000000001e8d0       0x5c ./Core/Src/ltc6811.o
 .debug_macro   0x000000000001e92c     0x171f ./Core/Src/ltc6811.o
 .debug_macro   0x000000000002004b      0x600 ./Core/Src/ltc6811.o
 .debug_macro   0x000000000002064b      0x1b6 ./Core/Src/ltc6811.o
 .debug_macro   0x0000000000020801      0x34a ./Core/Src/ltc6811.o
 .debug_macro   0x0000000000020b4b      0x53c ./Core/Src/ltc6811.o
 .debug_macro   0x0000000000021087      0x18b ./Core/Src/ltc6811.o
 .debug_macro   0x0000000000021212       0x43 ./Core/Src/ltc6811.o
 .debug_macro   0x0000000000021255      0x23d ./Core/Src/ltc6811.o
 .debug_macro   0x0000000000021492     0x10fd ./Core/Src/ltc6811.o
 .debug_macro   0x000000000002258f      0x72e ./Core/Src/ltc6811.o
 .debug_macro   0x0000000000022cbd      0x391 ./Core/Src/ltc6811.o
 .debug_macro   0x000000000002304e      0x211 ./Core/Src/ltc6811.o
 .debug_macro   0x000000000002325f      0x6af ./Core/Src/ltc6811.o
 .debug_macro   0x000000000002390e      0x45c ./Core/Src/ltc6811.o
 .debug_macro   0x0000000000023d6a      0x11c ./Core/Src/ltc6811.o
 .debug_macro   0x0000000000023e86      0x122 ./Core/Src/ltc6811.o
 .debug_macro   0x0000000000023fa8      0x3d1 ./Core/Src/ltc6811.o
 .debug_macro   0x0000000000024379      0x360 ./Core/Src/ltc6811.o
 .debug_macro   0x00000000000246d9      0x5b3 ./Core/Src/ltc6811.o
 .debug_macro   0x0000000000024c8c       0xdd ./Core/Src/ltc6811.o
 .debug_macro   0x0000000000024d69      0x2fe ./Core/Src/ltc6811.o
 .debug_macro   0x0000000000025067      0xbef ./Core/Src/ltc6811.o
 .debug_macro   0x0000000000025c56      0x718 ./Core/Src/ltc6811.o
 .debug_macro   0x000000000002636e      0x358 ./Core/Src/ltc6811.o
 .debug_macro   0x00000000000266c6       0x28 ./Core/Src/ltc6811.o
 .debug_macro   0x00000000000266ee       0x22 ./Core/Src/ltc6811.o
 .debug_macro   0x0000000000026710      0x233 ./Core/Src/ltc6811.o
 .debug_macro   0x0000000000026943       0x52 ./Core/Src/ltc6811.o
 .debug_macro   0x0000000000026995       0x1e ./Core/Src/ltc6811.o
 .debug_macro   0x00000000000269b3       0x3c ./Core/Src/ltc6811.o
 .debug_macro   0x00000000000269ef       0x3a ./Core/Src/ltc6811.o
 .debug_macro   0x0000000000026a29       0x35 ./Core/Src/ltc6811.o
 .debug_macro   0x0000000000026a5e      0x460 ./Core/Src/ltc6811.o
 .debug_macro   0x0000000000026ebe       0x16 ./Core/Src/ltc6811.o
 .debug_macro   0x0000000000026ed4       0x43 ./Core/Src/ltc6811.o
 .debug_macro   0x0000000000026f17       0x34 ./Core/Src/ltc6811.o
 .debug_macro   0x0000000000026f4b       0x10 ./Core/Src/ltc6811.o
 .debug_macro   0x0000000000026f5b       0x58 ./Core/Src/ltc6811.o
 .debug_macro   0x0000000000026fb3       0x71 ./Core/Src/ltc6811.o
 .debug_macro   0x0000000000027024       0x1c ./Core/Src/ltc6811.o
 .debug_macro   0x0000000000027040      0x12a ./Core/Src/ltc6811.o
 .debug_macro   0x000000000002716a      0x341 ./Core/Src/ltc6811.o
 .debug_macro   0x00000000000274ab      0x19b ./Core/Src/ltc6811.o
 .debug_macro   0x0000000000027646      0x2ea ./Core/Src/main.o
 .debug_macro   0x0000000000027930      0x224 ./Core/Src/stm32g4xx_hal_msp.o
 .debug_macro   0x0000000000027b54      0x22e ./Core/Src/stm32g4xx_it.o
 .debug_macro   0x0000000000027d82      0x215 ./Core/Src/system_stm32g4xx.o
 .debug_macro   0x0000000000027f97      0x263 ./Drivers/STM32G4xx_HAL_Driver/Src/stm32g4xx_hal.o
 .debug_macro   0x00000000000281fa      0x232 ./Drivers/STM32G4xx_HAL_Driver/Src/stm32g4xx_hal_adc.o
 .debug_macro   0x000000000002842c      0x221 ./Drivers/STM32G4xx_HAL_Driver/Src/stm32g4xx_hal_adc_ex.o
 .debug_macro   0x000000000002864d      0x215 ./Drivers/STM32G4xx_HAL_Driver/Src/stm32g4xx_hal_cortex.o
 .debug_macro   0x0000000000028862      0x215 ./Drivers/STM32G4xx_HAL_Driver/Src/stm32g4xx_hal_dma.o
 .debug_macro   0x0000000000028a77      0x327 ./Drivers/STM32G4xx_HAL_Driver/Src/stm32g4xx_hal_fdcan.o
 .debug_macro   0x0000000000028d9e      0x21c ./Drivers/STM32G4xx_HAL_Driver/Src/stm32g4xx_hal_gpio.o
 .debug_macro   0x0000000000028fba      0x23f ./Drivers/STM32G4xx_HAL_Driver/Src/stm32g4xx_hal_pwr_ex.o
 .debug_macro   0x00000000000291f9      0x257 ./Drivers/STM32G4xx_HAL_Driver/Src/stm32g4xx_hal_rcc.o
 .debug_macro   0x0000000000029450      0x23f ./Drivers/STM32G4xx_HAL_Driver/Src/stm32g4xx_hal_rcc_ex.o
 .debug_macro   0x000000000002968f      0x216 ./Drivers/STM32G4xx_HAL_Driver/Src/stm32g4xx_hal_rtc.o
 .debug_macro   0x00000000000298a5      0x21d ./Drivers/STM32G4xx_HAL_Driver/Src/stm32g4xx_hal_spi.o
 .debug_macro   0x0000000000029ac2      0x21d ./Drivers/STM32G4xx_HAL_Driver/Src/stm32g4xx_hal_tim.o
 .debug_macro   0x0000000000029cdf      0x21b ./Drivers/STM32G4xx_HAL_Driver/Src/stm32g4xx_hal_tim_ex.o

.debug_line     0x0000000000000000    0x18434
 .debug_line    0x0000000000000000      0xf82 ./Core/Src/ltc6811.o
 .debug_line    0x0000000000000f82     0x10cf ./Core/Src/main.o
 .debug_line    0x0000000000002051      0xa82 ./Core/Src/stm32g4xx_hal_msp.o
 .debug_line    0x0000000000002ad3      0x891 ./Core/Src/stm32g4xx_it.o
 .debug_line    0x0000000000003364      0x7d7 ./Core/Src/system_stm32g4xx.o
 .debug_line    0x0000000000003b3b       0x89 ./Core/Startup/startup_stm32g474retx.o
 .debug_line    0x0000000000003bc4      0xb4e ./Drivers/STM32G4xx_HAL_Driver/Src/stm32g4xx_hal.o
 .debug_line    0x0000000000004712     0x21b5 ./Drivers/STM32G4xx_HAL_Driver/Src/stm32g4xx_hal_adc.o
 .debug_line    0x00000000000068c7     0x1b8c ./Drivers/STM32G4xx_HAL_Driver/Src/stm32g4xx_hal_adc_ex.o
 .debug_line    0x0000000000008453      0xd01 ./Drivers/STM32G4xx_HAL_Driver/Src/stm32g4xx_hal_cortex.o
 .debug_line    0x0000000000009154      0xeba ./Drivers/STM32G4xx_HAL_Driver/Src/stm32g4xx_hal_dma.o
 .debug_line    0x000000000000a00e     0x18c7 ./Drivers/STM32G4xx_HAL_Driver/Src/stm32g4xx_hal_fdcan.o
 .debug_line    0x000000000000b8d5      0xb91 ./Drivers/STM32G4xx_HAL_Driver/Src/stm32g4xx_hal_gpio.o
 .debug_line    0x000000000000c466      0xd05 ./Drivers/STM32G4xx_HAL_Driver/Src/stm32g4xx_hal_pwr_ex.o
 .debug_line    0x000000000000d16b      0xf64 ./Drivers/STM32G4xx_HAL_Driver/Src/stm32g4xx_hal_rcc.o
 .debug_line    0x000000000000e0cf     0x1271 ./Drivers/STM32G4xx_HAL_Driver/Src/stm32g4xx_hal_rcc_ex.o
 .debug_line    0x000000000000f340     0x1033 ./Drivers/STM32G4xx_HAL_Driver/Src/stm32g4xx_hal_rtc.o