../Core/Src/ltc6811.c:13:6:init_PEC15_Table	24	static
../Core/Src/ltc6811.c:37:10:pec15	32	static
../Core/Src/ltc6811.c:52:6:init_LTC6811	8	static
../Core/Src/ltc6811.c:58:6:update_config	24	static
../Core/Src/ltc6811.c:83:6:wake_sleep	8	static
../Core/Src/ltc6811.c:95:6:wake_standby	8	static
../Core/Src/ltc6811.c:107:6:broadcast_command	24	static
../Core/Src/ltc6811.c:139:6:broadcast_write	32	static
../Core/Src/ltc6811.c:185:6:address_write	32	static
../Core/Src/ltc6811.c:229:6:address_read	48	static
../Core/Src/ltc6811.c:282:6:extract_voltage_reg	24	static
../Core/Src/ltc6811.c:300:6:extract_all_voltages	88	static
../Core/Src/ltc6811.c:325:6:read_all_voltages	24	static
../Core/Src/ltc6811.c:337:6:generate_i2c	24	static
../Core/Src/ltc6811.c:371:6:send_comm	16	static
../Core/Src/ltc6811.c:389:6:broadcast_command_stcomm	40	static
../Core/Src/ltc6811.c:421:8:calc_temp	40	static
../Core/Src/ltc6811.c:436:5:read_all_temps	152	static
