../Core/Src/main.c:152:6:send_can1	64	static
../Core/Src/main.c:170:6:send_can2	64	static
../Core/Src/main.c:207:10:vcu_adc_read_millivolts	64	static
../Core/Src/main.c:239:9:current_sense_voltage_to_current	24	static
../Core/Src/main.c:249:6:reset_SOC	16	static
../Core/Src/main.c:259:6:update_SOC	32	static
../Core/Src/main.c:276:6:update_moving_average	16	static
../Core/Src/main.c:282:5:check_fusable_link	16	static
../Core/Src/main.c:292:6:set_moving_average	24	static
../Core/Src/main.c:300:5:check_imd_measure	4	static
../Core/Src/main.c:334:6:check_imd_status	8	static
../Core/Src/main.c:359:6:set_fan_duty	16	static
../Core/Src/main.c:366:7:calc_voltage_from_adc	24	static
../Core/Src/main.c:372:6:discharge_cell_on	16	static
../Core/Src/main.c:378:6:discharge_cell_off	16	static
../Core/Src/main.c:385:5:check_voltages	24	static
../Core/Src/main.c:400:6:HAL_FDCAN_RxFifo0Callback	16	static
../Core/Src/main.c:419:5:check_empty_voltages	16	static
../Core/Src/main.c:441:5:main	80	static
../Core/Src/main.c:727:6:SystemClock_Config	88	static
../Core/Src/main.c:775:13:MX_ADC1_Init	56	static
../Core/Src/main.c:843:13:MX_ADC2_Init	40	static
../Core/Src/main.c:911:13:MX_FDCAN1_Init	8	static
../Core/Src/main.c:954:13:MX_FDCAN2_Init	8	static
../Core/Src/main.c:997:13:MX_RTC_Init	32	static
../Core/Src/main.c:1063:13:MX_SPI3_Init	8	static
../Core/Src/main.c:1103:13:MX_TIM2_Init	64	static
../Core/Src/main.c:1162:13:MX_TIM15_Init	72	static
../Core/Src/main.c:1235:13:MX_DMA_Init	16	static
../Core/Src/main.c:1257:13:MX_GPIO_Init	48	static
../Core/Src/main.c:1302:6:Error_Handler	4	static,ignoring_inline_asm
