../Core/Src/main.c:131:10:vcu_adc_read_millivolts	64	static
../Core/Src/main.c:163:9:current_sense_voltage_to_current	24	static
../Core/Src/main.c:173:6:reset_SOC	16	static
../Core/Src/main.c:183:6:update_SOC	32	static
../Core/Src/main.c:200:6:update_moving_average	16	static
../Core/Src/main.c:206:5:check_fusable_link	16	static
../Core/Src/main.c:216:6:set_moving_average	24	static
../Core/Src/main.c:232:5:main	40	static
../Core/Src/main.c:377:6:SystemClock_Config	88	static
../Core/Src/main.c:425:13:MX_ADC1_Init	56	static
../Core/Src/main.c:493:13:MX_FDCAN1_Init	8	static
../Core/Src/main.c:536:13:MX_FDCAN2_Init	8	static
../Core/Src/main.c:579:13:MX_RTC_Init	32	static
../Core/Src/main.c:645:13:MX_SPI3_Init	8	static
../Core/Src/main.c:683:13:MX_DMA_Init	16	static
../Core/Src/main.c:702:13:MX_GPIO_Init	40	static
../Core/Src/main.c:750:6:Error_Handler	4	static,ignoring_inline_asm
